#
# There is insufficient memory for the Java Runtime Environment to continue.
# Native memory allocation (malloc) failed to allocate 1820016 bytes. Error detail: Chunk::new
# Possible reasons:
#   The system is out of physical RAM or swap space
#   This process is running with CompressedOops enabled, and the Java Heap may be blocking the growth of the native heap
# Possible solutions:
#   Reduce memory load on the system
#   Increase physical memory or swap space
#   Check if swap backing store is full
#   Decrease Java heap size (-Xmx/-Xms)
#   Decrease number of Java threads
#   Decrease Java thread stack sizes (-Xss)
#   Set larger code cache with -XX:ReservedCodeCacheSize=
#   JVM is running with Unscaled Compressed Oops mode in which the Java heap is
#     placed in the first 4GB address space. The Java Heap base address is the
#     maximum limit for the native heap growth. Please use -XX:HeapBaseMinAddress
#     to set the Java Heap base and to place the Java Heap above 4GB virtual address.
# This output file may be truncated or incomplete.
#
#  Out of Memory Error (arena.cpp:168), pid=23508, tid=3368
#
# JRE version: OpenJDK Runtime Environment Temurin-21.0.9+10 (21.0.9+10) (build 21.0.9+10-LTS)
# Java VM: OpenJDK 64-Bit Server VM Temurin-21.0.9+10 (21.0.9+10-LTS, mixed mode, sharing, tiered, compressed oops, compressed class ptrs, parallel gc, windows-amd64)
# No core dump will be written. Minidumps are not enabled by default on client versions of Windows
#

---------------  S U M M A R Y ------------

Command Line: --add-modules=ALL-SYSTEM --add-opens=java.base/java.util=ALL-UNNAMED --add-opens=java.base/java.lang=ALL-UNNAMED --add-opens=java.base/sun.nio.fs=ALL-UNNAMED -Declipse.application=org.eclipse.jdt.ls.core.id1 -Dosgi.bundles.defaultStartLevel=4 -Declipse.product=org.eclipse.jdt.ls.core.product -Djava.import.generatesMetadataFilesAtProjectRoot=false -DDetectVMInstallationsJob.disabled=true -Dfile.encoding=utf8 -XX:+UseParallelGC -XX:GCTimeRatio=4 -XX:AdaptiveSizePolicyWeight=90 -Dsun.zip.disableMemoryMapping=true -Xmx2G -Xms100m -Xlog:disable -javaagent:c:\Users\Samsung\.vscode\extensions\redhat.java-1.52.0-win32-x64\lombok\lombok-1.18.39-4050.jar c:\Users\Samsung\.vscode\extensions\redhat.java-1.52.0-win32-x64\server\plugins\org.eclipse.equinox.launcher_1.7.100.v20251111-0406.jar -configuration c:\Users\Samsung\AppData\Roaming\Code\User\globalStorage\redhat.java\1.52.0\config_ss_win -data c:\Users\Samsung\AppData\Roaming\Code\User\workspaceStorage\6cce423cff973bb9147ea5f431cc257a\redhat.java\ss_ws --pipe=\\.\pipe\lsp-0031a3230772ac01fdc28a1f2da94721-sock

Host: 11th Gen Intel(R) Core(TM) i5-1135G7 @ 2.40GHz, 8 cores, 7G,  Windows 11 , 64 bit Build 26100 (10.0.26100.7623)
Time: Sat Feb  7 17:30:08 2026 ora solare Europa occidentale elapsed time: 13.508910 seconds (0d 0h 0m 13s)

---------------  T H R E A D  ---------------

Current thread (0x00000183fe87e450):  JavaThread "C2 CompilerThread0" daemon [_thread_in_native, id=3368, stack(0x0000004afe300000,0x0000004afe400000) (1024K)]


Current CompileTask:
C2:13508 2263       4       org.apache.felix.resolver.PackageSpaces::mergeUses (494 bytes)

Stack: [0x0000004afe300000,0x0000004afe400000]
Native frames: (J=compiled Java code, j=interpreted, Vv=VM code, C=native code)
V  [jvm.dll+0x6d6e29]
V  [jvm.dll+0x8b4b76]
V  [jvm.dll+0x8b712e]
V  [jvm.dll+0x8b7813]
V  [jvm.dll+0x283d86]
V  [jvm.dll+0xc66ed]
V  [jvm.dll+0xc6c31]
V  [jvm.dll+0x3be501]
V  [jvm.dll+0x1e3d59]
V  [jvm.dll+0x24c0f3]
V  [jvm.dll+0x24b580]
V  [jvm.dll+0x1cb13e]
V  [jvm.dll+0x25b29d]
V  [jvm.dll+0x25982a]
V  [jvm.dll+0x3f7ea6]
V  [jvm.dll+0x85e9ad]
V  [jvm.dll+0x6d565d]
C  [ucrtbase.dll+0x37b0]
C  [KERNEL32.DLL+0x2e8d7]
C  [ntdll.dll+0x8c53c]


---------------  P R O C E S S  ---------------

Threads class SMR info:
_java_thread_list=0x00000183d0c2dc00, length=24, elements={
0x00000183f4ce2000, 0x00000183fe8483e0, 0x00000183f4f2cdb0, 0x00000183fe84a540,
0x00000183fe84b340, 0x00000183fe8718b0, 0x00000183fe8737c0, 0x00000183fe87e450,
0x00000183d02526d0, 0x00000183d046ffd0, 0x00000183d058bd50, 0x00000183d0c16b00,
0x00000183d0a82e10, 0x00000183d0476d90, 0x00000183d54838d0, 0x00000183d0de0560,
0x00000183d53d4030, 0x00000183d53d4690, 0x00000183d5374ea0, 0x00000183d5367d30,
0x00000183d53662f0, 0x00000183d53690e0, 0x00000183d53683c0, 0x00000183d53676a0
}

Java Threads: ( => current thread )
  0x00000183f4ce2000 JavaThread "main"                              [_thread_blocked, id=23000, stack(0x0000004afd900000,0x0000004afda00000) (1024K)]
  0x00000183fe8483e0 JavaThread "Reference Handler"          daemon [_thread_blocked, id=22988, stack(0x0000004afdd00000,0x0000004afde00000) (1024K)]
  0x00000183f4f2cdb0 JavaThread "Finalizer"                  daemon [_thread_blocked, id=21044, stack(0x0000004afde00000,0x0000004afdf00000) (1024K)]
  0x00000183fe84a540 JavaThread "Signal Dispatcher"          daemon [_thread_blocked, id=23232, stack(0x0000004afdf00000,0x0000004afe000000) (1024K)]
  0x00000183fe84b340 JavaThread "Attach Listener"            daemon [_thread_blocked, id=5252, stack(0x0000004afe000000,0x0000004afe100000) (1024K)]
  0x00000183fe8718b0 JavaThread "Service Thread"             daemon [_thread_blocked, id=18416, stack(0x0000004afe100000,0x0000004afe200000) (1024K)]
  0x00000183fe8737c0 JavaThread "Monitor Deflation Thread"   daemon [_thread_blocked, id=16868, stack(0x0000004afe200000,0x0000004afe300000) (1024K)]
=>0x00000183fe87e450 JavaThread "C2 CompilerThread0"         daemon [_thread_in_native, id=3368, stack(0x0000004afe300000,0x0000004afe400000) (1024K)]
  0x00000183d02526d0 JavaThread "C1 CompilerThread0"         daemon [_thread_blocked, id=21980, stack(0x0000004afe400000,0x0000004afe500000) (1024K)]
  0x00000183d046ffd0 JavaThread "Common-Cleaner"             daemon [_thread_blocked, id=19676, stack(0x0000004afe600000,0x0000004afe700000) (1024K)]
  0x00000183d058bd50 JavaThread "Notification Thread"        daemon [_thread_blocked, id=19316, stack(0x0000004afe700000,0x0000004afe800000) (1024K)]
  0x00000183d0c16b00 JavaThread "Active Thread: Equinox Container: 22efe05a-5b38-49c8-8f13-495cc60af124"        [_thread_blocked, id=7464, stack(0x0000004aff400000,0x0000004aff500000) (1024K)]
  0x00000183d0a82e10 JavaThread "Framework Event Dispatcher: Equinox Container: 22efe05a-5b38-49c8-8f13-495cc60af124" daemon [_thread_blocked, id=23948, stack(0x0000004afe500000,0x0000004afe600000) (1024K)]
  0x00000183d0476d90 JavaThread "Start Level: Equinox Container: 22efe05a-5b38-49c8-8f13-495cc60af124" daemon [_thread_in_vm, id=23956, stack(0x0000004afee00000,0x0000004afef00000) (1024K)]
  0x00000183d54838d0 JavaThread "Refresh Thread: Equinox Container: 22efe05a-5b38-49c8-8f13-495cc60af124" daemon [_thread_blocked, id=23988, stack(0x0000004aff200000,0x0000004aff300000) (1024K)]
  0x00000183d0de0560 JavaThread "Equinox resolver thread - Equinox Container: 22efe05a-5b38-49c8-8f13-495cc60af124" daemon [_thread_blocked, id=23996, stack(0x0000004aff300000,0x0000004aff400000) (1024K)]
  0x00000183d53d4030 JavaThread "Equinox resolver thread - Equinox Container: 22efe05a-5b38-49c8-8f13-495cc60af124" daemon [_thread_blocked, id=24000, stack(0x0000004aff500000,0x0000004aff600000) (1024K)]
  0x00000183d53d4690 JavaThread "Equinox resolver thread - Equinox Container: 22efe05a-5b38-49c8-8f13-495cc60af124" daemon [_thread_blocked, id=24004, stack(0x0000004aff600000,0x0000004aff700000) (1024K)]
  0x00000183d5374ea0 JavaThread "Equinox resolver thread - Equinox Container: 22efe05a-5b38-49c8-8f13-495cc60af124" daemon [_thread_blocked, id=24008, stack(0x0000004aff700000,0x0000004aff800000) (1024K)]
  0x00000183d5367d30 JavaThread "Equinox resolver thread - Equinox Container: 22efe05a-5b38-49c8-8f13-495cc60af124" daemon [_thread_blocked, id=24012, stack(0x0000004aff800000,0x0000004aff900000) (1024K)]
  0x00000183d53662f0 JavaThread "Equinox resolver thread - Equinox Container: 22efe05a-5b38-49c8-8f13-495cc60af124" daemon [_thread_blocked, id=24016, stack(0x0000004aff900000,0x0000004affa00000) (1024K)]
  0x00000183d53690e0 JavaThread "Equinox resolver thread - Equinox Container: 22efe05a-5b38-49c8-8f13-495cc60af124" daemon [_thread_blocked, id=24020, stack(0x0000004affa00000,0x0000004affb00000) (1024K)]
  0x00000183d53683c0 JavaThread "Equinox resolver thread - Equinox Container: 22efe05a-5b38-49c8-8f13-495cc60af124" daemon [_thread_blocked, id=24024, stack(0x0000004affb00000,0x0000004affc00000) (1024K)]
  0x00000183d53676a0 JavaThread "SCR Component Actor"        daemon [_thread_blocked, id=24040, stack(0x0000004affc00000,0x0000004affd00000) (1024K)]
Total: 24

Other Threads:
  0x00000183f4f169f0 VMThread "VM Thread"                           [id=21784, stack(0x0000004afdc00000,0x0000004afdd00000) (1024K)]
  0x00000183f4ee5560 WatcherThread "VM Periodic Task Thread"        [id=5256, stack(0x0000004afdb00000,0x0000004afdc00000) (1024K)]
  0x00000183f4e99190 WorkerThread "GC Thread#0"                     [id=22588, stack(0x0000004afda00000,0x0000004afdb00000) (1024K)]
  0x00000183d0a27150 WorkerThread "GC Thread#1"                     [id=17896, stack(0x0000004afe800000,0x0000004afe900000) (1024K)]
  0x00000183d0ab1d30 WorkerThread "GC Thread#2"                     [id=20964, stack(0x0000004afe900000,0x0000004afea00000) (1024K)]
  0x00000183d0ab20d0 WorkerThread "GC Thread#3"                     [id=20944, stack(0x0000004afea00000,0x0000004afeb00000) (1024K)]
  0x00000183d0c5fec0 WorkerThread "GC Thread#4"                     [id=2960, stack(0x0000004afeb00000,0x0000004afec00000) (1024K)]
  0x00000183d0c60260 WorkerThread "GC Thread#5"                     [id=7908, stack(0x0000004afec00000,0x0000004afed00000) (1024K)]
  0x00000183d0c60600 WorkerThread "GC Thread#6"                     [id=22936, stack(0x0000004afed00000,0x0000004afee00000) (1024K)]
  0x00000183d5021e80 WorkerThread "GC Thread#7"                     [id=23968, stack(0x0000004afef00000,0x0000004aff000000) (1024K)]
Total: 10

Threads with active compile tasks:
C2 CompilerThread0  13535 2263       4       org.apache.felix.resolver.PackageSpaces::mergeUses (494 bytes)
Total: 1

VM state: not at safepoint (normal execution)

VM Mutex/Monitor currently owned by a thread: None

Heap address: 0x0000000080000000, size: 2048 MB, Compressed Oops mode: 32-bit

CDS archive(s) mapped at: [0x000001838f000000-0x000001838fba0000-0x000001838fba0000), size 12189696, SharedBaseAddress: 0x000001838f000000, ArchiveRelocationMode: 1.
Compressed class space mapped at: 0x0000018390000000-0x00000183d0000000, reserved size: 1073741824
Narrow klass base: 0x000001838f000000, Narrow klass shift: 0, Narrow klass range: 0x100000000

GC Precious Log:
 CardTable entry size: 512
 CPUs: 8 total, 8 available
 Memory: 7915M
 Large Page Support: Disabled
 NUMA Support: Disabled
 Compressed Oops: Enabled (32-bit)
 Alignments: Space 512K, Generation 512K, Heap 2M
 Heap Min Capacity: 100M
 Heap Initial Capacity: 100M
 Heap Max Capacity: 2G
 Pre-touch: Disabled
 Parallel Workers: 8

Heap:
 PSYoungGen      total 29696K, used 4645K [0x00000000d5580000, 0x00000000d7680000, 0x0000000100000000)
  eden space 25600K, 2% used [0x00000000d5580000,0x00000000d5609f40,0x00000000d6e80000)
  from space 4096K, 99% used [0x00000000d7280000,0x00000000d767f7e8,0x00000000d7680000)
  to   space 4096K, 0% used [0x00000000d6e80000,0x00000000d6e80000,0x00000000d7280000)
 ParOldGen       total 68608K, used 8134K [0x0000000080000000, 0x0000000084300000, 0x00000000d5580000)
  object space 68608K, 11% used [0x0000000080000000,0x00000000807f1a18,0x0000000084300000)
 Metaspace       used 12770K, committed 13184K, reserved 1114112K
  class space    used 1331K, committed 1536K, reserved 1048576K

Card table byte_map: [0x00000183f9b90000,0x00000183f9fa0000] _byte_map_base: 0x00000183f9790000

Marking Bits: (ParMarkBitMap*) 0x00007ffa1d3f2460
 Begin Bits: [0x00000183fa250000, 0x00000183fc250000)
 End Bits:   [0x00000183fc250000, 0x00000183fe250000)

Polling page: 0x00000183f4f30000

Metaspace:

Usage:
  Non-class:     11.17 MB used.
      Class:      1.30 MB used.
       Both:     12.47 MB used.

Virtual space:
  Non-class space:       64.00 MB reserved,      11.38 MB ( 18%) committed,  1 nodes.
      Class space:        1.00 GB reserved,       1.50 MB ( <1%) committed,  1 nodes.
             Both:        1.06 GB reserved,      12.88 MB (  1%) committed. 

Chunk freelists:
   Non-Class:  4.44 MB
       Class:  14.54 MB
        Both:  18.98 MB

MaxMetaspaceSize: unlimited
CompressedClassSpaceSize: 1.00 GB
Initial GC threshold: 21.00 MB
Current GC threshold: 21.00 MB
CDS: on
 - commit_granule_bytes: 65536.
 - commit_granule_words: 8192.
 - virtual_space_node_default_size: 8388608.
 - enlarge_chunks_in_place: 1.
 - use_allocation_guard: 0.


Internal statistics:

num_allocs_failed_limit: 0.
num_arena_births: 296.
num_arena_deaths: 0.
num_vsnodes_births: 2.
num_vsnodes_deaths: 0.
num_space_committed: 206.
num_space_uncommitted: 0.
num_chunks_returned_to_freelist: 0.
num_chunks_taken_from_freelist: 669.
num_chunk_merges: 0.
num_chunk_splits: 445.
num_chunks_enlarged: 307.
num_inconsistent_stats: 0.

CodeHeap 'non-profiled nmethods': size=120000Kb used=1158Kb max_used=1158Kb free=118841Kb
 bounds [0x0000018387ad0000, 0x0000018387d40000, 0x000001838f000000]
CodeHeap 'profiled nmethods': size=120000Kb used=5913Kb max_used=5913Kb free=114086Kb
 bounds [0x0000018380000000, 0x00000183805d0000, 0x0000018387530000]
CodeHeap 'non-nmethods': size=5760Kb used=1245Kb max_used=1261Kb free=4515Kb
 bounds [0x0000018387530000, 0x00000183877a0000, 0x0000018387ad0000]
CodeCache: size=245760Kb, used=8316Kb, max_used=8332Kb, free=237442Kb
 total_blobs=3382, nmethods=2882, adapters=406, full_count=0
Compilation: enabled, stopped_count=0, restarted_count=0

Compilation events (20 events):
Event: 12.499 Thread 0x00000183d0254fb0 nmethod 2850 0x0000018387bf0510 code [0x0000018387bf06c0, 0x0000018387bf08a8]
Event: 12.499 Thread 0x00000183d02526d0 nmethod 2855 0x00000183805a1f10 code [0x00000183805a2120, 0x00000183805a2640]
Event: 12.499 Thread 0x00000183d02526d0 2856       3       java.util.concurrent.locks.ReentrantLock::newCondition (8 bytes)
Event: 12.499 Thread 0x00000183d02526d0 nmethod 2856 0x00000183805a2890 code [0x00000183805a2a40, 0x00000183805a2ce8]
Event: 12.499 Thread 0x00000183d02526d0 2857       3       java.util.concurrent.ConcurrentLinkedQueue::updateHead (26 bytes)
Event: 12.500 Thread 0x00000183d02526d0 nmethod 2857 0x00000183805a2e10 code [0x00000183805a3180, 0x00000183805a4690]
Event: 12.501 Thread 0x00000183d02526d0 2858       3       org.eclipse.osgi.container.ModuleWiring::getModuleLoader (15 bytes)
Event: 12.501 Thread 0x00000183d0252000 2859       4       java.util.ArrayList$SubList$1::hasNext (20 bytes)
Event: 12.501 Thread 0x00000183d02526d0 nmethod 2858 0x00000183805a4d90 code [0x00000183805a4f40, 0x00000183805a5180]
Event: 12.501 Thread 0x00000183d02526d0 2860       1       org.apache.felix.scr.impl.manager.ConfigurableComponentHolder::getLogger (5 bytes)
Event: 12.501 Thread 0x00000183d02526d0 nmethod 2860 0x0000018387bf0a90 code [0x0000018387bf0c20, 0x0000018387bf0ce8]
Event: 12.501 Thread 0x00000183d02526d0 2861       1       org.apache.felix.scr.impl.metadata.ReferenceMetadata::getName (5 bytes)
Event: 12.501 Thread 0x00000183d02526d0 nmethod 2861 0x0000018387bf0d90 code [0x0000018387bf0f20, 0x0000018387bf0fe8]
Event: 12.501 Thread 0x00000183d02526d0 2862       3       org.eclipse.osgi.container.ModuleContainer::checkAdminPermission (27 bytes)
Event: 12.501 Thread 0x00000183d0252000 nmethod 2859 0x0000018387bf1090 code [0x0000018387bf1220, 0x0000018387bf12d0]
Event: 12.501 Thread 0x00000183d02526d0 nmethod 2862 0x00000183805a5290 code [0x00000183805a5440, 0x00000183805a5688]
Event: 13.375 Thread 0x00000183d02526d0 2863       3       java.util.concurrent.Semaphore$NonfairSync::tryAcquireShared (6 bytes)
Event: 13.375 Thread 0x00000183d02526d0 nmethod 2863 0x00000183805a5790 code [0x00000183805a5940, 0x00000183805a5a78]
Event: 13.375 Thread 0x00000183d02526d0 2864       3       java.util.concurrent.Semaphore$Sync::nonfairTryAcquireShared (27 bytes)
Event: 13.376 Thread 0x00000183d02526d0 nmethod 2864 0x00000183805a5b10 code [0x00000183805a5cc0, 0x00000183805a5f10]

GC Heap History (6 events):
Event: 0.748 GC heap before
{Heap before GC invocations=1 (full 0):
 PSYoungGen      total 29696K, used 25600K [0x00000000d5580000, 0x00000000d7680000, 0x0000000100000000)
  eden space 25600K, 100% used [0x00000000d5580000,0x00000000d6e80000,0x00000000d6e80000)
  from space 4096K, 0% used [0x00000000d7280000,0x00000000d7280000,0x00000000d7680000)
  to   space 4096K, 0% used [0x00000000d6e80000,0x00000000d6e80000,0x00000000d7280000)
 ParOldGen       total 68608K, used 0K [0x0000000080000000, 0x0000000084300000, 0x00000000d5580000)
  object space 68608K, 0% used [0x0000000080000000,0x0000000080000000,0x0000000084300000)
 Metaspace       used 4469K, committed 4672K, reserved 1114112K
  class space    used 491K, committed 576K, reserved 1048576K
}
Event: 0.755 GC heap after
{Heap after GC invocations=1 (full 0):
 PSYoungGen      total 29696K, used 3255K [0x00000000d5580000, 0x00000000d7680000, 0x0000000100000000)
  eden space 25600K, 0% used [0x00000000d5580000,0x00000000d5580000,0x00000000d6e80000)
  from space 4096K, 79% used [0x00000000d6e80000,0x00000000d71adea8,0x00000000d7280000)
  to   space 4096K, 0% used [0x00000000d7280000,0x00000000d7280000,0x00000000d7680000)
 ParOldGen       total 68608K, used 16K [0x0000000080000000, 0x0000000084300000, 0x00000000d5580000)
  object space 68608K, 0% used [0x0000000080000000,0x0000000080004000,0x0000000084300000)
 Metaspace       used 4469K, committed 4672K, reserved 1114112K
  class space    used 491K, committed 576K, reserved 1048576K
}
Event: 11.516 GC heap before
{Heap before GC invocations=2 (full 0):
 PSYoungGen      total 29696K, used 28855K [0x00000000d5580000, 0x00000000d7680000, 0x0000000100000000)
  eden space 25600K, 100% used [0x00000000d5580000,0x00000000d6e80000,0x00000000d6e80000)
  from space 4096K, 79% used [0x00000000d6e80000,0x00000000d71adea8,0x00000000d7280000)
  to   space 4096K, 0% used [0x00000000d7280000,0x00000000d7280000,0x00000000d7680000)
 ParOldGen       total 68608K, used 16K [0x0000000080000000, 0x0000000084300000, 0x00000000d5580000)
  object space 68608K, 0% used [0x0000000080000000,0x0000000080004000,0x0000000084300000)
 Metaspace       used 8340K, committed 8640K, reserved 1114112K
  class space    used 887K, committed 1024K, reserved 1048576K
}
Event: 11.519 GC heap after
{Heap after GC invocations=2 (full 0):
 PSYoungGen      total 29696K, used 4092K [0x00000000d5580000, 0x00000000d7680000, 0x0000000100000000)
  eden space 25600K, 0% used [0x00000000d5580000,0x00000000d5580000,0x00000000d6e80000)
  from space 4096K, 99% used [0x00000000d7280000,0x00000000d767f240,0x00000000d7680000)
  to   space 4096K, 0% used [0x00000000d6e80000,0x00000000d6e80000,0x00000000d7280000)
 ParOldGen       total 68608K, used 289K [0x0000000080000000, 0x0000000084300000, 0x00000000d5580000)
  object space 68608K, 0% used [0x0000000080000000,0x0000000080048688,0x0000000084300000)
 Metaspace       used 8340K, committed 8640K, reserved 1114112K
  class space    used 887K, committed 1024K, reserved 1048576K
}
Event: 11.964 GC heap before
{Heap before GC invocations=3 (full 0):
 PSYoungGen      total 29696K, used 29692K [0x00000000d5580000, 0x00000000d7680000, 0x0000000100000000)
  eden space 25600K, 100% used [0x00000000d5580000,0x00000000d6e80000,0x00000000d6e80000)
  from space 4096K, 99% used [0x00000000d7280000,0x00000000d767f240,0x00000000d7680000)
  to   space 4096K, 0% used [0x00000000d6e80000,0x00000000d6e80000,0x00000000d7280000)
 ParOldGen       total 68608K, used 289K [0x0000000080000000, 0x0000000084300000, 0x00000000d5580000)
  object space 68608K, 0% used [0x0000000080000000,0x0000000080048688,0x0000000084300000)
 Metaspace       used 8847K, committed 9152K, reserved 1114112K
  class space    used 920K, committed 1088K, reserved 1048576K
}
Event: 11.971 GC heap after
{Heap after GC invocations=3 (full 0):
 PSYoungGen      total 29696K, used 4090K [0x00000000d5580000, 0x00000000d7680000, 0x0000000100000000)
  eden space 25600K, 0% used [0x00000000d5580000,0x00000000d5580000,0x00000000d6e80000)
  from space 4096K, 99% used [0x00000000d6e80000,0x00000000d727e9b8,0x00000000d7280000)
  to   space 4096K, 0% used [0x00000000d7280000,0x00000000d7280000,0x00000000d7680000)
 ParOldGen       total 68608K, used 6442K [0x0000000080000000, 0x0000000084300000, 0x00000000d5580000)
  object space 68608K, 9% used [0x0000000080000000,0x000000008064a8f8,0x0000000084300000)
 Metaspace       used 8847K, committed 9152K, reserved 1114112K
  class space    used 920K, committed 1088K, reserved 1048576K
}

Dll operation events (9 events):
Event: 0.010 Loaded shared library c:\Users\Samsung\.vscode\extensions\redhat.java-1.52.0-win32-x64\jre\21.0.9-win32-x86_64\bin\java.dll
Event: 0.053 Loaded shared library c:\Users\Samsung\.vscode\extensions\redhat.java-1.52.0-win32-x64\jre\21.0.9-win32-x86_64\bin\zip.dll
Event: 0.073 Loaded shared library C:\Users\Samsung\.vscode\extensions\redhat.java-1.52.0-win32-x64\jre\21.0.9-win32-x86_64\bin\instrument.dll
Event: 0.078 Loaded shared library C:\Users\Samsung\.vscode\extensions\redhat.java-1.52.0-win32-x64\jre\21.0.9-win32-x86_64\bin\net.dll
Event: 0.080 Loaded shared library C:\Users\Samsung\.vscode\extensions\redhat.java-1.52.0-win32-x64\jre\21.0.9-win32-x86_64\bin\nio.dll
Event: 0.082 Loaded shared library C:\Users\Samsung\.vscode\extensions\redhat.java-1.52.0-win32-x64\jre\21.0.9-win32-x86_64\bin\zip.dll
Event: 0.100 Loaded shared library C:\Users\Samsung\.vscode\extensions\redhat.java-1.52.0-win32-x64\jre\21.0.9-win32-x86_64\bin\jimage.dll
Event: 0.216 Loaded shared library c:\Users\Samsung\.vscode\extensions\redhat.java-1.52.0-win32-x64\jre\21.0.9-win32-x86_64\bin\verify.dll
Event: 11.895 Loaded shared library C:\Users\Samsung\AppData\Roaming\Code\User\globalStorage\redhat.java\1.52.0\config_ss_win\org.eclipse.equinox.launcher\org.eclipse.equinox.launcher.win32.win32.x86_64_1.2.1500.v20260121-1430\eclipse_11919.dll

Deoptimization events (20 events):
Event: 12.445 Thread 0x00000183d0476d90 Uncommon trap: trap_request=0xffffff45 fr.pc=0x0000018387b3753c relative=0x000000000000045c
Event: 12.445 Thread 0x00000183d0476d90 Uncommon trap: reason=unstable_if action=reinterpret pc=0x0000018387b3753c method=java.util.jar.Manifest$FastInputStream.readLine([BII)I @ 106 c2
Event: 12.445 Thread 0x00000183d0476d90 DEOPT PACKING pc=0x0000018387b3753c sp=0x0000004afeef8230
Event: 12.445 Thread 0x00000183d0476d90 DEOPT UNPACKING pc=0x0000018387586da2 sp=0x0000004afeef8168 mode 2
Event: 12.445 Thread 0x00000183d0476d90 Uncommon trap: trap_request=0xffffff45 fr.pc=0x0000018387b39ef0 relative=0x0000000000000490
Event: 12.445 Thread 0x00000183d0476d90 Uncommon trap: reason=unstable_if action=reinterpret pc=0x0000018387b39ef0 method=java.util.jar.Manifest$FastInputStream.readLine([BII)I @ 106 c2
Event: 12.445 Thread 0x00000183d0476d90 DEOPT PACKING pc=0x0000018387b39ef0 sp=0x0000004afeef81c0
Event: 12.445 Thread 0x00000183d0476d90 DEOPT UNPACKING pc=0x0000018387586da2 sp=0x0000004afeef8170 mode 2
Event: 12.445 Thread 0x00000183d0476d90 Uncommon trap: trap_request=0xffffff45 fr.pc=0x0000018387b3c7d8 relative=0x00000000000000b8
Event: 12.445 Thread 0x00000183d0476d90 Uncommon trap: reason=unstable_if action=reinterpret pc=0x0000018387b3c7d8 method=java.util.jar.Manifest$FastInputStream.peek()B @ 23 c2
Event: 12.445 Thread 0x00000183d0476d90 DEOPT PACKING pc=0x0000018387b3c7d8 sp=0x0000004afeef8290
Event: 12.445 Thread 0x00000183d0476d90 DEOPT UNPACKING pc=0x0000018387586da2 sp=0x0000004afeef8228 mode 2
Event: 12.482 Thread 0x00000183d0476d90 Uncommon trap: trap_request=0xffffffde fr.pc=0x0000018387b9bf18 relative=0x0000000000000078
Event: 12.482 Thread 0x00000183d0476d90 Uncommon trap: reason=class_check action=maybe_recompile pc=0x0000018387b9bf18 method=java.util.Collections$3.hasMoreElements()Z @ 4 c2
Event: 12.482 Thread 0x00000183d0476d90 DEOPT PACKING pc=0x0000018387b9bf18 sp=0x0000004afeefbcf0
Event: 12.482 Thread 0x00000183d0476d90 DEOPT UNPACKING pc=0x0000018387586da2 sp=0x0000004afeefbc80 mode 2
Event: 12.482 Thread 0x00000183d0476d90 Uncommon trap: trap_request=0xffffffde fr.pc=0x0000018387b9bf18 relative=0x0000000000000078
Event: 12.482 Thread 0x00000183d0476d90 Uncommon trap: reason=class_check action=maybe_recompile pc=0x0000018387b9bf18 method=java.util.Collections$3.hasMoreElements()Z @ 4 c2
Event: 12.482 Thread 0x00000183d0476d90 DEOPT PACKING pc=0x0000018387b9bf18 sp=0x0000004afeefbcf0
Event: 12.482 Thread 0x00000183d0476d90 DEOPT UNPACKING pc=0x0000018387586da2 sp=0x0000004afeefbc80 mode 2

Classes loaded (20 events):
Event: 12.208 Loading class java/util/concurrent/locks/ReentrantLock$FairSync
Event: 12.209 Loading class java/util/concurrent/locks/ReentrantLock$FairSync done
Event: 12.266 Loading class java/util/PropertyResourceBundle
Event: 12.266 Loading class java/util/PropertyResourceBundle done
Event: 12.266 Loading class sun/util/PropertyResourceBundleCharset
Event: 12.266 Loading class sun/util/PropertyResourceBundleCharset done
Event: 12.266 Loading class sun/util/PropertyResourceBundleCharset$PropertiesFileDecoder
Event: 12.266 Loading class sun/util/PropertyResourceBundleCharset$PropertiesFileDecoder done
Event: 12.270 Loading class java/lang/invoke/DirectMethodHandle$StaticAccessor
Event: 12.270 Loading class java/lang/invoke/DirectMethodHandle$StaticAccessor done
Event: 12.274 Loading class java/lang/IllegalCallerException
Event: 12.274 Loading class java/lang/IllegalCallerException done
Event: 12.277 Loading class java/lang/invoke/DirectMethodHandle$1
Event: 12.277 Loading class java/lang/invoke/DirectMethodHandle$1 done
Event: 12.279 Loading class org/xml/sax/SAXParseException
Event: 12.279 Loading class org/xml/sax/SAXParseException done
Event: 12.341 Loading class java/nio/file/StandardCopyOption
Event: 12.341 Loading class java/nio/file/StandardCopyOption done
Event: 12.352 Loading class sun/nio/fs/WindowsFileCopy
Event: 12.352 Loading class sun/nio/fs/WindowsFileCopy done

Classes unloaded (0 events):
No events

Classes redefined (0 events):
No events

Internal exceptions (20 events):
Event: 0.807 Thread 0x00000183f4ce2000 Implicit null exception at 0x0000018387b29649 to 0x0000018387b29fe4
Event: 0.807 Thread 0x00000183f4ce2000 Implicit null exception at 0x0000018387b3c09a to 0x0000018387b3c2a0
Event: 0.808 Thread 0x00000183f4ce2000 Exception <a 'java/lang/NoSuchMethodError'{0x00000000d5729108}: 'void java.lang.invoke.DirectMethodHandle$Holder.invokeStatic(java.lang.Object, java.lang.Object, java.lang.Object, java.lang.Object)'> (0x00000000d5729108) 
thrown [s\src\hotspot\share\interpreter\linkResolver.cpp, line 773]
Event: 0.809 Thread 0x00000183f4ce2000 Implicit null exception at 0x0000018387b3321a to 0x0000018387b33424
Event: 0.810 Thread 0x00000183f4ce2000 Implicit null exception at 0x0000018387b2b83d to 0x0000018387b2b8c1
Event: 0.903 Thread 0x00000183f4ce2000 Exception <a 'java/lang/NoSuchMethodError'{0x00000000d5b68460}: 'int java.lang.invoke.DirectMethodHandle$Holder.invokeVirtual(java.lang.Object, java.lang.Object)'> (0x00000000d5b68460) 
thrown [s\src\hotspot\share\interpreter\linkResolver.cpp, line 773]
Event: 1.199 Thread 0x00000183f4ce2000 Exception <a 'java/lang/IncompatibleClassChangeError'{0x00000000d6533aa8}: Found class java.lang.Object, but interface was expected> (0x00000000d6533aa8) 
thrown [s\src\hotspot\share\interpreter\linkResolver.cpp, line 840]
Event: 1.200 Thread 0x00000183f4ce2000 Exception <a 'java/lang/NoSuchMethodError'{0x00000000d653c548}: 'void java.lang.invoke.DirectMethodHandle$Holder.invokeInterface(java.lang.Object, java.lang.Object, java.lang.Object)'> (0x00000000d653c548) 
thrown [s\src\hotspot\share\interpreter\linkResolver.cpp, line 773]
Event: 1.238 Thread 0x00000183f4ce2000 Exception <a 'java/lang/NoSuchMethodError'{0x00000000d67aece0}: 'int java.lang.invoke.DirectMethodHandle$Holder.invokeStaticInit(java.lang.Object, java.lang.Object, java.lang.Object, java.lang.Object)'> (0x00000000d67aece0) 
thrown [s\src\hotspot\share\interpreter\linkResolver.cpp, line 773]
Event: 1.239 Thread 0x00000183f4ce2000 Exception <a 'java/lang/NoSuchMethodError'{0x00000000d67b92b0}: 'void java.lang.invoke.DirectMethodHandle$Holder.invokeStaticInit(java.lang.Object, java.lang.Object)'> (0x00000000d67b92b0) 
thrown [s\src\hotspot\share\interpreter\linkResolver.cpp, line 773]
Event: 1.240 Thread 0x00000183f4ce2000 Exception <a 'java/lang/NoSuchMethodError'{0x00000000d67be790}: 'int java.lang.invoke.DirectMethodHandle$Holder.invokeStaticInit(java.lang.Object, java.lang.Object)'> (0x00000000d67be790) 
thrown [s\src\hotspot\share\interpreter\linkResolver.cpp, line 773]
Event: 1.278 Thread 0x00000183f4ce2000 Exception <a 'java/lang/NoSuchMethodError'{0x00000000d69a7028}: 'java.lang.Object java.lang.invoke.DirectMethodHandle$Holder.newInvokeSpecial(java.lang.Object, int, java.lang.Object)'> (0x00000000d69a7028) 
thrown [s\src\hotspot\share\interpreter\linkResolver.cpp, line 773]
Event: 1.313 Thread 0x00000183f4ce2000 Exception <a 'java/lang/ClassNotFoundException'{0x00000000d6b237e8}: sun/net/www/protocol/plurl/Handler> (0x00000000d6b237e8) 
thrown [s\src\hotspot\share\classfile\systemDictionary.cpp, line 312]
Event: 1.313 Thread 0x00000183f4ce2000 Exception <a 'java/lang/ClassNotFoundException'{0x00000000d6b24668}: sun/net/www/protocol/plurl/Handler> (0x00000000d6b24668) 
thrown [s\src\hotspot\share\classfile\systemDictionary.cpp, line 312]
Event: 1.319 Thread 0x00000183f4ce2000 Exception <a 'java/lang/NoSuchMethodError'{0x00000000d6b64530}: 'void java.lang.invoke.DirectMethodHandle$Holder.invokeSpecial(java.lang.Object, java.lang.Object, java.lang.Object)'> (0x00000000d6b64530) 
thrown [s\src\hotspot\share\interpreter\linkResolver.cpp, line 773]
Event: 11.743 Thread 0x00000183f4ce2000 Exception <a 'java/lang/UnsatisfiedLinkError'{0x00000000d6565330}: 'void org.eclipse.equinox.launcher.JNIBridge._update_splash()'> (0x00000000d6565330) 
thrown [s\src\hotspot\share\prims\nativeLookup.cpp, line 415]
Event: 12.113 Thread 0x00000183d0476d90 Exception <a 'java/lang/NullPointerException'{0x00000000d5cd5cc0}> (0x00000000d5cd5cc0) 
thrown [s\src\hotspot\share\interpreter\linkResolver.cpp, line 1372]
Event: 12.113 Thread 0x00000183d0476d90 Exception <a 'java/lang/NullPointerException'{0x00000000d5cd5fa0}> (0x00000000d5cd5fa0) 
thrown [s\src\hotspot\share\interpreter\linkResolver.cpp, line 1372]
Event: 12.271 Thread 0x00000183d0476d90 Exception <a 'java/lang/NoSuchMethodError'{0x00000000d663da28}: 'void java.lang.invoke.Invokers$Holder.invokeExact_MT(java.lang.Object, java.lang.Object, java.lang.Object)'> (0x00000000d663da28) 
thrown [s\src\hotspot\share\interpreter\linkResolver.cpp, line 773]
Event: 12.472 Thread 0x00000183d0476d90 Exception <a 'java/io/FileNotFoundException'{0x00000000d6c63d08}> (0x00000000d6c63d08) 
thrown [s\src\hotspot\share\prims\jni.cpp, line 520]

ZGC Phase Switch (0 events):
No events

VM Operations (20 events):
Event: 2.313 Executing VM operation: Cleanup
Event: 2.314 Executing VM operation: Cleanup done
Event: 11.374 Executing VM operation: Cleanup
Event: 11.374 Executing VM operation: Cleanup done
Event: 11.516 Executing VM operation: ParallelGCFailedAllocation (Allocation Failure)
Event: 11.519 Executing VM operation: ParallelGCFailedAllocation (Allocation Failure) done
Event: 11.745 Executing VM operation: HandshakeAllThreads (Deoptimize)
Event: 11.745 Executing VM operation: HandshakeAllThreads (Deoptimize) done
Event: 11.784 Executing VM operation: HandshakeAllThreads (Deoptimize)
Event: 11.784 Executing VM operation: HandshakeAllThreads (Deoptimize) done
Event: 11.934 Executing VM operation: ICBufferFull
Event: 11.957 Executing VM operation: ICBufferFull done
Event: 11.964 Executing VM operation: ParallelGCFailedAllocation (Allocation Failure)
Event: 11.971 Executing VM operation: ParallelGCFailedAllocation (Allocation Failure) done
Event: 12.209 Executing VM operation: HandshakeAllThreads (Deoptimize)
Event: 12.209 Executing VM operation: HandshakeAllThreads (Deoptimize) done
Event: 12.382 Executing VM operation: ICBufferFull
Event: 12.382 Executing VM operation: ICBufferFull done
Event: 13.391 Executing VM operation: Cleanup
Event: 13.391 Executing VM operation: Cleanup done

Memory protections (0 events):
No events

Nmethod flushes (0 events):
No events

Events (20 events):
Event: 11.206 Thread 0x00000183d0a71350 Thread exited: 0x00000183d0a71350
Event: 11.206 Thread 0x00000183d0a719b0 Thread exited: 0x00000183d0a719b0
Event: 11.206 Thread 0x00000183d5021670 Thread exited: 0x00000183d5021670
Event: 11.206 Thread 0x00000183d5021cd0 Thread exited: 0x00000183d5021cd0
Event: 11.507 Thread 0x00000183f4ce2000 Thread added: 0x00000183d0a82e10
Event: 11.509 Thread 0x00000183f4ce2000 Thread added: 0x00000183d0476d90
Event: 11.539 Thread 0x00000183d02526d0 Thread added: 0x00000183d0254fb0
Event: 11.539 Thread 0x00000183d02526d0 Thread added: 0x00000183d0252000
Event: 11.740 Thread 0x00000183f4ce2000 Thread added: 0x00000183d54838d0
Event: 11.797 Thread 0x00000183d54838d0 Thread added: 0x00000183d0de0560
Event: 11.797 Thread 0x00000183d54838d0 Thread added: 0x00000183d53d4030
Event: 11.797 Thread 0x00000183d54838d0 Thread added: 0x00000183d53d4690
Event: 11.797 Thread 0x00000183d54838d0 Thread added: 0x00000183d5374ea0
Event: 11.797 Thread 0x00000183d54838d0 Thread added: 0x00000183d5367d30
Event: 11.798 Thread 0x00000183d54838d0 Thread added: 0x00000183d53662f0
Event: 11.798 Thread 0x00000183d54838d0 Thread added: 0x00000183d53690e0
Event: 11.798 Thread 0x00000183d54838d0 Thread added: 0x00000183d53683c0
Event: 12.197 Thread 0x00000183d0476d90 Thread added: 0x00000183d53676a0
Event: 13.375 Thread 0x00000183d0254fb0 Thread exited: 0x00000183d0254fb0
Event: 13.375 Thread 0x00000183d0252000 Thread exited: 0x00000183d0252000


Dynamic libraries:
0x00007ff74e730000 - 0x00007ff74e73e000 	c:\Users\Samsung\.vscode\extensions\redhat.java-1.52.0-win32-x64\jre\21.0.9-win32-x86_64\bin\java.exe
0x00007ffaa2f20000 - 0x00007ffaa3187000 	C:\WINDOWS\SYSTEM32\ntdll.dll
0x00007ffaa1d10000 - 0x00007ffaa1dd9000 	C:\WINDOWS\System32\KERNEL32.DLL
0x00007ffaa0280000 - 0x00007ffaa066f000 	C:\WINDOWS\System32\KERNELBASE.dll
0x00007ffaa0880000 - 0x00007ffaa09cb000 	C:\WINDOWS\System32\ucrtbase.dll
0x00007ffa90690000 - 0x00007ffa906a8000 	c:\Users\Samsung\.vscode\extensions\redhat.java-1.52.0-win32-x64\jre\21.0.9-win32-x86_64\bin\jli.dll
0x00007ffa904f0000 - 0x00007ffa9050e000 	c:\Users\Samsung\.vscode\extensions\redhat.java-1.52.0-win32-x64\jre\21.0.9-win32-x86_64\bin\VCRUNTIME140.dll
0x00007ffaa2c60000 - 0x00007ffaa2e25000 	C:\WINDOWS\System32\USER32.dll
0x00007ffa879d0000 - 0x00007ffa87c63000 	C:\WINDOWS\WinSxS\amd64_microsoft.windows.common-controls_6595b64144ccf1df_6.0.26100.7309_none_3e05feeae336a044\COMCTL32.dll
0x00007ffaa0250000 - 0x00007ffaa0277000 	C:\WINDOWS\System32\win32u.dll
0x00007ffaa0cc0000 - 0x00007ffaa0d69000 	C:\WINDOWS\System32\msvcrt.dll
0x00007ffaa2870000 - 0x00007ffaa289b000 	C:\WINDOWS\System32\GDI32.dll
0x00007ffaa0070000 - 0x00007ffaa019c000 	C:\WINDOWS\System32\gdi32full.dll
0x00007ffaa09d0000 - 0x00007ffaa0a73000 	C:\WINDOWS\System32\msvcp_win.dll
0x00007ffaa2680000 - 0x00007ffaa26b1000 	C:\WINDOWS\System32\IMM32.DLL
0x00007ffa93d10000 - 0x00007ffa93d1c000 	c:\Users\Samsung\.vscode\extensions\redhat.java-1.52.0-win32-x64\jre\21.0.9-win32-x86_64\bin\vcruntime140_1.dll
0x00007ffa60740000 - 0x00007ffa607cd000 	c:\Users\Samsung\.vscode\extensions\redhat.java-1.52.0-win32-x64\jre\21.0.9-win32-x86_64\bin\msvcp140.dll
0x00007ffa1c730000 - 0x00007ffa1d4d0000 	c:\Users\Samsung\.vscode\extensions\redhat.java-1.52.0-win32-x64\jre\21.0.9-win32-x86_64\bin\server\jvm.dll
0x00007ffaa28a0000 - 0x00007ffaa2954000 	C:\WINDOWS\System32\ADVAPI32.dll
0x00007ffaa23b0000 - 0x00007ffaa2456000 	C:\WINDOWS\System32\sechost.dll
0x00007ffaa26c0000 - 0x00007ffaa27d8000 	C:\WINDOWS\System32\RPCRT4.dll
0x00007ffaa2330000 - 0x00007ffaa23a4000 	C:\WINDOWS\System32\WS2_32.dll
0x00007ffa9fed0000 - 0x00007ffa9ff2e000 	C:\WINDOWS\SYSTEM32\POWRPROF.dll
0x00007ffa867e0000 - 0x00007ffa86815000 	C:\WINDOWS\SYSTEM32\WINMM.dll
0x00007ffa9e9b0000 - 0x00007ffa9e9bb000 	C:\WINDOWS\SYSTEM32\VERSION.dll
0x00007ffa9feb0000 - 0x00007ffa9fec4000 	C:\WINDOWS\SYSTEM32\UMPDC.dll
0x00007ffa9ee20000 - 0x00007ffa9ee3b000 	C:\WINDOWS\SYSTEM32\kernel.appcore.dll
0x00007ffa93440000 - 0x00007ffa9344a000 	c:\Users\Samsung\.vscode\extensions\redhat.java-1.52.0-win32-x64\jre\21.0.9-win32-x86_64\bin\jimage.dll
0x00007ffa9d200000 - 0x00007ffa9d442000 	C:\WINDOWS\SYSTEM32\DBGHELP.DLL
0x00007ffaa1980000 - 0x00007ffaa1d06000 	C:\WINDOWS\System32\combase.dll
0x00007ffaa1540000 - 0x00007ffaa1616000 	C:\WINDOWS\System32\OLEAUT32.dll
0x00007ffa7c8f0000 - 0x00007ffa7c92c000 	C:\WINDOWS\SYSTEM32\dbgcore.DLL
0x00007ffaa01a0000 - 0x00007ffaa0245000 	C:\WINDOWS\System32\bcryptPrimitives.dll
0x00007ffa8ed30000 - 0x00007ffa8ed3f000 	c:\Users\Samsung\.vscode\extensions\redhat.java-1.52.0-win32-x64\jre\21.0.9-win32-x86_64\bin\instrument.dll
0x00007ffa8cb40000 - 0x00007ffa8cb60000 	c:\Users\Samsung\.vscode\extensions\redhat.java-1.52.0-win32-x64\jre\21.0.9-win32-x86_64\bin\java.dll
0x00007ffaa0de0000 - 0x00007ffaa1533000 	C:\WINDOWS\System32\SHELL32.dll
0x00007ffaa0710000 - 0x00007ffaa087a000 	C:\WINDOWS\System32\wintypes.dll
0x00007ffa9d9c0000 - 0x00007ffa9e21e000 	C:\WINDOWS\SYSTEM32\windows.storage.dll
0x00007ffaa1880000 - 0x00007ffaa1975000 	C:\WINDOWS\System32\SHCORE.dll
0x00007ffaa1810000 - 0x00007ffaa1876000 	C:\WINDOWS\System32\shlwapi.dll
0x00007ffa9ff90000 - 0x00007ffa9ffb9000 	C:\WINDOWS\SYSTEM32\profapi.dll
0x00007ffa906b0000 - 0x00007ffa906c8000 	c:\Users\Samsung\.vscode\extensions\redhat.java-1.52.0-win32-x64\jre\21.0.9-win32-x86_64\bin\zip.dll
0x00007ffa8ed60000 - 0x00007ffa8ed70000 	C:\Users\Samsung\.vscode\extensions\redhat.java-1.52.0-win32-x64\jre\21.0.9-win32-x86_64\bin\net.dll
0x00007ffa96da0000 - 0x00007ffa96ec8000 	C:\WINDOWS\SYSTEM32\WINHTTP.dll
0x00007ffa9f390000 - 0x00007ffa9f3fb000 	C:\WINDOWS\system32\mswsock.dll
0x00007ffa8ed40000 - 0x00007ffa8ed56000 	C:\Users\Samsung\.vscode\extensions\redhat.java-1.52.0-win32-x64\jre\21.0.9-win32-x86_64\bin\nio.dll
0x00007ffa8e5a0000 - 0x00007ffa8e5b0000 	c:\Users\Samsung\.vscode\extensions\redhat.java-1.52.0-win32-x64\jre\21.0.9-win32-x86_64\bin\verify.dll
0x00007ffa7e600000 - 0x00007ffa7e645000 	C:\Users\Samsung\AppData\Roaming\Code\User\globalStorage\redhat.java\1.52.0\config_ss_win\org.eclipse.equinox.launcher\org.eclipse.equinox.launcher.win32.win32.x86_64_1.2.1500.v20260121-1430\eclipse_11919.dll
0x00007ffaa2460000 - 0x00007ffaa25f7000 	C:\WINDOWS\System32\ole32.dll

JVMTI agents:
c:\Users\Samsung\.vscode\extensions\redhat.java-1.52.0-win32-x64\lombok\lombok-1.18.39-4050.jar path:c:\Users\Samsung\.vscode\extensions\redhat.java-1.52.0-win32-x64\jre\21.0.9-win32-x86_64\bin\instrument.dll, loaded, initialized, instrumentlib options:none

dbghelp: loaded successfully - version: 4.0.5 - missing functions: none
symbol engine: initialized successfully - sym options: 0x614 - pdb path: .;c:\Users\Samsung\.vscode\extensions\redhat.java-1.52.0-win32-x64\jre\21.0.9-win32-x86_64\bin;C:\WINDOWS\SYSTEM32;C:\WINDOWS\WinSxS\amd64_microsoft.windows.common-controls_6595b64144ccf1df_6.0.26100.7309_none_3e05feeae336a044;c:\Users\Samsung\.vscode\extensions\redhat.java-1.52.0-win32-x64\jre\21.0.9-win32-x86_64\bin\server;C:\Users\Samsung\AppData\Roaming\Code\User\globalStorage\redhat.java\1.52.0\config_ss_win\org.eclipse.equinox.launcher\org.eclipse.equinox.launcher.win32.win32.x86_64_1.2.1500.v20260121-1430

VM Arguments:
jvm_args: --add-modules=ALL-SYSTEM --add-opens=java.base/java.util=ALL-UNNAMED --add-opens=java.base/java.lang=ALL-UNNAMED --add-opens=java.base/sun.nio.fs=ALL-UNNAMED -Declipse.application=org.eclipse.jdt.ls.core.id1 -Dosgi.bundles.defaultStartLevel=4 -Declipse.product=org.eclipse.jdt.ls.core.product -Djava.import.generatesMetadataFilesAtProjectRoot=false -DDetectVMInstallationsJob.disabled=true -Dfile.encoding=utf8 -XX:+UseParallelGC -XX:GCTimeRatio=4 -XX:AdaptiveSizePolicyWeight=90 -Dsun.zip.disableMemoryMapping=true -Xmx2G -Xms100m -Xlog:disable -javaagent:c:\Users\Samsung\.vscode\extensions\redhat.java-1.52.0-win32-x64\lombok\lombok-1.18.39-4050.jar 
java_command: c:\Users\Samsung\.vscode\extensions\redhat.java-1.52.0-win32-x64\server\plugins\org.eclipse.equinox.launcher_1.7.100.v20251111-0406.jar -configuration c:\Users\Samsung\AppData\Roaming\Code\User\globalStorage\redhat.java\1.52.0\config_ss_win -data c:\Users\Samsung\AppData\Roaming\Code\User\workspaceStorage\6cce423cff973bb9147ea5f431cc257a\redhat.java\ss_ws --pipe=\\.\pipe\lsp-0031a3230772ac01fdc28a1f2da94721-sock
java_class_path (initial): c:\Users\Samsung\.vscode\extensions\redhat.java-1.52.0-win32-x64\server\plugins\org.eclipse.equinox.launcher_1.7.100.v20251111-0406.jar
Launcher Type: SUN_STANDARD

[Global flags]
    uintx AdaptiveSizePolicyWeight                 = 90                                        {product} {command line}
     intx CICompilerCount                          = 4                                         {product} {ergonomic}
    uintx GCTimeRatio                              = 4                                         {product} {command line}
   size_t InitialHeapSize                          = 104857600                                 {product} {command line}
   size_t MaxHeapSize                              = 2147483648                                {product} {command line}
   size_t MaxNewSize                               = 715653120                                 {product} {ergonomic}
   size_t MinHeapDeltaBytes                        = 524288                                    {product} {ergonomic}
   size_t MinHeapSize                              = 104857600                                 {product} {command line}
   size_t NewSize                                  = 34603008                                  {product} {ergonomic}
    uintx NonNMethodCodeHeapSize                   = 5839372                                {pd product} {ergonomic}
    uintx NonProfiledCodeHeapSize                  = 122909434                              {pd product} {ergonomic}
   size_t OldSize                                  = 70254592                                  {product} {ergonomic}
    uintx ProfiledCodeHeapSize                     = 122909434                              {pd product} {ergonomic}
    uintx ReservedCodeCacheSize                    = 251658240                              {pd product} {ergonomic}
     bool SegmentedCodeCache                       = true                                      {product} {ergonomic}
   size_t SoftMaxHeapSize                          = 2147483648                             {manageable} {ergonomic}
     bool UseCompressedOops                        = true                           {product lp64_product} {ergonomic}
     bool UseLargePagesIndividualAllocation        = false                                  {pd product} {ergonomic}
     bool UseParallelGC                            = true                                      {product} {command line}

Logging:
Log output configuration:
 #0: stdout all=off uptime,level,tags foldmultilines=false
 #1: stderr all=off uptime,level,tags foldmultilines=false

Release file:
JAVA_VERSION="21.0.9" 
MODULES="java.base java.compiler java.datatransfer java.xml java.prefs java.desktop java.instrument java.logging java.management java.security.sasl java.naming java.rmi java.management.rmi java.net.http java.scripting java.security.jgss java.transaction.xa java.sql java.sql.rowset java.xml.crypto java.se java.smartcardio jdk.accessibility jdk.internal.jvmstat jdk.attach jdk.charsets jdk.internal.opt jdk.zipfs jdk.compiler jdk.crypto.ec jdk.crypto.cryptoki jdk.crypto.mscapi jdk.dynalink jdk.internal.ed jdk.editpad jdk.hotspot.agent jdk.httpserver jdk.internal.le jdk.internal.vm.ci jdk.internal.vm.compiler jdk.internal.vm.compiler.management jdk.jartool jdk.javadoc jdk.jcmd jdk.management jdk.management.agent jdk.jconsole jdk.jdeps jdk.jdwp.agent jdk.jdi jdk.jfr jdk.jshell jdk.jsobject jdk.jstatd jdk.localedata jdk.management.jfr jdk.naming.dns jdk.naming.rmi jdk.net jdk.nio.mapmode jdk.random jdk.sctp jdk.security.auth jdk.security.jgss jdk.unsupported jdk.unsupported.desktop jdk.xml.dom" 

Environment Variables:
JAVA_HOME=C:\Program Files\Android\Android Studio\jbr
PATH=C:\Program Files\BellSoft\LibericaJDK-21-Full\bin\;C:\Program Files\BellSoft\LibericaJDK-21\bin\;C:\Program Files\Java\jdk-21\bin;C:\Program Files\Microsoft\jdk-17.0.16.8-hotspot\bin;C:\Program Files\Common Files\Oracle\Java\javapath;C:\Program Files (x86)\Common Files\Oracle\Java\javapath;C:\WINDOWS\system32;C:\WINDOWS;C:\WINDOWS\System32\Wbem;C:\WINDOWS\System32\WindowsPowerShell\v1.0\;C:\WINDOWS\System32\OpenSSH\;C:\Program Files\MATLAB\R2022a\bin;C:\Program Files\dotnet\;C:\TDM-GCC-64\bin;C:\Program Files\MySQL\MySQL Shell 8.0\bin\;C:\Users\Samsung\AppData\Local\Microsoft\WindowsApps;C:\Users\warch\AppData\Local\Programs\Microsoft VS Code\bin;C:\Users\warch\Appdata\Local\Programs\Python\Python312;C:\Users\Samsung\AppData\Local\Programs\Microsoft VS Code\bin;C:\Program Files\MySQL\MySQL Server 8.0\bin;C:\Users\Samsung\AppData\Roaming\npm;C:\Users\Samsung\Desktop\Java\flutter\bin;C:\Users\Samsung\AppData\Local\Android\Sdk\platform-tools;C:\Users\Samsung\AppData\Local\Android\Sdk\cmdline-tools\latest\bin;C:\Users\Samsung\AppData\Local\Android\Sdk\emulato;C:\Program Files\WindowsApps\ngrok.ngrok_3.24.0.0_x64__1g87z0zv29zzc;C:\Program Files\Git\cmd;C:\Program Files\nodejs\;C:\Program Files\Docker\Docker\resources\bin;C:\Program Files\MySQL\MySQL Shell 8.0\bin\;C:\Users\Samsung\AppData\Local\Microsoft\WindowsApps;C:\Users\warch\AppData\Local\Programs\Microsoft VS Code\bin;C:\Users\warch\Appdata\Local\Programs\Python\Python312;C:\Users\Samsung\AppData\Local\Programs\Microsoft VS Code\bin;C:\Program Files\MySQL\MySQL Server 8.0\bin;C:\Users\Samsung\Desktop\Java\flutter\bin;C:\Users\Samsung\AppData\Local\Android\Sdk\platform-tools;C:\Users\Samsung\AppData\Local\Android\Sdk\cmdline-tools\latest\bin;C:\Users\Samsung\AppData\Local\Android\Sdk\emulator;C:\Program Files\Android\Android Studio\jbr\bin;C:\Program Files\Java\jdk-21\bin;C:\Users\Samsung\AppData\Local\GitHubDesktop\bin;C:\Users\Samsung\AppData\Roaming\npm
USERNAME=Samsung
OS=Windows_NT
PROCESSOR_IDENTIFIER=Intel64 Family 6 Model 140 Stepping 1, GenuineIntel
TMP=C:\Users\Samsung\AppData\Local\Temp
TEMP=C:\Users\Samsung\AppData\Local\Temp




Periodic native trim disabled

---------------  S Y S T E M  ---------------

OS:
 Windows 11 , 64 bit Build 26100 (10.0.26100.7623)
OS uptime: 0 days 1:11 hours
Hyper-V role detected

CPU: total 8 (initial active 8) (4 cores per cpu, 2 threads per core) family 6 model 140 stepping 1 microcode 0x8a, cx8, cmov, fxsr, ht, mmx, 3dnowpref, sse, sse2, sse3, ssse3, sse4.1, sse4.2, popcnt, lzcnt, tsc, tscinvbit, avx, avx2, aes, erms, clmul, bmi1, bmi2, adx, avx512f, avx512dq, avx512cd, avx512bw, avx512vl, sha, fma, vzeroupper, avx512_vpopcntdq, avx512_vpclmulqdq, avx512_vaes, avx512_vnni, clflush, clflushopt, clwb, avx512_vbmi2, avx512_vbmi, hv, rdtscp, rdpid, fsrm, gfni, avx512_bitalg, f16c, cet_ibt, cet_ss, avx512_ifma
Processor Information for the first 8 processors :
  Max Mhz: 2419, Current Mhz: 2419, Mhz Limit: 2419

Memory: 4k page, system-wide physical 7915M (787M free)
TotalPageFile size 16107M (AvailPageFile size 2M)
current process WorkingSet (physical memory assigned to process): 131M, peak: 131M
current process commit charge ("private bytes"): 269M, peak: 271M

vm_info: OpenJDK 64-Bit Server VM (21.0.9+10-LTS) for windows-amd64 JRE (21.0.9+10-LTS), built on 2025-10-21T00:00:00Z by "admin" with unknown MS VC++:1942

END.
