#
# There is insufficient memory for the Java Runtime Environment to continue.
# Native memory allocation (malloc) failed to allocate 1974560 bytes. Error detail: Chunk::new
# Possible reasons:
#   The system is out of physical RAM or swap space
#   This process is running with CompressedOops enabled, and the Java Heap may be blocking the growth of the native heap
# Possible solutions:
#   Reduce memory load on the system
#   Increase physical memory or swap space
#   Check if swap backing store is full
#   Decrease Java heap size (-Xmx/-Xms)
#   Decrease number of Java threads
#   Decrease Java thread stack sizes (-Xss)
#   Set larger code cache with -XX:ReservedCodeCacheSize=
#   JVM is running with Zero Based Compressed Oops mode in which the Java heap is
#     placed in the first 32GB address space. The Java Heap base address is the
#     maximum limit for the native heap growth. Please use -XX:HeapBaseMinAddress
#     to set the Java Heap base and to place the Java Heap above 32GB virtual address.
# This output file may be truncated or incomplete.
#
#  Out of Memory Error (arena.cpp:168), pid=24324, tid=21540
#
# JRE version: OpenJDK Runtime Environment (21.0.7) (build 21.0.7+-13880790-b1038.58)
# Java VM: OpenJDK 64-Bit Server VM (21.0.7+-13880790-b1038.58, mixed mode, tiered, compressed oops, compressed class ptrs, g1 gc, windows-amd64)
# No core dump will be written. Minidumps are not enabled by default on client versions of Windows
#

---------------  S U M M A R Y ------------

Command Line: --add-opens=java.base/java.lang=ALL-UNNAMED --add-opens=java.base/java.lang.invoke=ALL-UNNAMED --add-opens=java.base/java.util=ALL-UNNAMED --add-opens=java.prefs/java.util.prefs=ALL-UNNAMED --add-exports=jdk.compiler/com.sun.tools.javac.api=ALL-UNNAMED --add-exports=jdk.compiler/com.sun.tools.javac.util=ALL-UNNAMED --add-opens=java.base/java.util=ALL-UNNAMED --add-opens=java.prefs/java.util.prefs=ALL-UNNAMED --add-opens=java.base/java.nio.charset=ALL-UNNAMED --add-opens=java.base/java.net=ALL-UNNAMED --add-opens=java.base/java.util.concurrent.atomic=ALL-UNNAMED --add-opens=java.xml/javax.xml.namespace=ALL-UNNAMED -XX:MaxMetaspaceSize=4G -XX:ReservedCodeCacheSize=512m -XX:+HeapDumpOnOutOfMemoryError -Xmx8G -Dfile.encoding=UTF-8 -Duser.country=IT -Duser.language=it -Duser.variant -javaagent:C:\Users\Samsung\.gradle\wrapper\dists\gradle-8.12-all\ejduaidbjup3bmmkhw3rie4zb\gradle-8.12\lib\agents\gradle-instrumentation-agent-8.12.jar org.gradle.launcher.daemon.bootstrap.GradleDaemon 8.12

Host: 11th Gen Intel(R) Core(TM) i5-1135G7 @ 2.40GHz, 8 cores, 7G,  Windows 11 , 64 bit Build 26100 (10.0.26100.7623)
Time: Sat Feb  7 17:31:01 2026 ora solare Europa occidentale elapsed time: 8.294546 seconds (0d 0h 0m 8s)

---------------  T H R E A D  ---------------

Current thread (0x000002b52f5d4e80):  JavaThread "C2 CompilerThread1" daemon [_thread_in_native, id=21540, stack(0x000000f3e1900000,0x000000f3e1a00000) (1024K)]


Current CompileTask:
C2:8294 6948   !   4       java.io.ObjectOutputStream::writeObject0 (620 bytes)

Stack: [0x000000f3e1900000,0x000000f3e1a00000]
Native frames: (J=compiled Java code, j=interpreted, Vv=VM code, C=native code)
V  [jvm.dll+0x6d25c9]
V  [jvm.dll+0x860923]
V  [jvm.dll+0x862e7e]
V  [jvm.dll+0x863563]
V  [jvm.dll+0x27f156]
V  [jvm.dll+0xc002d]
V  [jvm.dll+0xc0563]
V  [jvm.dll+0x3b6d3b]
V  [jvm.dll+0x1de922]
V  [jvm.dll+0x247fc4]
V  [jvm.dll+0x247441]
V  [jvm.dll+0x1c5fb4]
V  [jvm.dll+0x256bac]
V  [jvm.dll+0x2550f6]
V  [jvm.dll+0x3f1d16]
V  [jvm.dll+0x808d08]
V  [jvm.dll+0x6d0e1d]
C  [ucrtbase.dll+0x37b0]
C  [KERNEL32.DLL+0x2e8d7]
C  [ntdll.dll+0x8c53c]


---------------  P R O C E S S  ---------------

Threads class SMR info:
_java_thread_list=0x000002b537a3ad10, length=58, elements={
0x000002b57ec5e960, 0x000002b52f121ce0, 0x000002b52f126760, 0x000002b52f1271c0,
0x000002b52f129170, 0x000002b52f151790, 0x000002b52f151e00, 0x000002b52f154480,
0x000002b52f154e20, 0x000002b52f1554d0, 0x000002b52f56d6a0, 0x000002b52f5d4e80,
0x000002b5351934c0, 0x000002b535229a90, 0x000002b5353252f0, 0x000002b53535c040,
0x000002b5352bea70, 0x000002b5352b82b0, 0x000002b535337860, 0x000002b535335100,
0x000002b535335790, 0x000002b5353343e0, 0x000002b535334a70, 0x000002b535336b40,
0x000002b5353364b0, 0x000002b535335e20, 0x000002b5367907a0, 0x000002b536790110,
0x000002b53678e040, 0x000002b536790e30, 0x000002b53678d9b0, 0x000002b53678fa80,
0x000002b53678e6d0, 0x000002b536794940, 0x000002b536792f00, 0x000002b536793590,
0x000002b538fa3c70, 0x000002b538fa5020, 0x000002b538fa6a60, 0x000002b538fa35e0,
0x000002b538fa4990, 0x000002b538fa70f0, 0x000002b538fa7780, 0x000002b538fa4300,
0x000002b538fa7e10, 0x000002b538fa84a0, 0x000002b538fa9850, 0x000002b538fa8b30,
0x000002b538fa91c0, 0x000002b534292c80, 0x000002b5342925f0, 0x000002b534291240,
0x000002b5342918d0, 0x000002b53428f800, 0x000002b534290bb0, 0x000002b534291f60,
0x000002b53428fe90, 0x000002b534290520
}

Java Threads: ( => current thread )
  0x000002b57ec5e960 JavaThread "main"                              [_thread_blocked, id=24472, stack(0x000000f3e0500000,0x000000f3e0600000) (1024K)]
  0x000002b52f121ce0 JavaThread "Common-Cleaner"             daemon [_thread_blocked, id=19556, stack(0x000000f3e0d00000,0x000000f3e0e00000) (1024K)]
  0x000002b52f126760 JavaThread "Reference Handler"          daemon [_thread_blocked, id=19564, stack(0x000000f3e0e00000,0x000000f3e0f00000) (1024K)]
  0x000002b52f1271c0 JavaThread "Finalizer"                  daemon [_thread_blocked, id=22296, stack(0x000000f3e0f00000,0x000000f3e1000000) (1024K)]
  0x000002b52f129170 JavaThread "Signal Dispatcher"          daemon [_thread_blocked, id=24468, stack(0x000000f3e1000000,0x000000f3e1100000) (1024K)]
  0x000002b52f151790 JavaThread "Attach Listener"            daemon [_thread_blocked, id=4188, stack(0x000000f3e1100000,0x000000f3e1200000) (1024K)]
  0x000002b52f151e00 JavaThread "Service Thread"             daemon [_thread_blocked, id=17136, stack(0x000000f3e1200000,0x000000f3e1300000) (1024K)]
  0x000002b52f154480 JavaThread "Monitor Deflation Thread"   daemon [_thread_blocked, id=23064, stack(0x000000f3e1300000,0x000000f3e1400000) (1024K)]
  0x000002b52f154e20 JavaThread "C2 CompilerThread0"         daemon [_thread_in_native, id=17728, stack(0x000000f3e1400000,0x000000f3e1500000) (1024K)]
  0x000002b52f1554d0 JavaThread "C1 CompilerThread0"         daemon [_thread_blocked, id=8204, stack(0x000000f3e1500000,0x000000f3e1600000) (1024K)]
  0x000002b52f56d6a0 JavaThread "Notification Thread"        daemon [_thread_blocked, id=22452, stack(0x000000f3e1600000,0x000000f3e1700000) (1024K)]
=>0x000002b52f5d4e80 JavaThread "C2 CompilerThread1"         daemon [_thread_in_native, id=21540, stack(0x000000f3e1900000,0x000000f3e1a00000) (1024K)]
  0x000002b5351934c0 JavaThread "Daemon health stats"               [_thread_blocked, id=22968, stack(0x000000f3e1f00000,0x000000f3e2000000) (1024K)]
  0x000002b535229a90 JavaThread "Incoming local TCP Connector on port 61048"        [_thread_in_native, id=20336, stack(0x000000f3e2000000,0x000000f3e2100000) (1024K)]
  0x000002b5353252f0 JavaThread "Daemon periodic checks"            [_thread_blocked, id=13852, stack(0x000000f3e2100000,0x000000f3e2200000) (1024K)]
  0x000002b53535c040 JavaThread "Daemon"                            [_thread_blocked, id=21628, stack(0x000000f3e2200000,0x000000f3e2300000) (1024K)]
  0x000002b5352bea70 JavaThread "Handler for socket connection from /127.0.0.1:61048 to /127.0.0.1:61049"        [_thread_in_native, id=23824, stack(0x000000f3e2300000,0x000000f3e2400000) (1024K)]
  0x000002b5352b82b0 JavaThread "Cancel handler"                    [_thread_blocked, id=23792, stack(0x000000f3e2400000,0x000000f3e2500000) (1024K)]
  0x000002b535337860 JavaThread "Daemon worker"                     [_thread_in_Java, id=13732, stack(0x000000f3e2500000,0x000000f3e2600000) (1024K)]
  0x000002b535335100 JavaThread "Asynchronous log dispatcher for DefaultDaemonConnection: socket connection from /127.0.0.1:61048 to /127.0.0.1:61049"        [_thread_blocked, id=15692, stack(0x000000f3e2600000,0x000000f3e2700000) (1024K)]
  0x000002b535335790 JavaThread "Stdin handler"                     [_thread_blocked, id=17912, stack(0x000000f3e2700000,0x000000f3e2800000) (1024K)]
  0x000002b5353343e0 JavaThread "Daemon client event forwarder"        [_thread_blocked, id=6720, stack(0x000000f3e2800000,0x000000f3e2900000) (1024K)]
  0x000002b535334a70 JavaThread "Cache worker for journal cache (C:\Users\Samsung\.gradle\caches\journal-1)"        [_thread_blocked, id=21164, stack(0x000000f3e2a00000,0x000000f3e2b00000) (1024K)]
  0x000002b535336b40 JavaThread "File lock request listener"        [_thread_in_native, id=2332, stack(0x000000f3e2b00000,0x000000f3e2c00000) (1024K)]
  0x000002b5353364b0 JavaThread "Cache worker for file hash cache (C:\Users\Samsung\.gradle\caches\8.12\fileHashes)"        [_thread_blocked, id=10420, stack(0x000000f3e2c00000,0x000000f3e2d00000) (1024K)]
  0x000002b535335e20 JavaThread "Cache worker for file hash cache (C:\Users\Samsung\Desktop\juicy_project\frontend\android\.gradle\8.12\fileHashes)"        [_thread_blocked, id=23904, stack(0x000000f3e2e00000,0x000000f3e2f00000) (1024K)]
  0x000002b5367907a0 JavaThread "Cache worker for Build Output Cleanup Cache (C:\Users\Samsung\Desktop\juicy_project\frontend\android\.gradle\buildOutputCleanup)"        [_thread_blocked, id=2500, stack(0x000000f3e2f00000,0x000000f3e3000000) (1024K)]
  0x000002b536790110 JavaThread "File watcher server"        daemon [_thread_in_native, id=19532, stack(0x000000f3e3000000,0x000000f3e3100000) (1024K)]
  0x000002b53678e040 JavaThread "File watcher consumer"      daemon [_thread_blocked, id=9992, stack(0x000000f3e3100000,0x000000f3e3200000) (1024K)]
  0x000002b536790e30 JavaThread "jar transforms"                    [_thread_blocked, id=22612, stack(0x000000f3e3200000,0x000000f3e3300000) (1024K)]
  0x000002b53678d9b0 JavaThread "jar transforms Thread 2"           [_thread_blocked, id=13900, stack(0x000000f3e3300000,0x000000f3e3400000) (1024K)]
  0x000002b53678fa80 JavaThread "Cache worker for checksums cache (C:\Users\Samsung\Desktop\juicy_project\frontend\android\.gradle\8.12\checksums)"        [_thread_blocked, id=24316, stack(0x000000f3e3400000,0x000000f3e3500000) (1024K)]
  0x000002b53678e6d0 JavaThread "Cache worker for file content cache (C:\Users\Samsung\.gradle\caches\8.12\fileContent)"        [_thread_blocked, id=24196, stack(0x000000f3e3500000,0x000000f3e3600000) (1024K)]
  0x000002b536794940 JavaThread "Cache worker for cache directory md-rule (C:\Users\Samsung\.gradle\caches\8.12\md-rule)"        [_thread_blocked, id=6612, stack(0x000000f3e3600000,0x000000f3e3700000) (1024K)]
  0x000002b536792f00 JavaThread "Cache worker for cache directory md-supplier (C:\Users\Samsung\.gradle\caches\8.12\md-supplier)"        [_thread_blocked, id=17016, stack(0x000000f3e3700000,0x000000f3e3800000) (1024K)]
  0x000002b536793590 JavaThread "Cache worker for Build Output Cleanup Cache (C:\Users\Samsung\Desktop\Java\flutter\packages\flutter_tools\gradle\.gradle\buildOutputCleanup)"        [_thread_blocked, id=23464, stack(0x000000f3e3800000,0x000000f3e3900000) (1024K)]
  0x000002b538fa3c70 JavaThread "Unconstrained build operations"        [_thread_blocked, id=7536, stack(0x000000f3e2d00000,0x000000f3e2e00000) (1024K)]
  0x000002b538fa5020 JavaThread "Unconstrained build operations Thread 2"        [_thread_blocked, id=2164, stack(0x000000f3e3900000,0x000000f3e3a00000) (1024K)]
  0x000002b538fa6a60 JavaThread "Unconstrained build operations Thread 3"        [_thread_blocked, id=20936, stack(0x000000f3e3a00000,0x000000f3e3b00000) (1024K)]
  0x000002b538fa35e0 JavaThread "Unconstrained build operations Thread 4"        [_thread_blocked, id=23372, stack(0x000000f3e3b00000,0x000000f3e3c00000) (1024K)]
  0x000002b538fa4990 JavaThread "Unconstrained build operations Thread 5"        [_thread_blocked, id=5732, stack(0x000000f3e3c00000,0x000000f3e3d00000) (1024K)]
  0x000002b538fa70f0 JavaThread "Unconstrained build operations Thread 6"        [_thread_blocked, id=24480, stack(0x000000f3e3d00000,0x000000f3e3e00000) (1024K)]
  0x000002b538fa7780 JavaThread "Unconstrained build operations Thread 7"        [_thread_blocked, id=14724, stack(0x000000f3e3e00000,0x000000f3e3f00000) (1024K)]
  0x000002b538fa4300 JavaThread "Unconstrained build operations Thread 8"        [_thread_blocked, id=18156, stack(0x000000f3e3f00000,0x000000f3e4000000) (1024K)]
  0x000002b538fa7e10 JavaThread "Unconstrained build operations Thread 9"        [_thread_blocked, id=24296, stack(0x000000f3e4000000,0x000000f3e4100000) (1024K)]
  0x000002b538fa84a0 JavaThread "Unconstrained build operations Thread 10"        [_thread_blocked, id=22428, stack(0x000000f3e4100000,0x000000f3e4200000) (1024K)]
  0x000002b538fa9850 JavaThread "Unconstrained build operations Thread 11"        [_thread_blocked, id=17000, stack(0x000000f3e4200000,0x000000f3e4300000) (1024K)]
  0x000002b538fa8b30 JavaThread "Unconstrained build operations Thread 12"        [_thread_blocked, id=19036, stack(0x000000f3e4300000,0x000000f3e4400000) (1024K)]
  0x000002b538fa91c0 JavaThread "Unconstrained build operations Thread 13"        [_thread_blocked, id=20576, stack(0x000000f3e4400000,0x000000f3e4500000) (1024K)]
  0x000002b534292c80 JavaThread "Unconstrained build operations Thread 14"        [_thread_blocked, id=3524, stack(0x000000f3e4500000,0x000000f3e4600000) (1024K)]
  0x000002b5342925f0 JavaThread "Unconstrained build operations Thread 15"        [_thread_blocked, id=22436, stack(0x000000f3e4600000,0x000000f3e4700000) (1024K)]
  0x000002b534291240 JavaThread "Unconstrained build operations Thread 16"        [_thread_blocked, id=24224, stack(0x000000f3e4700000,0x000000f3e4800000) (1024K)]
  0x000002b5342918d0 JavaThread "Unconstrained build operations Thread 17"        [_thread_blocked, id=20716, stack(0x000000f3e4800000,0x000000f3e4900000) (1024K)]
  0x000002b53428f800 JavaThread "Unconstrained build operations Thread 18"        [_thread_blocked, id=10884, stack(0x000000f3e4900000,0x000000f3e4a00000) (1024K)]
  0x000002b534290bb0 JavaThread "Unconstrained build operations Thread 19"        [_thread_blocked, id=16488, stack(0x000000f3e4a00000,0x000000f3e4b00000) (1024K)]
  0x000002b534291f60 JavaThread "Unconstrained build operations Thread 20"        [_thread_blocked, id=3696, stack(0x000000f3e4b00000,0x000000f3e4c00000) (1024K)]
  0x000002b53428fe90 JavaThread "Unconstrained build operations Thread 21"        [_thread_blocked, id=11004, stack(0x000000f3e4c00000,0x000000f3e4d00000) (1024K)]
  0x000002b534290520 JavaThread "Memory manager"                    [_thread_blocked, id=11928, stack(0x000000f3e4d00000,0x000000f3e4e00000) (1024K)]
Total: 58

Other Threads:
  0x000002b52f0d9ad0 VMThread "VM Thread"                           [id=12728, stack(0x000000f3e0c00000,0x000000f3e0d00000) (1024K)]
  0x000002b57f5306b0 WatcherThread "VM Periodic Task Thread"        [id=9364, stack(0x000000f3e0b00000,0x000000f3e0c00000) (1024K)]
  0x000002b57ed09290 WorkerThread "GC Thread#0"                     [id=22224, stack(0x000000f3e0600000,0x000000f3e0700000) (1024K)]
  0x000002b52f63cc90 WorkerThread "GC Thread#1"                     [id=24448, stack(0x000000f3e1700000,0x000000f3e1800000) (1024K)]
  0x000002b52f5c9b40 WorkerThread "GC Thread#2"                     [id=22148, stack(0x000000f3e1800000,0x000000f3e1900000) (1024K)]
  0x000002b534212060 WorkerThread "GC Thread#3"                     [id=8772, stack(0x000000f3e1b00000,0x000000f3e1c00000) (1024K)]
  0x000002b5346b0c80 WorkerThread "GC Thread#4"                     [id=23976, stack(0x000000f3e1c00000,0x000000f3e1d00000) (1024K)]
  0x000002b535160ce0 WorkerThread "GC Thread#5"                     [id=23972, stack(0x000000f3e1a00000,0x000000f3e1b00000) (1024K)]
  0x000002b53515d860 WorkerThread "GC Thread#6"                     [id=24168, stack(0x000000f3e1d00000,0x000000f3e1e00000) (1024K)]
  0x000002b535163530 WorkerThread "GC Thread#7"                     [id=24172, stack(0x000000f3e1e00000,0x000000f3e1f00000) (1024K)]
  0x000002b57ed1a180 ConcurrentGCThread "G1 Main Marker"            [id=9932, stack(0x000000f3e0700000,0x000000f3e0800000) (1024K)]
  0x000002b57ed1ab90 WorkerThread "G1 Conc#0"                       [id=1636, stack(0x000000f3e0800000,0x000000f3e0900000) (1024K)]
  0x000002b5351a9a10 WorkerThread "G1 Conc#1"                       [id=17108, stack(0x000000f3e2900000,0x000000f3e2a00000) (1024K)]
  0x000002b57f402f20 ConcurrentGCThread "G1 Refine#0"               [id=1516, stack(0x000000f3e0900000,0x000000f3e0a00000) (1024K)]
  0x000002b57f403fe0 ConcurrentGCThread "G1 Service"                [id=2144, stack(0x000000f3e0a00000,0x000000f3e0b00000) (1024K)]
Total: 15

Threads with active compile tasks:
C2 CompilerThread0  8316 7108   !   4       com.google.common.reflect.TypeVisitor::visit (225 bytes)
C2 CompilerThread1  8316 6948   !   4       java.io.ObjectOutputStream::writeObject0 (620 bytes)
Total: 2

VM state: not at safepoint (normal execution)

VM Mutex/Monitor currently owned by a thread: None

Heap address: 0x0000000600000000, size: 8192 MB, Compressed Oops mode: Zero based, Oop shift amount: 3

CDS archive(s) not mapped
Compressed class space mapped at: 0x0000000800000000-0x0000000840000000, reserved size: 1073741824
Narrow klass base: 0x0000000800000000, Narrow klass shift: 0, Narrow klass range: 0x40000000

GC Precious Log:
 CardTable entry size: 512
 Card Set container configuration: InlinePtr #cards 4 size 8 Array Of Cards #cards 32 size 80 Howl #buckets 8 coarsen threshold 7372 Howl Bitmap #cards 1024 size 144 coarsen threshold 921 Card regions per heap region 1 cards per card region 8192
 CPUs: 8 total, 8 available
 Memory: 7915M
 Large Page Support: Disabled
 NUMA Support: Disabled
 Compressed Oops: Enabled (Zero based)
 Heap Region Size: 4M
 Heap Min Capacity: 8M
 Heap Initial Capacity: 124M
 Heap Max Capacity: 8G
 Pre-touch: Disabled
 Parallel Workers: 8
 Concurrent Workers: 2
 Concurrent Refinement Workers: 8
 Periodic GC: Disabled

Heap:
 garbage-first heap   total 118784K, used 80969K [0x0000000600000000, 0x0000000800000000)
  region size 4096K, 12 young (49152K), 2 survivors (8192K)
 Metaspace       used 66696K, committed 68480K, reserved 1114112K
  class space    used 9367K, committed 10240K, reserved 1048576K

Heap Regions: E=young(eden), S=young(survivor), O=old, HS=humongous(starts), HC=humongous(continues), CS=collection set, F=free, TAMS=top-at-mark-start, PB=parsable bottom
|   0|0x0000000600000000, 0x0000000600400000, 0x0000000600400000|100%|HS|  |TAMS 0x0000000600000000| PB 0x0000000600000000| Complete 
|   1|0x0000000600400000, 0x0000000600800000, 0x0000000600800000|100%| O|  |TAMS 0x0000000600400000| PB 0x0000000600400000| Untracked 
|   2|0x0000000600800000, 0x0000000600c00000, 0x0000000600c00000|100%| O|  |TAMS 0x0000000600800000| PB 0x0000000600800000| Untracked 
|   3|0x0000000600c00000, 0x0000000601000000, 0x0000000601000000|100%| O|  |TAMS 0x0000000600c00000| PB 0x0000000600c00000| Untracked 
|   4|0x0000000601000000, 0x0000000601400000, 0x0000000601400000|100%| O|  |TAMS 0x0000000601000000| PB 0x0000000601000000| Untracked 
|   5|0x0000000601400000, 0x0000000601800000, 0x0000000601800000|100%| O|  |TAMS 0x0000000601400000| PB 0x0000000601400000| Untracked 
|   6|0x0000000601800000, 0x0000000601c00000, 0x0000000601c00000|100%| O|  |TAMS 0x0000000601800000| PB 0x0000000601800000| Untracked 
|   7|0x0000000601c00000, 0x0000000601c53b40, 0x0000000602000000|  8%| O|  |TAMS 0x0000000601c00000| PB 0x0000000601c00000| Untracked 
|   8|0x0000000602000000, 0x0000000602000000, 0x0000000602400000|  0%| F|  |TAMS 0x0000000602000000| PB 0x0000000602000000| Untracked 
|   9|0x0000000602400000, 0x00000006026beaa8, 0x0000000602800000| 68%| S|CS|TAMS 0x0000000602400000| PB 0x0000000602400000| Complete 
|  10|0x0000000602800000, 0x0000000602c00000, 0x0000000602c00000|100%| S|CS|TAMS 0x0000000602800000| PB 0x0000000602800000| Complete 
|  11|0x0000000602c00000, 0x0000000602c00000, 0x0000000603000000|  0%| F|  |TAMS 0x0000000602c00000| PB 0x0000000602c00000| Untracked 
|  12|0x0000000603000000, 0x0000000603000000, 0x0000000603400000|  0%| F|  |TAMS 0x0000000603000000| PB 0x0000000603000000| Untracked 
|  13|0x0000000603400000, 0x0000000603400000, 0x0000000603800000|  0%| F|  |TAMS 0x0000000603400000| PB 0x0000000603400000| Untracked 
|  14|0x0000000603800000, 0x0000000603800000, 0x0000000603c00000|  0%| F|  |TAMS 0x0000000603800000| PB 0x0000000603800000| Untracked 
|  15|0x0000000603c00000, 0x0000000603c00000, 0x0000000604000000|  0%| F|  |TAMS 0x0000000603c00000| PB 0x0000000603c00000| Untracked 
|  16|0x0000000604000000, 0x0000000604000000, 0x0000000604400000|  0%| F|  |TAMS 0x0000000604000000| PB 0x0000000604000000| Untracked 
|  17|0x0000000604400000, 0x00000006045028e0, 0x0000000604800000| 25%| E|  |TAMS 0x0000000604400000| PB 0x0000000604400000| Complete 
|  18|0x0000000604800000, 0x0000000604c00000, 0x0000000604c00000|100%| E|CS|TAMS 0x0000000604800000| PB 0x0000000604800000| Complete 
|  19|0x0000000604c00000, 0x0000000605000000, 0x0000000605000000|100%| E|CS|TAMS 0x0000000604c00000| PB 0x0000000604c00000| Complete 
|  20|0x0000000605000000, 0x0000000605400000, 0x0000000605400000|100%| E|CS|TAMS 0x0000000605000000| PB 0x0000000605000000| Complete 
|  21|0x0000000605400000, 0x0000000605800000, 0x0000000605800000|100%| E|CS|TAMS 0x0000000605400000| PB 0x0000000605400000| Complete 
|  22|0x0000000605800000, 0x0000000605c00000, 0x0000000605c00000|100%| E|CS|TAMS 0x0000000605800000| PB 0x0000000605800000| Complete 
|  23|0x0000000605c00000, 0x0000000606000000, 0x0000000606000000|100%| E|CS|TAMS 0x0000000605c00000| PB 0x0000000605c00000| Complete 
|  24|0x0000000606000000, 0x0000000606400000, 0x0000000606400000|100%| E|CS|TAMS 0x0000000606000000| PB 0x0000000606000000| Complete 
|  25|0x0000000606400000, 0x0000000606800000, 0x0000000606800000|100%| E|CS|TAMS 0x0000000606400000| PB 0x0000000606400000| Complete 
|  30|0x0000000607800000, 0x0000000607c00000, 0x0000000607c00000|100%| E|CS|TAMS 0x0000000607800000| PB 0x0000000607800000| Complete 
|2046|0x00000007ff800000, 0x00000007ffc00000, 0x00000007ffc00000|100%| O|  |TAMS 0x00000007ff800000| PB 0x00000007ff800000| Untracked 
|2047|0x00000007ffc00000, 0x0000000800000000, 0x0000000800000000|100%| O|  |TAMS 0x00000007ffc00000| PB 0x00000007ffc00000| Untracked 

Card table byte_map: [0x000002b524090000,0x000002b525090000] _byte_map_base: 0x000002b521090000

Marking Bits: (CMBitMap*) 0x000002b57ed098a0
 Bits: [0x000002b525090000, 0x000002b52d090000)

Polling page: 0x000002b57ccc0000

Metaspace:

Usage:
  Non-class:     55.99 MB used.
      Class:      9.15 MB used.
       Both:     65.14 MB used.

Virtual space:
  Non-class space:       64.00 MB reserved,      56.88 MB ( 89%) committed,  1 nodes.
      Class space:        1.00 GB reserved,      10.00 MB ( <1%) committed,  1 nodes.
             Both:        1.06 GB reserved,      66.88 MB (  6%) committed. 

Chunk freelists:
   Non-Class:  6.95 MB
       Class:  5.97 MB
        Both:  12.92 MB

MaxMetaspaceSize: 4.00 GB
CompressedClassSpaceSize: 1.00 GB
Initial GC threshold: 21.00 MB
Current GC threshold: 98.75 MB
CDS: off
 - commit_granule_bytes: 65536.
 - commit_granule_words: 8192.
 - virtual_space_node_default_size: 8388608.
 - enlarge_chunks_in_place: 1.
 - use_allocation_guard: 0.


Internal statistics:

num_allocs_failed_limit: 12.
num_arena_births: 3394.
num_arena_deaths: 0.
num_vsnodes_births: 2.
num_vsnodes_deaths: 0.
num_space_committed: 1070.
num_space_uncommitted: 0.
num_chunks_returned_to_freelist: 12.
num_chunks_taken_from_freelist: 6226.
num_chunk_merges: 12.
num_chunk_splits: 3993.
num_chunks_enlarged: 2408.
num_inconsistent_stats: 0.

CodeHeap 'non-profiled nmethods': size=259264Kb used=4024Kb max_used=4024Kb free=255240Kb
 bounds [0x000002b513360000, 0x000002b513750000, 0x000002b523090000]
CodeHeap 'profiled nmethods': size=259264Kb used=12678Kb max_used=12678Kb free=246585Kb
 bounds [0x000002b503090000, 0x000002b503d00000, 0x000002b512dc0000]
CodeHeap 'non-nmethods': size=5760Kb used=2988Kb max_used=3028Kb free=2771Kb
 bounds [0x000002b512dc0000, 0x000002b5130c0000, 0x000002b513360000]
 total_blobs=7433 nmethods=6551 adapters=786
 compilation: enabled
              stopped_count=0, restarted_count=0
 full_count=0

Compilation events (20 events):
Event: 7.285 Thread 0x000002b52f1554d0 nmethod 7131 0x000002b503ceb910 code [0x000002b503cebac0, 0x000002b503cebcb0]
Event: 7.285 Thread 0x000002b52f1554d0 7132       3       org.gradle.api.internal.DefaultMutationGuard::lambda$new$6f6278e5$1 (5 bytes)
Event: 7.285 Thread 0x000002b52f1554d0 nmethod 7132 0x000002b503cebd90 code [0x000002b503cebf40, 0x000002b503cec0b0]
Event: 7.285 Thread 0x000002b52f1554d0 7133       1       org.gradle.api.internal.DefaultDomainObjectCollection::getEventRegister (5 bytes)
Event: 7.285 Thread 0x000002b52f1554d0 nmethod 7133 0x000002b51374d410 code [0x000002b51374d5a0, 0x000002b51374d670]
Event: 7.288 Thread 0x000002b52f1554d0 7134       3       org.gradle.api.internal.DefaultMutationGuard::isLazyContext (29 bytes)
Event: 7.289 Thread 0x000002b52f1554d0 nmethod 7134 0x000002b503cec190 code [0x000002b503cec360, 0x000002b503cec818]
Event: 7.289 Thread 0x000002b52f1554d0 7135       3       org.gradle.api.internal.DefaultDomainObjectCollection::assertEagerContext (17 bytes)
Event: 7.289 Thread 0x000002b52f1554d0 nmethod 7135 0x000002b503cec990 code [0x000002b503cecb60, 0x000002b503cece18]
Event: 7.289 Thread 0x000002b52f1554d0 7136       3       org.gradle.api.internal.DefaultMutationGuard::assertEagerContext (28 bytes)
Event: 7.289 Thread 0x000002b52f1554d0 nmethod 7136 0x000002b503cecf10 code [0x000002b503ced160, 0x000002b503cedbf8]
Event: 7.291 Thread 0x000002b52f1554d0 7137       3       org.gradle.model.internal.type.ClassTypeWrapper::unwrap (11 bytes)
Event: 7.292 Thread 0x000002b52f1554d0 nmethod 7137 0x000002b503cedf90 code [0x000002b503cee140, 0x000002b503cee410]
Event: 7.292 Thread 0x000002b52f1554d0 7138       1       org.gradle.internal.extensibility.ExtensionsStorage$ExtensionHolder::getPublicType (5 bytes)
Event: 7.292 Thread 0x000002b52f1554d0 nmethod 7138 0x000002b51374d710 code [0x000002b51374d8a0, 0x000002b51374d970]
Event: 7.292 Thread 0x000002b52f1554d0 7139       3       org.gradle.internal.instantiation.generator.AbstractClassGenerator$PropertyMetadata$$Lambda/0x00000008002e0f70::test (12 bytes)
Event: 7.293 Thread 0x000002b52f1554d0 nmethod 7139 0x000002b503cee510 code [0x000002b503cee700, 0x000002b503ceed58]
Event: 7.293 Thread 0x000002b52f1554d0 7140       3       org.gradle.internal.instantiation.generator.AbstractClassGenerator$PropertyMetadata::lambda$isReadableWithoutSetterOfPropertyType$0 (14 bytes)
Event: 7.293 Thread 0x000002b52f1554d0 nmethod 7140 0x000002b503ceef90 code [0x000002b503cef1c0, 0x000002b503cefbc8]
Event: 7.378 Thread 0x000002b52f1554d0 7141       3       java.util.concurrent.locks.AbstractQueuedSynchronizer$ConditionObject::unlinkCancelledWaiters (91 bytes)

GC Heap History (20 events):
Event: 1.302 GC heap before
{Heap before GC invocations=2 (full 0):
 garbage-first heap   total 126976K, used 56851K [0x0000000600000000, 0x0000000800000000)
  region size 4096K, 13 young (53248K), 2 survivors (8192K)
 Metaspace       used 14700K, committed 14912K, reserved 1114112K
  class space    used 1624K, committed 1728K, reserved 1048576K
}
Event: 1.310 GC heap after
{Heap after GC invocations=3 (full 0):
 garbage-first heap   total 126976K, used 18092K [0x0000000600000000, 0x0000000800000000)
  region size 4096K, 2 young (8192K), 2 survivors (8192K)
 Metaspace       used 14700K, committed 14912K, reserved 1114112K
  class space    used 1624K, committed 1728K, reserved 1048576K
}
Event: 1.708 GC heap before
{Heap before GC invocations=3 (full 0):
 garbage-first heap   total 126976K, used 38572K [0x0000000600000000, 0x0000000800000000)
  region size 4096K, 8 young (32768K), 2 survivors (8192K)
 Metaspace       used 21208K, committed 21504K, reserved 1114112K
  class space    used 2497K, committed 2624K, reserved 1048576K
}
Event: 1.711 GC heap after
{Heap after GC invocations=4 (full 0):
 garbage-first heap   total 126976K, used 20647K [0x0000000600000000, 0x0000000800000000)
  region size 4096K, 3 young (12288K), 3 survivors (12288K)
 Metaspace       used 21208K, committed 21504K, reserved 1114112K
  class space    used 2497K, committed 2624K, reserved 1048576K
}
Event: 2.450 GC heap before
{Heap before GC invocations=5 (full 0):
 garbage-first heap   total 81920K, used 77991K [0x0000000600000000, 0x0000000800000000)
  region size 4096K, 17 young (69632K), 3 survivors (12288K)
 Metaspace       used 30414K, committed 31040K, reserved 1114112K
  class space    used 3990K, committed 4288K, reserved 1048576K
}
Event: 2.456 GC heap after
{Heap after GC invocations=6 (full 0):
 garbage-first heap   total 98304K, used 24120K [0x0000000600000000, 0x0000000800000000)
  region size 4096K, 2 young (8192K), 2 survivors (8192K)
 Metaspace       used 30414K, committed 31040K, reserved 1114112K
  class space    used 3990K, committed 4288K, reserved 1048576K
}
Event: 2.928 GC heap before
{Heap before GC invocations=6 (full 0):
 garbage-first heap   total 98304K, used 56888K [0x0000000600000000, 0x0000000800000000)
  region size 4096K, 11 young (45056K), 2 survivors (8192K)
 Metaspace       used 35163K, committed 35968K, reserved 1114112K
  class space    used 4797K, committed 5184K, reserved 1048576K
}
Event: 2.934 GC heap after
{Heap after GC invocations=7 (full 0):
 garbage-first heap   total 98304K, used 26088K [0x0000000600000000, 0x0000000800000000)
  region size 4096K, 2 young (8192K), 2 survivors (8192K)
 Metaspace       used 35163K, committed 35968K, reserved 1114112K
  class space    used 4797K, committed 5184K, reserved 1048576K
}
Event: 2.961 GC heap before
{Heap before GC invocations=7 (full 0):
 garbage-first heap   total 98304K, used 26088K [0x0000000600000000, 0x0000000800000000)
  region size 4096K, 3 young (12288K), 2 survivors (8192K)
 Metaspace       used 35466K, committed 36288K, reserved 1114112K
  class space    used 4824K, committed 5184K, reserved 1048576K
}
Event: 2.964 GC heap after
{Heap after GC invocations=8 (full 0):
 garbage-first heap   total 98304K, used 26128K [0x0000000600000000, 0x0000000800000000)
  region size 4096K, 1 young (4096K), 1 survivors (4096K)
 Metaspace       used 35466K, committed 36288K, reserved 1114112K
  class space    used 4824K, committed 5184K, reserved 1048576K
}
Event: 3.783 GC heap before
{Heap before GC invocations=9 (full 0):
 garbage-first heap   total 98304K, used 79376K [0x0000000600000000, 0x0000000800000000)
  region size 4096K, 14 young (57344K), 1 survivors (4096K)
 Metaspace       used 44823K, committed 45760K, reserved 1114112K
  class space    used 6004K, committed 6464K, reserved 1048576K
}
Event: 3.788 GC heap after
{Heap after GC invocations=10 (full 0):
 garbage-first heap   total 118784K, used 30999K [0x0000000600000000, 0x0000000800000000)
  region size 4096K, 2 young (8192K), 2 survivors (8192K)
 Metaspace       used 44823K, committed 45760K, reserved 1114112K
  class space    used 6004K, committed 6464K, reserved 1048576K
}
Event: 4.232 GC heap before
{Heap before GC invocations=10 (full 0):
 garbage-first heap   total 118784K, used 88343K [0x0000000600000000, 0x0000000800000000)
  region size 4096K, 17 young (69632K), 2 survivors (8192K)
 Metaspace       used 49506K, committed 50560K, reserved 1114112K
  class space    used 6511K, committed 7040K, reserved 1048576K
}
Event: 4.239 GC heap after
{Heap after GC invocations=11 (full 0):
 garbage-first heap   total 118784K, used 33475K [0x0000000600000000, 0x0000000800000000)
  region size 4096K, 2 young (8192K), 2 survivors (8192K)
 Metaspace       used 49506K, committed 50560K, reserved 1114112K
  class space    used 6511K, committed 7040K, reserved 1048576K
}
Event: 4.917 GC heap before
{Heap before GC invocations=11 (full 0):
 garbage-first heap   total 118784K, used 94915K [0x0000000600000000, 0x0000000800000000)
  region size 4096K, 17 young (69632K), 2 survivors (8192K)
 Metaspace       used 55801K, committed 57280K, reserved 1114112K
  class space    used 7576K, committed 8256K, reserved 1048576K
}
Event: 4.923 GC heap after
{Heap after GC invocations=12 (full 0):
 garbage-first heap   total 118784K, used 37585K [0x0000000600000000, 0x0000000800000000)
  region size 4096K, 2 young (8192K), 2 survivors (8192K)
 Metaspace       used 55801K, committed 57280K, reserved 1114112K
  class space    used 7576K, committed 8256K, reserved 1048576K
}
Event: 5.460 GC heap before
{Heap before GC invocations=12 (full 0):
 garbage-first heap   total 118784K, used 86737K [0x0000000600000000, 0x0000000800000000)
  region size 4096K, 15 young (61440K), 2 survivors (8192K)
 Metaspace       used 59089K, committed 60608K, reserved 1114112K
  class space    used 8146K, committed 8896K, reserved 1048576K
}
Event: 5.467 GC heap after
{Heap after GC invocations=13 (full 0):
 garbage-first heap   total 118784K, used 40038K [0x0000000600000000, 0x0000000800000000)
  region size 4096K, 2 young (8192K), 2 survivors (8192K)
 Metaspace       used 59089K, committed 60608K, reserved 1114112K
  class space    used 8146K, committed 8896K, reserved 1048576K
}
Event: 6.600 GC heap before
{Heap before GC invocations=14 (full 0):
 garbage-first heap   total 118784K, used 97382K [0x0000000600000000, 0x0000000800000000)
  region size 4096K, 16 young (65536K), 2 survivors (8192K)
 Metaspace       used 63198K, committed 64832K, reserved 1114112K
  class space    used 8756K, committed 9536K, reserved 1048576K
}
Event: 6.610 GC heap after
{Heap after GC invocations=15 (full 0):
 garbage-first heap   total 118784K, used 44105K [0x0000000600000000, 0x0000000800000000)
  region size 4096K, 2 young (8192K), 2 survivors (8192K)
 Metaspace       used 63198K, committed 64832K, reserved 1114112K
  class space    used 8756K, committed 9536K, reserved 1048576K
}

Dll operation events (3 events):
Event: 0.005 Loaded shared library C:\Program Files\Android\Android Studio\jbr\bin\java.dll
Event: 0.009 Loaded shared library C:\Program Files\Android\Android Studio\jbr\bin\zip.dll
Event: 0.434 Loaded shared library C:\Program Files\Android\Android Studio\jbr\bin\verify.dll

Deoptimization events (20 events):
Event: 7.161 Thread 0x000002b535337860 DEOPT UNPACKING pc=0x000002b512e17da2 sp=0x000000f3e25f4198 mode 2
Event: 7.161 Thread 0x000002b535337860 Uncommon trap: trap_request=0xffffffde fr.pc=0x000002b51361776c relative=0x000000000000020c
Event: 7.161 Thread 0x000002b535337860 Uncommon trap: reason=class_check action=maybe_recompile pc=0x000002b51361776c method=java.util.regex.Matcher.search(I)Z @ 121 c2
Event: 7.161 Thread 0x000002b535337860 DEOPT PACKING pc=0x000002b51361776c sp=0x000000f3e25f4250
Event: 7.161 Thread 0x000002b535337860 DEOPT UNPACKING pc=0x000002b512e17da2 sp=0x000000f3e25f4198 mode 2
Event: 7.169 Thread 0x000002b535337860 Uncommon trap: trap_request=0xffffffde fr.pc=0x000002b51361776c relative=0x000000000000020c
Event: 7.169 Thread 0x000002b535337860 Uncommon trap: reason=class_check action=maybe_recompile pc=0x000002b51361776c method=java.util.regex.Matcher.search(I)Z @ 121 c2
Event: 7.169 Thread 0x000002b535337860 DEOPT PACKING pc=0x000002b51361776c sp=0x000000f3e25f41f0
Event: 7.169 Thread 0x000002b535337860 DEOPT UNPACKING pc=0x000002b512e17da2 sp=0x000000f3e25f4138 mode 2
Event: 7.169 Thread 0x000002b535337860 Uncommon trap: trap_request=0xffffffde fr.pc=0x000002b51361776c relative=0x000000000000020c
Event: 7.169 Thread 0x000002b535337860 Uncommon trap: reason=class_check action=maybe_recompile pc=0x000002b51361776c method=java.util.regex.Matcher.search(I)Z @ 121 c2
Event: 7.169 Thread 0x000002b535337860 DEOPT PACKING pc=0x000002b51361776c sp=0x000000f3e25f41f0
Event: 7.169 Thread 0x000002b535337860 DEOPT UNPACKING pc=0x000002b512e17da2 sp=0x000000f3e25f4138 mode 2
Event: 7.177 Thread 0x000002b535337860 Uncommon trap: trap_request=0xffffffde fr.pc=0x000002b51361252c relative=0x00000000000001ec
Event: 7.177 Thread 0x000002b535337860 Uncommon trap: reason=class_check action=maybe_recompile pc=0x000002b51361252c method=java.util.regex.Matcher.search(I)Z @ 121 c2
Event: 7.177 Thread 0x000002b535337860 DEOPT PACKING pc=0x000002b51361252c sp=0x000000f3e25f41d0
Event: 7.177 Thread 0x000002b535337860 DEOPT UNPACKING pc=0x000002b512e17da2 sp=0x000000f3e25f4190 mode 2
Event: 7.361 Thread 0x000002b5351934c0 Uncommon trap: trap_request=0xffffffc6 fr.pc=0x000002b51359bb90 relative=0x0000000000000270
Event: 7.361 Thread 0x000002b5351934c0 Uncommon trap: reason=bimorphic_or_optimized_type_check action=maybe_recompile pc=0x000002b51359bb90 method=java.util.stream.Sink$ChainedReference.cancellationRequested()Z @ 4 c2
Event: 7.361 Thread 0x000002b5351934c0 DEOPT PACKING pc=0x000002b51359bb90 sp=0x000000f3e1ffe810

Classes loaded (20 events):
Event: 6.922 Loading class javax/xml/parsers/FactoryFinder
Event: 6.923 Loading class javax/xml/parsers/FactoryFinder done
Event: 6.923 Loading class javax/xml/parsers/FactoryFinder$1
Event: 6.923 Loading class javax/xml/parsers/FactoryFinder$1 done
Event: 6.924 Loading class com/sun/org/apache/xerces/internal/jaxp/DocumentBuilderFactoryImpl
Event: 6.925 Loading class com/sun/org/apache/xerces/internal/jaxp/DocumentBuilderFactoryImpl done
Event: 6.925 Loading class com/sun/org/apache/xerces/internal/utils/XMLSecurityManager
Event: 6.928 Loading class com/sun/org/apache/xerces/internal/utils/XMLSecurityManager done
Event: 6.931 Loading class com/sun/org/apache/xerces/internal/utils/XMLSecurityManager$Limit
Event: 6.932 Loading class com/sun/org/apache/xerces/internal/utils/XMLSecurityManager$Limit done
Event: 6.932 Loading class com/sun/org/apache/xerces/internal/utils/XMLSecurityManager$NameMap
Event: 6.932 Loading class com/sun/org/apache/xerces/internal/utils/XMLSecurityManager$NameMap done
Event: 6.932 Loading class com/sun/org/apache/xerces/internal/utils/XMLSecurityPropertyManager
Event: 6.933 Loading class com/sun/org/apache/xerces/internal/utils/XMLSecurityPropertyManager done
Event: 6.933 Loading class com/sun/org/apache/xerces/internal/utils/XMLSecurityPropertyManager$State
Event: 6.933 Loading class com/sun/org/apache/xerces/internal/utils/XMLSecurityPropertyManager$State done
Event: 6.933 Loading class com/sun/org/apache/xerces/internal/utils/XMLSecurityPropertyManager$Property
Event: 6.933 Loading class com/sun/org/apache/xerces/internal/utils/XMLSecurityPropertyManager$Property done
Event: 7.016 Loading class java/util/regex/Pattern$SliceI
Event: 7.016 Loading class java/util/regex/Pattern$SliceI done

Classes unloaded (0 events):
No events

Classes redefined (0 events):
No events

Internal exceptions (20 events):
Event: 5.157 Thread 0x000002b535337860 Exception <a 'java/lang/ClassNotFoundException'{0x0000000604a987a8}: org/gradle/configuration/internal/DefaultListenerBuildOperationDecorator$BuildOperationEmittingClosureBeanInfo> (0x0000000604a987a8) 
thrown [s\src\hotspot\share\classfile\systemDictionary.cpp, line 312]
Event: 5.158 Thread 0x000002b535337860 Exception <a 'java/lang/ClassNotFoundException'{0x0000000604ab30a8}: org/gradle/configuration/internal/DefaultListenerBuildOperationDecorator$BuildOperationEmittingClosureCustomizer> (0x0000000604ab30a8) 
thrown [s\src\hotspot\share\classfile\systemDictionary.cpp, line 312]
Event: 5.170 Thread 0x000002b5353343e0 Exception <a 'java/lang/NoSuchMethodError'{0x0000000604b438c8}: static Lorg/gradle/internal/build/event/types/DefaultProjectConfigurationDescriptor;.<clinit>()V> (0x0000000604b438c8) 
thrown [s\src\hotspot\share\prims\jni.cpp, line 1144]
Event: 5.258 Thread 0x000002b535337860 Exception <a 'java/lang/NoSuchMethodError'{0x0000000604263958}: 'long java.lang.invoke.DirectMethodHandle$Holder.invokeStatic(java.lang.Object, long)'> (0x0000000604263958) 
thrown [s\src\hotspot\share\interpreter\linkResolver.cpp, line 784]
Event: 5.321 Thread 0x000002b535337860 Exception <a 'java/lang/NoSuchMethodError'{0x0000000603eed8c8}: 'java.lang.Object java.lang.invoke.DirectMethodHandle$Holder.invokeVirtual(java.lang.Object, java.lang.Object, java.lang.Object, java.lang.Object, java.lang.Object, java.lang.Object, java.lang.Object, java.lang.Object, java.lang.Object, java.lang.Object, java.lang.Object, java.lang.Object, java.lang.Object, java.lang.Object, java.lang.Object, java.lang.Object, java.lang.Object)'> (0x0000000603eed8c8) 
thrown [s\src\hotspot\share\interpreter\li
Event: 5.322 Thread 0x000002b535337860 Exception <a 'java/lang/NoSuchMethodError'{0x0000000603ef3e30}: 'java.lang.Object java.lang.invoke.DirectMethodHandle$Holder.invokeSpecial(java.lang.Object, java.lang.Object, java.lang.Object, java.lang.Object, java.lang.Object, java.lang.Object, java.lang.Object, java.lang.Object, java.lang.Object, java.lang.Object, java.lang.Object, java.lang.Object, java.lang.Object, java.lang.Object, java.lang.Object, java.lang.Object, java.lang.Object, java.lang.Object)'> (0x0000000603ef3e30) 
thrown [s\src\hotspot\sh
Event: 5.322 Thread 0x000002b535337860 Exception <a 'java/lang/NoSuchMethodError'{0x0000000603ef9b98}: 'java.lang.Object java.lang.invoke.DelegatingMethodHandle$Holder.reinvoke_L(java.lang.Object, java.lang.Object, java.lang.Object, java.lang.Object, java.lang.Object, java.lang.Object, java.lang.Object, java.lang.Object, java.lang.Object, java.lang.Object, java.lang.Object, java.lang.Object, java.lang.Object, java.lang.Object, java.lang.Object, java.lang.Object, java.lang.Object)'> (0x0000000603ef9b98) 
thrown [s\src\hotspot\share\interpreter\l
Event: 5.749 Thread 0x000002b535337860 Exception <a 'java/lang/NoSuchMethodError'{0x0000000606753698}: 'java.lang.Object java.lang.invoke.DirectMethodHandle$Holder.newInvokeSpecial(java.lang.Object, int, java.lang.Object)'> (0x0000000606753698) 
thrown [s\src\hotspot\share\interpreter\linkResolver.cpp, line 784]
Event: 5.867 Thread 0x000002b535337860 Exception <a 'java/lang/NoSuchMethodError'{0x0000000605f1f010}: 'int java.lang.invoke.DirectMethodHandle$Holder.invokeSpecialIFC(java.lang.Object, java.lang.Object, java.lang.Object)'> (0x0000000605f1f010) 
thrown [s\src\hotspot\share\interpreter\linkResolver.cpp, line 784]
Event: 5.964 Thread 0x000002b535337860 Exception <a 'java/lang/NoSuchMethodError'{0x0000000605bb1990}: 'void java.lang.invoke.DirectMethodHandle$Holder.invokeStatic(java.lang.Object, java.lang.Object, java.lang.Object, int, java.lang.Object)'> (0x0000000605bb1990) 
thrown [s\src\hotspot\share\interpreter\linkResolver.cpp, line 784]
Event: 5.989 Thread 0x000002b535337860 Exception <a 'java/lang/NoSuchMethodError'{0x0000000605588ef8}: 'int java.lang.invoke.DirectMethodHandle$Holder.invokeInterface(java.lang.Object, java.lang.Object, java.lang.Object, java.lang.Object, java.lang.Object)'> (0x0000000605588ef8) 
thrown [s\src\hotspot\share\interpreter\linkResolver.cpp, line 784]
Event: 6.024 Thread 0x000002b535337860 Exception <a 'java/lang/NoSuchMethodError'{0x00000006057d5eb8}: 'java.lang.Object java.lang.invoke.DirectMethodHandle$Holder.invokeSpecial(java.lang.Object, java.lang.Object, long, java.lang.Object, java.lang.Object)'> (0x00000006057d5eb8) 
thrown [s\src\hotspot\share\interpreter\linkResolver.cpp, line 784]
Event: 6.136 Thread 0x000002b535337860 Exception <a 'java/lang/IncompatibleClassChangeError'{0x0000000604e3aee8}: Found class java.lang.Object, but interface was expected> (0x0000000604e3aee8) 
thrown [s\src\hotspot\share\interpreter\linkResolver.cpp, line 851]
Event: 6.184 Thread 0x000002b535337860 Exception <a 'java/lang/NoSuchMethodError'{0x0000000604a7c988}: 'java.lang.Object java.lang.invoke.DirectMethodHandle$Holder.newInvokeSpecial(java.lang.Object, java.lang.Object, java.lang.Object, java.lang.Object, int, java.lang.Object)'> (0x0000000604a7c988) 
thrown [s\src\hotspot\share\interpreter\linkResolver.cpp, line 784]
Event: 6.184 Thread 0x000002b535337860 Exception <a 'java/lang/NoSuchMethodError'{0x0000000604a85798}: 'java.lang.Object java.lang.invoke.Invokers$Holder.linkToTargetMethod(java.lang.Object, java.lang.Object, java.lang.Object, int, java.lang.Object, java.lang.Object)'> (0x0000000604a85798) 
thrown [s\src\hotspot\share\interpreter\linkResolver.cpp, line 784]
Event: 6.340 Thread 0x000002b535337860 Exception <a 'java/lang/NoSuchMethodError'{0x000000060435c058}: 'java.lang.Object java.lang.invoke.DirectMethodHandle$Holder.invokeSpecialIFC(java.lang.Object, java.lang.Object, java.lang.Object)'> (0x000000060435c058) 
thrown [s\src\hotspot\share\interpreter\linkResolver.cpp, line 784]
Event: 6.935 Thread 0x000002b535337860 Exception <a 'java/lang/NoSuchMethodError'{0x0000000605eace58}: 'java.lang.Object java.lang.invoke.DirectMethodHandle$Holder.newInvokeSpecial(java.lang.Object, java.lang.Object, java.lang.Object, java.lang.Object, java.lang.Object, java.lang.Object, java.lang.Object, java.lang.Object, java.lang.Object, java.lang.Object, java.lang.Object, java.lang.Object, java.lang.Object, java.lang.Object, java.lang.Object, java.lang.Object)'> (0x0000000605eace58) 
thrown [s\src\hotspot\share\interpreter\linkResolver.cpp,
Event: 6.936 Thread 0x000002b535337860 Exception <a 'java/lang/NoSuchMethodError'{0x0000000605eb42d0}: 'java.lang.Object java.lang.invoke.DirectMethodHandle$Holder.invokeSpecial(java.lang.Object, java.lang.Object, java.lang.Object, java.lang.Object, java.lang.Object, java.lang.Object, java.lang.Object, java.lang.Object, java.lang.Object, java.lang.Object, java.lang.Object, java.lang.Object, java.lang.Object, java.lang.Object, java.lang.Object, java.lang.Object, java.lang.Object)'> (0x0000000605eb42d0) 
thrown [s\src\hotspot\share\interpreter\li
Event: 6.937 Thread 0x000002b535337860 Exception <a 'java/lang/NoSuchMethodError'{0x0000000605eba6c0}: 'java.lang.Object java.lang.invoke.DelegatingMethodHandle$Holder.reinvoke_L(java.lang.Object, java.lang.Object, java.lang.Object, java.lang.Object, java.lang.Object, java.lang.Object, java.lang.Object, java.lang.Object, java.lang.Object, java.lang.Object, java.lang.Object, java.lang.Object, java.lang.Object, java.lang.Object, java.lang.Object, java.lang.Object)'> (0x0000000605eba6c0) 
thrown [s\src\hotspot\share\interpreter\linkResolver.cpp, l
Event: 7.216 Thread 0x000002b535337860 Exception <a 'java/lang/NoSuchMethodError'{0x0000000604f9cb10}: 'java.lang.Object java.lang.invoke.DirectMethodHandle$Holder.newInvokeSpecial(java.lang.Object, java.lang.Object, java.lang.Object, java.lang.Object, java.lang.Object, java.lang.Object, java.lang.Object, java.lang.Object, java.lang.Object, java.lang.Object, java.lang.Object, java.lang.Object, java.lang.Object, java.lang.Object, java.lang.Object, java.lang.Object, java.lang.Object, java.lang.Object, java.lang.Object, java.lang.Object, java.lang

ZGC Phase Switch (0 events):
No events

VM Operations (20 events):
Event: 5.510 Executing VM operation: G1PauseCleanup done
Event: 5.880 Executing VM operation: HandshakeAllThreads (Deoptimize)
Event: 5.880 Executing VM operation: HandshakeAllThreads (Deoptimize) done
Event: 6.106 Executing VM operation: ICBufferFull
Event: 6.106 Executing VM operation: ICBufferFull done
Event: 6.160 Executing VM operation: HandshakeAllThreads (Deoptimize)
Event: 6.160 Executing VM operation: HandshakeAllThreads (Deoptimize) done
Event: 6.181 Executing VM operation: HandshakeAllThreads (Deoptimize)
Event: 6.182 Executing VM operation: HandshakeAllThreads (Deoptimize) done
Event: 6.223 Executing VM operation: ICBufferFull
Event: 6.224 Executing VM operation: ICBufferFull done
Event: 6.530 Executing VM operation: ICBufferFull
Event: 6.530 Executing VM operation: ICBufferFull done
Event: 6.600 Executing VM operation: G1CollectForAllocation (G1 Evacuation Pause)
Event: 6.610 Executing VM operation: G1CollectForAllocation (G1 Evacuation Pause) done
Event: 6.947 Executing VM operation: HandshakeAllThreads (Deoptimize)
Event: 6.947 Executing VM operation: HandshakeAllThreads (Deoptimize) done
Event: 7.161 Executing VM operation: ICBufferFull
Event: 7.161 Executing VM operation: ICBufferFull done
Event: 8.168 Executing VM operation: Cleanup

Memory protections (0 events):
No events

Nmethod flushes (20 events):
Event: 5.501 Thread 0x000002b52f0d9ad0 flushing  nmethod 0x000002b50316f490
Event: 5.501 Thread 0x000002b52f0d9ad0 flushing  nmethod 0x000002b503175b10
Event: 5.501 Thread 0x000002b52f0d9ad0 flushing  nmethod 0x000002b503176990
Event: 5.501 Thread 0x000002b52f0d9ad0 flushing  nmethod 0x000002b5031dd810
Event: 5.501 Thread 0x000002b52f0d9ad0 flushing  nmethod 0x000002b5031df910
Event: 5.501 Thread 0x000002b52f0d9ad0 flushing  nmethod 0x000002b5031e0a10
Event: 5.501 Thread 0x000002b52f0d9ad0 flushing  nmethod 0x000002b5031e2010
Event: 5.501 Thread 0x000002b52f0d9ad0 flushing  nmethod 0x000002b5031e3810
Event: 5.501 Thread 0x000002b52f0d9ad0 flushing  nmethod 0x000002b50324ad10
Event: 5.501 Thread 0x000002b52f0d9ad0 flushing  nmethod 0x000002b50324be10
Event: 5.501 Thread 0x000002b52f0d9ad0 flushing  nmethod 0x000002b50324da10
Event: 5.501 Thread 0x000002b52f0d9ad0 flushing  nmethod 0x000002b5033d3390
Event: 5.501 Thread 0x000002b52f0d9ad0 flushing  nmethod 0x000002b503424490
Event: 5.501 Thread 0x000002b52f0d9ad0 flushing  nmethod 0x000002b503426790
Event: 5.501 Thread 0x000002b52f0d9ad0 flushing  nmethod 0x000002b503483b10
Event: 5.501 Thread 0x000002b52f0d9ad0 flushing  nmethod 0x000002b503484010
Event: 5.501 Thread 0x000002b52f0d9ad0 flushing  nmethod 0x000002b5036b8290
Event: 5.501 Thread 0x000002b52f0d9ad0 flushing  nmethod 0x000002b5036b9110
Event: 5.501 Thread 0x000002b52f0d9ad0 flushing  nmethod 0x000002b5036ba810
Event: 5.501 Thread 0x000002b52f0d9ad0 flushing  nmethod 0x000002b5036bb110

Events (20 events):
Event: 6.150 Thread 0x000002b535337860 Thread added: 0x000002b538fa6a60
Event: 6.150 Thread 0x000002b535337860 Thread added: 0x000002b538fa35e0
Event: 6.150 Thread 0x000002b535337860 Thread added: 0x000002b538fa4990
Event: 6.150 Thread 0x000002b535337860 Thread added: 0x000002b538fa70f0
Event: 6.150 Thread 0x000002b535337860 Thread added: 0x000002b538fa7780
Event: 6.206 Thread 0x000002b535337860 Thread added: 0x000002b538fa4300
Event: 6.208 Thread 0x000002b535337860 Thread added: 0x000002b538fa7e10
Event: 6.209 Thread 0x000002b535337860 Thread added: 0x000002b538fa84a0
Event: 6.211 Thread 0x000002b535337860 Thread added: 0x000002b538fa9850
Event: 6.213 Thread 0x000002b535337860 Thread added: 0x000002b538fa8b30
Event: 6.223 Thread 0x000002b535337860 Thread added: 0x000002b538fa91c0
Event: 6.225 Thread 0x000002b535337860 Thread added: 0x000002b534292c80
Event: 6.341 Thread 0x000002b535337860 Thread added: 0x000002b5342925f0
Event: 6.342 Thread 0x000002b535337860 Thread added: 0x000002b534291240
Event: 6.343 Thread 0x000002b535337860 Thread added: 0x000002b5342918d0
Event: 6.345 Thread 0x000002b535337860 Thread added: 0x000002b53428f800
Event: 6.347 Thread 0x000002b535337860 Thread added: 0x000002b534290bb0
Event: 6.350 Thread 0x000002b535337860 Thread added: 0x000002b534291f60
Event: 6.352 Thread 0x000002b535337860 Thread added: 0x000002b53428fe90
Event: 7.040 Thread 0x000002b535337860 Thread added: 0x000002b534290520


Dynamic libraries:
0x00007ff662ba0000 - 0x00007ff662baa000 	C:\Program Files\Android\Android Studio\jbr\bin\java.exe
0x00007ffaa2f20000 - 0x00007ffaa3187000 	C:\WINDOWS\SYSTEM32\ntdll.dll
0x00007ffaa1d10000 - 0x00007ffaa1dd9000 	C:\WINDOWS\System32\KERNEL32.DLL
0x00007ffaa0280000 - 0x00007ffaa066f000 	C:\WINDOWS\System32\KERNELBASE.dll
0x00007ffaa0880000 - 0x00007ffaa09cb000 	C:\WINDOWS\System32\ucrtbase.dll
0x00007ffa90720000 - 0x00007ffa90738000 	C:\Program Files\Android\Android Studio\jbr\bin\jli.dll
0x00007ffa93450000 - 0x00007ffa9346b000 	C:\Program Files\Android\Android Studio\jbr\bin\VCRUNTIME140.dll
0x00007ffaa2c60000 - 0x00007ffaa2e25000 	C:\WINDOWS\System32\USER32.dll
0x00007ffaa0250000 - 0x00007ffaa0277000 	C:\WINDOWS\System32\win32u.dll
0x00007ffa879d0000 - 0x00007ffa87c63000 	C:\WINDOWS\WinSxS\amd64_microsoft.windows.common-controls_6595b64144ccf1df_6.0.26100.7309_none_3e05feeae336a044\COMCTL32.dll
0x00007ffaa2870000 - 0x00007ffaa289b000 	C:\WINDOWS\System32\GDI32.dll
0x00007ffaa0070000 - 0x00007ffaa019c000 	C:\WINDOWS\System32\gdi32full.dll
0x00007ffaa0cc0000 - 0x00007ffaa0d69000 	C:\WINDOWS\System32\msvcrt.dll
0x00007ffaa09d0000 - 0x00007ffaa0a73000 	C:\WINDOWS\System32\msvcp_win.dll
0x00007ffaa2680000 - 0x00007ffaa26b1000 	C:\WINDOWS\System32\IMM32.DLL
0x00007ffa949c0000 - 0x00007ffa949cc000 	C:\Program Files\Android\Android Studio\jbr\bin\vcruntime140_1.dll
0x00007ffa5c6e0000 - 0x00007ffa5c76d000 	C:\Program Files\Android\Android Studio\jbr\bin\msvcp140.dll
0x00007ff9b8bf0000 - 0x00007ff9b987e000 	C:\Program Files\Android\Android Studio\jbr\bin\server\jvm.dll
0x00007ffaa28a0000 - 0x00007ffaa2954000 	C:\WINDOWS\System32\ADVAPI32.dll
0x00007ffaa23b0000 - 0x00007ffaa2456000 	C:\WINDOWS\System32\sechost.dll
0x00007ffaa26c0000 - 0x00007ffaa27d8000 	C:\WINDOWS\System32\RPCRT4.dll
0x00007ffaa2330000 - 0x00007ffaa23a4000 	C:\WINDOWS\System32\WS2_32.dll
0x00007ffa9fed0000 - 0x00007ffa9ff2e000 	C:\WINDOWS\SYSTEM32\POWRPROF.dll
0x00007ffa867e0000 - 0x00007ffa86815000 	C:\WINDOWS\SYSTEM32\WINMM.dll
0x00007ffa9e9b0000 - 0x00007ffa9e9bb000 	C:\WINDOWS\SYSTEM32\VERSION.dll
0x00007ffa9feb0000 - 0x00007ffa9fec4000 	C:\WINDOWS\SYSTEM32\UMPDC.dll
0x00007ffa9ee20000 - 0x00007ffa9ee3b000 	C:\WINDOWS\SYSTEM32\kernel.appcore.dll
0x00007ffa87c70000 - 0x00007ffa87c7a000 	C:\Program Files\Android\Android Studio\jbr\bin\jimage.dll
0x00007ffa9d200000 - 0x00007ffa9d442000 	C:\WINDOWS\SYSTEM32\DBGHELP.DLL
0x00007ffaa1980000 - 0x00007ffaa1d06000 	C:\WINDOWS\System32\combase.dll
0x00007ffaa1540000 - 0x00007ffaa1616000 	C:\WINDOWS\System32\OLEAUT32.dll
0x00007ffa7c8f0000 - 0x00007ffa7c92c000 	C:\WINDOWS\SYSTEM32\dbgcore.DLL
0x00007ffaa01a0000 - 0x00007ffaa0245000 	C:\WINDOWS\System32\bcryptPrimitives.dll
0x00007ffa87660000 - 0x00007ffa8766e000 	C:\Program Files\Android\Android Studio\jbr\bin\instrument.dll
0x00007ffa874c0000 - 0x00007ffa874e0000 	C:\Program Files\Android\Android Studio\jbr\bin\java.dll
0x00007ffa75030000 - 0x00007ffa75048000 	C:\Program Files\Android\Android Studio\jbr\bin\zip.dll
0x00007ffaa0de0000 - 0x00007ffaa1533000 	C:\WINDOWS\System32\SHELL32.dll
0x00007ffaa0710000 - 0x00007ffaa087a000 	C:\WINDOWS\System32\wintypes.dll
0x00007ffa9d9c0000 - 0x00007ffa9e21e000 	C:\WINDOWS\SYSTEM32\windows.storage.dll
0x00007ffaa1880000 - 0x00007ffaa1975000 	C:\WINDOWS\System32\SHCORE.dll
0x00007ffaa1810000 - 0x00007ffaa1876000 	C:\WINDOWS\System32\shlwapi.dll
0x00007ffa9ff90000 - 0x00007ffa9ffb9000 	C:\WINDOWS\SYSTEM32\profapi.dll
0x00007ffa855d0000 - 0x00007ffa855e0000 	C:\Program Files\Android\Android Studio\jbr\bin\net.dll
0x00007ffa96da0000 - 0x00007ffa96ec8000 	C:\WINDOWS\SYSTEM32\WINHTTP.dll
0x00007ffa9f390000 - 0x00007ffa9f3fb000 	C:\WINDOWS\system32\mswsock.dll
0x00007ffa691a0000 - 0x00007ffa691b6000 	C:\Program Files\Android\Android Studio\jbr\bin\nio.dll
0x00007ffa84e60000 - 0x00007ffa84e70000 	C:\Program Files\Android\Android Studio\jbr\bin\verify.dll
0x00007ffa64c10000 - 0x00007ffa64c37000 	C:\Users\Samsung\.gradle\native\1def1411415f61bf3af743bc5b6707747c0891f09f0c88961ee8f79bc544acac\windows-amd64\native-platform.dll
0x0000000072e90000 - 0x0000000072f03000 	C:\Users\Samsung\.gradle\native\0.2.5\x86_64-windows-gnu\gradle-fileevents.dll
0x00007ffa84d60000 - 0x00007ffa84d69000 	C:\Program Files\Android\Android Studio\jbr\bin\management.dll
0x00007ffa84910000 - 0x00007ffa8491b000 	C:\Program Files\Android\Android Studio\jbr\bin\management_ext.dll
0x00007ffaa1800000 - 0x00007ffaa1808000 	C:\WINDOWS\System32\PSAPI.DLL
0x00007ffa9f650000 - 0x00007ffa9f66b000 	C:\WINDOWS\SYSTEM32\CRYPTSP.dll
0x00007ffa9ed80000 - 0x00007ffa9edba000 	C:\WINDOWS\system32\rsaenh.dll
0x00007ffa9f440000 - 0x00007ffa9f46b000 	C:\WINDOWS\SYSTEM32\USERENV.dll
0x00007ffa9ff60000 - 0x00007ffa9ff8a000 	C:\WINDOWS\SYSTEM32\bcrypt.dll
0x00007ffa9f670000 - 0x00007ffa9f67c000 	C:\WINDOWS\SYSTEM32\CRYPTBASE.dll
0x00007ffa9e600000 - 0x00007ffa9e634000 	C:\WINDOWS\SYSTEM32\IPHLPAPI.DLL
0x00007ffaa2ad0000 - 0x00007ffaa2ada000 	C:\WINDOWS\System32\NSI.dll
0x00007ffa84440000 - 0x00007ffa84449000 	C:\Program Files\Android\Android Studio\jbr\bin\extnet.dll
0x00007ffa8d0e0000 - 0x00007ffa8d0e8000 	C:\WINDOWS\system32\wshunix.dll
0x0000000072e10000 - 0x0000000072e83000 	C:\Users\Samsung\AppData\Local\Temp\native-platform14259630681914099443dir\gradle-fileevents.dll

dbghelp: loaded successfully - version: 4.0.5 - missing functions: none
symbol engine: initialized successfully - sym options: 0x614 - pdb path: .;C:\Program Files\Android\Android Studio\jbr\bin;C:\WINDOWS\SYSTEM32;C:\WINDOWS\WinSxS\amd64_microsoft.windows.common-controls_6595b64144ccf1df_6.0.26100.7309_none_3e05feeae336a044;C:\Program Files\Android\Android Studio\jbr\bin\server;C:\Users\Samsung\.gradle\native\1def1411415f61bf3af743bc5b6707747c0891f09f0c88961ee8f79bc544acac\windows-amd64;C:\Users\Samsung\.gradle\native\0.2.5\x86_64-windows-gnu;C:\Users\Samsung\AppData\Local\Temp\native-platform14259630681914099443dir

VM Arguments:
jvm_args: --add-opens=java.base/java.lang=ALL-UNNAMED --add-opens=java.base/java.lang.invoke=ALL-UNNAMED --add-opens=java.base/java.util=ALL-UNNAMED --add-opens=java.prefs/java.util.prefs=ALL-UNNAMED --add-exports=jdk.compiler/com.sun.tools.javac.api=ALL-UNNAMED --add-exports=jdk.compiler/com.sun.tools.javac.util=ALL-UNNAMED --add-opens=java.base/java.util=ALL-UNNAMED --add-opens=java.prefs/java.util.prefs=ALL-UNNAMED --add-opens=java.base/java.nio.charset=ALL-UNNAMED --add-opens=java.base/java.net=ALL-UNNAMED --add-opens=java.base/java.util.concurrent.atomic=ALL-UNNAMED --add-opens=java.xml/javax.xml.namespace=ALL-UNNAMED -XX:MaxMetaspaceSize=4G -XX:ReservedCodeCacheSize=512m -XX:+HeapDumpOnOutOfMemoryError -Xmx8G -Dfile.encoding=UTF-8 -Duser.country=IT -Duser.language=it -Duser.variant -javaagent:C:\Users\Samsung\.gradle\wrapper\dists\gradle-8.12-all\ejduaidbjup3bmmkhw3rie4zb\gradle-8.12\lib\agents\gradle-instrumentation-agent-8.12.jar 
java_command: org.gradle.launcher.daemon.bootstrap.GradleDaemon 8.12
java_class_path (initial): C:\Users\Samsung\.gradle\wrapper\dists\gradle-8.12-all\ejduaidbjup3bmmkhw3rie4zb\gradle-8.12\lib\gradle-daemon-main-8.12.jar
Launcher Type: SUN_STANDARD

[Global flags]
     intx CICompilerCount                          = 4                                         {product} {ergonomic}
     uint ConcGCThreads                            = 2                                         {product} {ergonomic}
     uint G1ConcRefinementThreads                  = 8                                         {product} {ergonomic}
   size_t G1HeapRegionSize                         = 4194304                                   {product} {ergonomic}
    uintx GCDrainStackTargetSize                   = 64                                        {product} {ergonomic}
     bool HeapDumpOnOutOfMemoryError               = true                                   {manageable} {command line}
   size_t InitialHeapSize                          = 130023424                                 {product} {ergonomic}
   size_t MarkStackSize                            = 4194304                                   {product} {ergonomic}
   size_t MaxHeapSize                              = 8589934592                                {product} {command line}
   size_t MaxMetaspaceSize                         = 4294967296                                {product} {command line}
   size_t MaxNewSize                               = 5150605312                                {product} {ergonomic}
   size_t MinHeapDeltaBytes                        = 4194304                                   {product} {ergonomic}
   size_t MinHeapSize                              = 8388608                                   {product} {ergonomic}
    uintx NonNMethodCodeHeapSize                   = 5839372                                {pd product} {ergonomic}
    uintx NonProfiledCodeHeapSize                  = 265515770                              {pd product} {ergonomic}
    uintx ProfiledCodeHeapSize                     = 265515770                              {pd product} {ergonomic}
    uintx ReservedCodeCacheSize                    = 536870912                              {pd product} {command line}
     bool SegmentedCodeCache                       = true                                      {product} {ergonomic}
   size_t SoftMaxHeapSize                          = 8589934592                             {manageable} {ergonomic}
     bool UseCompressedOops                        = true                           {product lp64_product} {ergonomic}
     bool UseG1GC                                  = true                                      {product} {ergonomic}
     bool UseLargePagesIndividualAllocation        = false                                  {pd product} {ergonomic}

Logging:
Log output configuration:
 #0: stdout all=warning uptime,level,tags foldmultilines=false
 #1: stderr all=off uptime,level,tags foldmultilines=false

Environment Variables:
JAVA_HOME=C:\Program Files\Android\Android Studio\jbr
PATH=C:\Program Files\BellSoft\LibericaJDK-21-Full\bin\;C:\Program Files\BellSoft\LibericaJDK-21\bin\;C:\Program Files\Java\jdk-21\bin;C:\Program Files\Microsoft\jdk-17.0.16.8-hotspot\bin;C:\Program Files\Common Files\Oracle\Java\javapath;C:\Program Files (x86)\Common Files\Oracle\Java\javapath;C:\WINDOWS\system32;C:\WINDOWS;C:\WINDOWS\System32\Wbem;C:\WINDOWS\System32\WindowsPowerShell\v1.0\;C:\WINDOWS\System32\OpenSSH\;C:\Program Files\MATLAB\R2022a\bin;C:\Program Files\dotnet\;C:\TDM-GCC-64\bin;C:\Program Files\MySQL\MySQL Shell 8.0\bin\;C:\Users\Samsung\AppData\Local\Microsoft\WindowsApps;C:\Users\warch\AppData\Local\Programs\Microsoft VS Code\bin;C:\Users\warch\Appdata\Local\Programs\Python\Python312;C:\Users\Samsung\AppData\Local\Programs\Microsoft VS Code\bin;C:\Program Files\MySQL\MySQL Server 8.0\bin;C:\Users\Samsung\AppData\Roaming\npm;C:\Users\Samsung\Desktop\Java\flutter\bin;C:\Users\Samsung\AppData\Local\Android\Sdk\platform-tools;C:\Users\Samsung\AppData\Local\Android\Sdk\cmdline-tools\latest\bin;C:\Users\Samsung\AppData\Local\Android\Sdk\emulato;C:\Program Files\WindowsApps\ngrok.ngrok_3.24.0.0_x64__1g87z0zv29zzc;C:\Program Files\Git\cmd;C:\Program Files\nodejs\;C:\Program Files\Docker\Docker\resources\bin;C:\Program Files\MySQL\MySQL Shell 8.0\bin\;C:\Users\Samsung\AppData\Local\Microsoft\WindowsApps;C:\Users\warch\AppData\Local\Programs\Microsoft VS Code\bin;C:\Users\warch\Appdata\Local\Programs\Python\Python312;C:\Users\Samsung\AppData\Local\Programs\Microsoft VS Code\bin;C:\Program Files\MySQL\MySQL Server 8.0\bin;C:\Users\Samsung\Desktop\Java\flutter\bin;C:\Users\Samsung\AppData\Local\Android\Sdk\platform-tools;C:\Users\Samsung\AppData\Local\Android\Sdk\cmdline-tools\latest\bin;C:\Users\Samsung\AppData\Local\Android\Sdk\emulator;C:\Program Files\Android\Android Studio\jbr\bin;C:\Program Files\Java\jdk-21\bin;C:\Users\Samsung\AppData\Local\GitHubDesktop\bin;C:\Users\Samsung\AppData\Roaming\npm
USERNAME=Samsung
OS=Windows_NT
PROCESSOR_IDENTIFIER=Intel64 Family 6 Model 140 Stepping 1, GenuineIntel
TMP=C:\Users\Samsung\AppData\Local\Temp
TEMP=C:\Users\Samsung\AppData\Local\Temp




Periodic native trim disabled

JNI global refs:
JNI global refs: 31, weak refs: 0

JNI global refs memory usage: 835, weak refs: 833

Process memory usage:
Resident Set Size: 339528K (4% of 8105320K total physical memory with 474232K free physical memory)

OOME stack traces (most recent first):
Classloader memory used:
Loader org.gradle.internal.classloader.VisitableURLClassLoader                         : 31446K
Loader bootstrap                                                                       : 23629K
Loader org.gradle.initialization.MixInLegacyTypesClassLoader                           : 10808K
Loader jdk.internal.loader.ClassLoaders$PlatformClassLoader                            : 528K
Loader jdk.internal.loader.ClassLoaders$AppClassLoader                                 : 231K
Loader jdk.internal.reflect.DelegatingClassLoader                                      : 54832B
Loader org.gradle.internal.classloader.VisitableURLClassLoader                         : 39128B
Loader org.gradle.groovy.scripts.internal.DefaultScriptCompilationHandler$ScriptClassLoader: 23704B

Classes loaded by more than one classloader:
Class Program                                                                         : loaded 3 times (x 72B)
Class org.gradle.internal.classloader.ClassLoaderHierarchy                            : loaded 2 times (x 68B)
Class org.gradle.api.internal.classpath.ManifestUtil                                  : loaded 2 times (x 69B)
Class org.gradle.internal.classloader.DefaultClassLoaderFactory                       : loaded 2 times (x 80B)
Class org.gradle.internal.classloader.ClassLoaderVisitor                              : loaded 2 times (x 74B)
Class org.gradle.api.internal.classpath.EffectiveClassPath                            : loaded 2 times (x 88B)
Class org.gradle.api.internal.DefaultClassPathProvider                                : loaded 2 times (x 74B)
Class [Lorg.gradle.api.internal.ClassPathProvider;                                    : loaded 2 times (x 67B)
Class org.gradle.api.internal.ClassPathProvider                                       : loaded 2 times (x 68B)
Class org.gradle.internal.service.UnknownServiceException                             : loaded 2 times (x 81B)
Class org.gradle.internal.classpath.TransformedClassPath                              : loaded 2 times (x 94B)
Class org.gradle.internal.classloader.InstrumentingClassLoader                        : loaded 2 times (x 68B)
Class org.gradle.internal.service.ServiceLocator                                      : loaded 2 times (x 68B)
Class org.gradle.internal.InternalTransformer                                         : loaded 2 times (x 68B)
Class org.gradle.internal.classloader.ClasspathUtil$1                                 : loaded 2 times (x 74B)
Class org.gradle.api.internal.classpath.DefaultModuleRegistry$DefaultModule           : loaded 2 times (x 84B)
Class org.gradle.api.internal.classpath.Module                                        : loaded 2 times (x 68B)
Class org.gradle.api.internal.classpath.UnknownModuleException                        : loaded 2 times (x 80B)
Class org.gradle.api.internal.DefaultClassPathRegistry                                : loaded 2 times (x 74B)
Class org.gradle.api.internal.ClassPathRegistry                                       : loaded 2 times (x 68B)
Class org.gradle.internal.classpath.DefaultClassPath$ImmutableUniqueList              : loaded 2 times (x 197B)
Class org.gradle.internal.classloader.FilteringClassLoader                            : loaded 2 times (x 103B)
Class Settings_gradle$1                                                               : loaded 2 times (x 72B)
Class org.gradle.internal.classpath.ClassPath                                         : loaded 2 times (x 68B)
Class org.gradle.api.UncheckedIOException                                             : loaded 2 times (x 80B)
Class org.gradle.internal.installation.GradleInstallation$1                           : loaded 2 times (x 73B)
Class org.gradle.api.internal.classpath.ModuleRegistry                                : loaded 2 times (x 68B)
Class org.gradle.api.internal.classpath.DefaultModuleRegistry                         : loaded 2 times (x 84B)
Class org.gradle.internal.service.ServiceLookupException                              : loaded 2 times (x 80B)
Class org.gradle.internal.classloader.ClassLoaderFactory                              : loaded 2 times (x 68B)
Class org.gradle.internal.service.CachingServiceLocator                               : loaded 2 times (x 80B)
Class org.gradle.internal.classloader.ClasspathUtil                                   : loaded 2 times (x 69B)
Class org.gradle.api.specs.Spec                                                       : loaded 2 times (x 68B)
Class org.gradle.internal.classloader.VisitableURLClassLoader$InstrumentingVisitableURLClassLoader: loaded 2 times (x 121B)
Class org.gradle.internal.classloader.VisitableURLClassLoader$Spec                    : loaded 2 times (x 72B)
Class org.gradle.internal.classpath.DefaultClassPath                                  : loaded 2 times (x 88B)
Class org.gradle.internal.classloader.ClassLoaderSpec                                 : loaded 2 times (x 69B)
Class Settings_gradle$1$1                                                             : loaded 2 times (x 72B)
Class org.gradle.internal.classloader.VisitableURLClassLoader                         : loaded 2 times (x 115B)
Class Settings_gradle                                                                 : loaded 2 times (x 126B)
Class org.gradle.internal.Cast                                                        : loaded 2 times (x 69B)
Class org.gradle.api.Action                                                           : loaded 2 times (x 68B)
Class org.gradle.internal.classpath.DefaultClassPath$ImmutableUniqueList$Builder      : loaded 2 times (x 73B)
Class org.gradle.api.GradleException                                                  : loaded 2 times (x 80B)
Class org.gradle.internal.IoActions                                                   : loaded 2 times (x 69B)
Class org.gradle.internal.classloader.SystemClassLoaderSpec                           : loaded 2 times (x 69B)
Class org.gradle.api.internal.classpath.GlobalCacheRootsProvider                      : loaded 2 times (x 68B)
Class org.gradle.internal.installation.CurrentGradleInstallationLocator               : loaded 2 times (x 69B)
Class org.gradle.internal.service.DefaultServiceLocator                               : loaded 2 times (x 81B)
Class org.gradle.internal.installation.CurrentGradleInstallation                      : loaded 2 times (x 71B)
Class org.gradle.util.internal.GUtil                                                  : loaded 2 times (x 69B)
Class org.gradle.internal.installation.GradleInstallation                             : loaded 2 times (x 73B)

---------------  S Y S T E M  ---------------

OS:
 Windows 11 , 64 bit Build 26100 (10.0.26100.7623)
OS uptime: 0 days 1:12 hours
Hyper-V role detected

CPU: total 8 (initial active 8) (4 cores per cpu, 2 threads per core) family 6 model 140 stepping 1 microcode 0x8a, cx8, cmov, fxsr, ht, mmx, 3dnowpref, sse, sse2, sse3, ssse3, sse4.1, sse4.2, popcnt, lzcnt, tsc, tscinvbit, avx, avx2, aes, erms, clmul, bmi1, bmi2, adx, avx512f, avx512dq, avx512cd, avx512bw, avx512vl, sha, fma, vzeroupper, avx512_vpopcntdq, avx512_vpclmulqdq, avx512_vaes, avx512_vnni, clflush, clflushopt, clwb, avx512_vbmi2, avx512_vbmi, hv, rdtscp, rdpid, fsrm, gfni, avx512_bitalg, f16c, cet_ibt, cet_ss, avx512_ifma
Processor Information for the first 8 processors :
  Max Mhz: 2419, Current Mhz: 2419, Mhz Limit: 2419

Memory: 4k page, system-wide physical 7915M (463M free)
TotalPageFile size 16107M (AvailPageFile size 58M)
current process WorkingSet (physical memory assigned to process): 332M, peak: 335M
current process commit charge ("private bytes"): 369M, peak: 371M

vm_info: OpenJDK 64-Bit Server VM (21.0.7+-13880790-b1038.58) for windows-amd64 JRE (21.0.7+-13880790-b1038.58), built on 2025-08-04T20:56:21Z by "builder" with MS VC++ 16.10 / 16.11 (VS2019)

END.
