#
# There is insufficient memory for the Java Runtime Environment to continue.
# Native memory allocation (malloc) failed to allocate 725456 bytes. Error detail: Chunk::new
# Possible reasons:
#   The system is out of physical RAM or swap space
#   This process is running with CompressedOops enabled, and the Java Heap may be blocking the growth of the native heap
# Possible solutions:
#   Reduce memory load on the system
#   Increase physical memory or swap space
#   Check if swap backing store is full
#   Decrease Java heap size (-Xmx/-Xms)
#   Decrease number of Java threads
#   Decrease Java thread stack sizes (-Xss)
#   Set larger code cache with -XX:ReservedCodeCacheSize=
#   JVM is running with Zero Based Compressed Oops mode in which the Java heap is
#     placed in the first 32GB address space. The Java Heap base address is the
#     maximum limit for the native heap growth. Please use -XX:HeapBaseMinAddress
#     to set the Java Heap base and to place the Java Heap above 32GB virtual address.
# This output file may be truncated or incomplete.
#
#  Out of Memory Error (arena.cpp:168), pid=23932, tid=18308
#
# JRE version: OpenJDK Runtime Environment (21.0.7) (build 21.0.7+-13880790-b1038.58)
# Java VM: OpenJDK 64-Bit Server VM (21.0.7+-13880790-b1038.58, mixed mode, tiered, compressed oops, compressed class ptrs, g1 gc, windows-amd64)
# No core dump will be written. Minidumps are not enabled by default on client versions of Windows
#

---------------  S U M M A R Y ------------

Command Line: --add-opens=java.base/java.lang=ALL-UNNAMED --add-opens=java.base/java.lang.invoke=ALL-UNNAMED --add-opens=java.base/java.util=ALL-UNNAMED --add-opens=java.prefs/java.util.prefs=ALL-UNNAMED --add-exports=jdk.compiler/com.sun.tools.javac.api=ALL-UNNAMED --add-exports=jdk.compiler/com.sun.tools.javac.util=ALL-UNNAMED --add-opens=java.base/java.util=ALL-UNNAMED --add-opens=java.prefs/java.util.prefs=ALL-UNNAMED --add-opens=java.base/java.nio.charset=ALL-UNNAMED --add-opens=java.base/java.net=ALL-UNNAMED --add-opens=java.base/java.util.concurrent.atomic=ALL-UNNAMED --add-opens=java.xml/javax.xml.namespace=ALL-UNNAMED -XX:MaxMetaspaceSize=4G -XX:ReservedCodeCacheSize=512m -XX:+HeapDumpOnOutOfMemoryError -Xmx8G -Dfile.encoding=UTF-8 -Duser.country=IT -Duser.language=it -Duser.variant -javaagent:C:\Users\Samsung\.gradle\wrapper\dists\gradle-8.12-all\ejduaidbjup3bmmkhw3rie4zb\gradle-8.12\lib\agents\gradle-instrumentation-agent-8.12.jar org.gradle.launcher.daemon.bootstrap.GradleDaemon 8.12

Host: 11th Gen Intel(R) Core(TM) i5-1135G7 @ 2.40GHz, 8 cores, 7G,  Windows 11 , 64 bit Build 26100 (10.0.26100.7623)
Time: Tue Feb 10 16:48:17 2026 ora solare Europa occidentale elapsed time: 34.430886 seconds (0d 0h 0m 34s)

---------------  T H R E A D  ---------------

Current thread (0x000001c1f467b310):  JavaThread "C2 CompilerThread0" daemon [_thread_in_native, id=18308, stack(0x0000005622100000,0x0000005622200000) (1024K)]


Current CompileTask:
C2:34431 2760   !   4       java.lang.ClassLoader::loadClass (121 bytes)

Stack: [0x0000005622100000,0x0000005622200000]
Native frames: (J=compiled Java code, j=interpreted, Vv=VM code, C=native code)
V  [jvm.dll+0x6d25c9]
V  [jvm.dll+0x860923]
V  [jvm.dll+0x862e7e]
V  [jvm.dll+0x863563]
V  [jvm.dll+0x27f156]
V  [jvm.dll+0xc002d]
V  [jvm.dll+0xc0563]
V  [jvm.dll+0x2f31f0]
V  [jvm.dll+0x5fc309]
V  [jvm.dll+0x250f82]
V  [jvm.dll+0x25133f]
V  [jvm.dll+0x249ae5]
V  [jvm.dll+0x24733e]
V  [jvm.dll+0x1c5fb4]
V  [jvm.dll+0x256bac]
V  [jvm.dll+0x2550f6]
V  [jvm.dll+0x3f1d16]
V  [jvm.dll+0x808d08]
V  [jvm.dll+0x6d0e1d]
C  [ucrtbase.dll+0x37b0]
C  [KERNEL32.DLL+0x2e8d7]
C  [ntdll.dll+0x8c53c]


---------------  P R O C E S S  ---------------

Threads class SMR info:
_java_thread_list=0x000001c1f93b7890, length=25, elements={
0x000001c1c439f940, 0x000001c1f46528b0, 0x000001c1f465ee90, 0x000001c1f4665990,
0x000001c1f4662860, 0x000001c1f46632c0, 0x000001c1f46792e0, 0x000001c1f4679d40,
0x000001c1f467b310, 0x000001c1f4680ac0, 0x000001c1f49c0d90, 0x000001c1fa9631a0,
0x000001c1fa794ec0, 0x000001c1f9b9ee80, 0x000001c1fa8ed3b0, 0x000001c1f9fc4fd0,
0x000001c1f9d66390, 0x000001c1fa98df70, 0x000001c1fa98d250, 0x000001c1fa98e600,
0x000001c1fa98ec90, 0x000001c1fa98d8e0, 0x000001c1fa98f320, 0x000001c1fa98f9b0,
0x000001c1fe7aaa60
}

Java Threads: ( => current thread )
  0x000001c1c439f940 JavaThread "main"                              [_thread_blocked, id=21560, stack(0x0000005621200000,0x0000005621300000) (1024K)]
  0x000001c1f46528b0 JavaThread "Common-Cleaner"             daemon [_thread_blocked, id=22968, stack(0x0000005621a00000,0x0000005621b00000) (1024K)]
  0x000001c1f465ee90 JavaThread "Reference Handler"          daemon [_thread_blocked, id=7720, stack(0x0000005621b00000,0x0000005621c00000) (1024K)]
  0x000001c1f4665990 JavaThread "Finalizer"                  daemon [_thread_blocked, id=23772, stack(0x0000005621c00000,0x0000005621d00000) (1024K)]
  0x000001c1f4662860 JavaThread "Signal Dispatcher"          daemon [_thread_blocked, id=23400, stack(0x0000005621d00000,0x0000005621e00000) (1024K)]
  0x000001c1f46632c0 JavaThread "Attach Listener"            daemon [_thread_blocked, id=14716, stack(0x0000005621e00000,0x0000005621f00000) (1024K)]
  0x000001c1f46792e0 JavaThread "Service Thread"             daemon [_thread_blocked, id=2776, stack(0x0000005621f00000,0x0000005622000000) (1024K)]
  0x000001c1f4679d40 JavaThread "Monitor Deflation Thread"   daemon [_thread_blocked, id=23092, stack(0x0000005622000000,0x0000005622100000) (1024K)]
=>0x000001c1f467b310 JavaThread "C2 CompilerThread0"         daemon [_thread_in_native, id=18308, stack(0x0000005622100000,0x0000005622200000) (1024K)]
  0x000001c1f4680ac0 JavaThread "C1 CompilerThread0"         daemon [_thread_in_native, id=7764, stack(0x0000005622200000,0x0000005622300000) (1024K)]
  0x000001c1f49c0d90 JavaThread "Notification Thread"        daemon [_thread_blocked, id=25268, stack(0x0000005622300000,0x0000005622400000) (1024K)]
  0x000001c1fa9631a0 JavaThread "Daemon health stats"               [_thread_blocked, id=27276, stack(0x0000005622b00000,0x0000005622c00000) (1024K)]
  0x000001c1fa794ec0 JavaThread "Incoming local TCP Connector on port 60871"        [_thread_in_native, id=27444, stack(0x0000005622c00000,0x0000005622d00000) (1024K)]
  0x000001c1f9b9ee80 JavaThread "Daemon periodic checks"            [_thread_blocked, id=20444, stack(0x0000005622d00000,0x0000005622e00000) (1024K)]
  0x000001c1fa8ed3b0 JavaThread "Daemon"                            [_thread_blocked, id=26748, stack(0x0000005622e00000,0x0000005622f00000) (1024K)]
  0x000001c1f9fc4fd0 JavaThread "Handler for socket connection from /127.0.0.1:60871 to /127.0.0.1:60872"        [_thread_in_native, id=26752, stack(0x0000005622f00000,0x0000005623000000) (1024K)]
  0x000001c1f9d66390 JavaThread "Cancel handler"                    [_thread_blocked, id=21140, stack(0x0000005623000000,0x0000005623100000) (1024K)]
  0x000001c1fa98df70 JavaThread "Daemon worker"                     [_thread_in_Java, id=5728, stack(0x0000005623100000,0x0000005623200000) (1024K)]
  0x000001c1fa98d250 JavaThread "Asynchronous log dispatcher for DefaultDaemonConnection: socket connection from /127.0.0.1:60871 to /127.0.0.1:60872"        [_thread_blocked, id=20604, stack(0x0000005623200000,0x0000005623300000) (1024K)]
  0x000001c1fa98e600 JavaThread "Stdin handler"                     [_thread_blocked, id=22800, stack(0x0000005623300000,0x0000005623400000) (1024K)]
  0x000001c1fa98ec90 JavaThread "Daemon client event forwarder"        [_thread_blocked, id=11260, stack(0x0000005623400000,0x0000005623500000) (1024K)]
  0x000001c1fa98d8e0 JavaThread "Cache worker for journal cache (C:\Users\Samsung\.gradle\caches\journal-1)"        [_thread_blocked, id=6352, stack(0x0000005623600000,0x0000005623700000) (1024K)]
  0x000001c1fa98f320 JavaThread "File lock request listener"        [_thread_in_native, id=26884, stack(0x0000005623700000,0x0000005623800000) (1024K)]
  0x000001c1fa98f9b0 JavaThread "Cache worker for file hash cache (C:\Users\Samsung\.gradle\caches\8.12\fileHashes)"        [_thread_blocked, id=21204, stack(0x0000005623800000,0x0000005623900000) (1024K)]
  0x000001c1fe7aaa60 JavaThread "C2 CompilerThread1"         daemon [_thread_in_native, id=25196, stack(0x0000005620f00000,0x0000005621000000) (1024K)]
Total: 25

Other Threads:
  0x000001c1f3d2f730 VMThread "VM Thread"                           [id=23508, stack(0x0000005621900000,0x0000005621a00000) (1024K)]
  0x000001c1f3ccf390 WatcherThread "VM Periodic Task Thread"        [id=3844, stack(0x0000005621800000,0x0000005621900000) (1024K)]
  0x000001c1c4449800 WorkerThread "GC Thread#0"                     [id=23024, stack(0x0000005621300000,0x0000005621400000) (1024K)]
  0x000001c1f90b1640 WorkerThread "GC Thread#1"                     [id=26764, stack(0x0000005622500000,0x0000005622600000) (1024K)]
  0x000001c1f912ef10 WorkerThread "GC Thread#2"                     [id=26768, stack(0x0000005622600000,0x0000005622700000) (1024K)]
  0x000001c1f9bbb7b0 WorkerThread "GC Thread#3"                     [id=26932, stack(0x0000005622400000,0x0000005622500000) (1024K)]
  0x000001c1f9ec4d10 WorkerThread "GC Thread#4"                     [id=26936, stack(0x0000005622700000,0x0000005622800000) (1024K)]
  0x000001c1fa70a7a0 WorkerThread "GC Thread#5"                     [id=27176, stack(0x0000005622800000,0x0000005622900000) (1024K)]
  0x000001c1f9e3d790 WorkerThread "GC Thread#6"                     [id=27184, stack(0x0000005622900000,0x0000005622a00000) (1024K)]
  0x000001c1fa7ae190 WorkerThread "GC Thread#7"                     [id=27188, stack(0x0000005622a00000,0x0000005622b00000) (1024K)]
  0x000001c1c445b530 ConcurrentGCThread "G1 Main Marker"            [id=17912, stack(0x0000005621400000,0x0000005621500000) (1024K)]
  0x000001c1c445bf40 WorkerThread "G1 Conc#0"                       [id=14672, stack(0x0000005621500000,0x0000005621600000) (1024K)]
  0x000001c1fa6fc530 WorkerThread "G1 Conc#1"                       [id=20436, stack(0x0000005623500000,0x0000005623600000) (1024K)]
  0x000001c1f3b9de10 ConcurrentGCThread "G1 Refine#0"               [id=4212, stack(0x0000005621600000,0x0000005621700000) (1024K)]
  0x000001c1f3b9e890 ConcurrentGCThread "G1 Service"                [id=11208, stack(0x0000005621700000,0x0000005621800000) (1024K)]
Total: 15

Threads with active compile tasks:
C2 CompilerThread0  34500 2760   !   4       java.lang.ClassLoader::loadClass (121 bytes)
Total: 1

VM state: not at safepoint (normal execution)

VM Mutex/Monitor currently owned by a thread: None

Heap address: 0x0000000600000000, size: 8192 MB, Compressed Oops mode: Zero based, Oop shift amount: 3

CDS archive(s) not mapped
Compressed class space mapped at: 0x0000000800000000-0x0000000840000000, reserved size: 1073741824
Narrow klass base: 0x0000000800000000, Narrow klass shift: 0, Narrow klass range: 0x40000000

GC Precious Log:
 CardTable entry size: 512
 Card Set container configuration: InlinePtr #cards 4 size 8 Array Of Cards #cards 32 size 80 Howl #buckets 8 coarsen threshold 7372 Howl Bitmap #cards 1024 size 144 coarsen threshold 921 Card regions per heap region 1 cards per card region 8192
 CPUs: 8 total, 8 available
 Memory: 7915M
 Large Page Support: Disabled
 NUMA Support: Disabled
 Compressed Oops: Enabled (Zero based)
 Heap Region Size: 4M
 Heap Min Capacity: 8M
 Heap Initial Capacity: 124M
 Heap Max Capacity: 8G
 Pre-touch: Disabled
 Parallel Workers: 8
 Concurrent Workers: 2
 Concurrent Refinement Workers: 8
 Periodic GC: Disabled

Heap:
 garbage-first heap   total 81920K, used 45229K [0x0000000600000000, 0x0000000800000000)
  region size 4096K, 10 young (40960K), 3 survivors (12288K)
 Metaspace       used 26030K, committed 26432K, reserved 1114112K
  class space    used 3193K, committed 3392K, reserved 1048576K

Heap Regions: E=young(eden), S=young(survivor), O=old, HS=humongous(starts), HC=humongous(continues), CS=collection set, F=free, TAMS=top-at-mark-start, PB=parsable bottom
|   0|0x0000000600000000, 0x0000000600400000, 0x0000000600400000|100%|HS|  |TAMS 0x0000000600000000| PB 0x0000000600000000| Complete 
|   1|0x0000000600400000, 0x0000000600800000, 0x0000000600800000|100%| O|  |TAMS 0x0000000600400000| PB 0x0000000600400000| Untracked 
|   2|0x0000000600800000, 0x0000000600b5b9c8, 0x0000000600c00000| 83%| O|Cm|TAMS 0x0000000600800000| PB 0x0000000600800000| Complete 
|   3|0x0000000600c00000, 0x0000000600c00000, 0x0000000601000000|  0%| F|  |TAMS 0x0000000600c00000| PB 0x0000000600c00000| Untracked 
|   4|0x0000000601000000, 0x0000000601000000, 0x0000000601400000|  0%| F|  |TAMS 0x0000000601000000| PB 0x0000000601000000| Untracked 
|   5|0x0000000601400000, 0x0000000601400000, 0x0000000601800000|  0%| F|  |TAMS 0x0000000601400000| PB 0x0000000601400000| Untracked 
|   6|0x0000000601800000, 0x0000000601800000, 0x0000000601c00000|  0%| F|  |TAMS 0x0000000601800000| PB 0x0000000601800000| Untracked 
|   7|0x0000000601c00000, 0x0000000601c00000, 0x0000000602000000|  0%| F|  |TAMS 0x0000000601c00000| PB 0x0000000601c00000| Untracked 
|   8|0x0000000602000000, 0x0000000602000000, 0x0000000602400000|  0%| F|  |TAMS 0x0000000602000000| PB 0x0000000602000000| Untracked 
|   9|0x0000000602400000, 0x0000000602400000, 0x0000000602800000|  0%| F|  |TAMS 0x0000000602400000| PB 0x0000000602400000| Untracked 
|  10|0x0000000602800000, 0x0000000602a03df0, 0x0000000602c00000| 50%| E|  |TAMS 0x0000000602800000| PB 0x0000000602800000| Complete 
|  11|0x0000000602c00000, 0x0000000603000000, 0x0000000603000000|100%| E|CS|TAMS 0x0000000602c00000| PB 0x0000000602c00000| Complete 
|  12|0x0000000603000000, 0x0000000603400000, 0x0000000603400000|100%| E|CS|TAMS 0x0000000603000000| PB 0x0000000603000000| Complete 
|  13|0x0000000603400000, 0x0000000603800000, 0x0000000603800000|100%| E|CS|TAMS 0x0000000603400000| PB 0x0000000603400000| Complete 
|  14|0x0000000603800000, 0x0000000603c00000, 0x0000000603c00000|100%| E|CS|TAMS 0x0000000603800000| PB 0x0000000603800000| Complete 
|  15|0x0000000603c00000, 0x0000000604000000, 0x0000000604000000|100%| E|CS|TAMS 0x0000000603c00000| PB 0x0000000603c00000| Complete 
|  22|0x0000000605800000, 0x00000006058cfde0, 0x0000000605c00000| 20%| S|CS|TAMS 0x0000000605800000| PB 0x0000000605800000| Complete 
|  23|0x0000000605c00000, 0x0000000606000000, 0x0000000606000000|100%| S|CS|TAMS 0x0000000605c00000| PB 0x0000000605c00000| Complete 
|  24|0x0000000606000000, 0x0000000606400000, 0x0000000606400000|100%| S|CS|TAMS 0x0000000606000000| PB 0x0000000606000000| Complete 
|  30|0x0000000607800000, 0x0000000607c00000, 0x0000000607c00000|100%| E|CS|TAMS 0x0000000607800000| PB 0x0000000607800000| Complete 

Card table byte_map: [0x000001c1e8a40000,0x000001c1e9a40000] _byte_map_base: 0x000001c1e5a40000

Marking Bits: (CMBitMap*) 0x000001c1c4449e10
 Bits: [0x000001c1e9a40000, 0x000001c1f1a40000)

Polling page: 0x000001c1c2710000

Metaspace:

Usage:
  Non-class:     22.31 MB used.
      Class:      3.12 MB used.
       Both:     25.43 MB used.

Virtual space:
  Non-class space:       64.00 MB reserved,      22.50 MB ( 35%) committed,  1 nodes.
      Class space:        1.00 GB reserved,       3.31 MB ( <1%) committed,  1 nodes.
             Both:        1.06 GB reserved,      25.81 MB (  2%) committed. 

Chunk freelists:
   Non-Class:  9.00 MB
       Class:  12.57 MB
        Both:  21.57 MB

MaxMetaspaceSize: 4.00 GB
CompressedClassSpaceSize: 1.00 GB
Initial GC threshold: 21.00 MB
Current GC threshold: 35.25 MB
CDS: off
 - commit_granule_bytes: 65536.
 - commit_granule_words: 8192.
 - virtual_space_node_default_size: 8388608.
 - enlarge_chunks_in_place: 1.
 - use_allocation_guard: 0.


Internal statistics:

num_allocs_failed_limit: 3.
num_arena_births: 538.
num_arena_deaths: 0.
num_vsnodes_births: 2.
num_vsnodes_deaths: 0.
num_space_committed: 414.
num_space_uncommitted: 0.
num_chunks_returned_to_freelist: 3.
num_chunks_taken_from_freelist: 1121.
num_chunk_merges: 3.
num_chunk_splits: 724.
num_chunks_enlarged: 503.
num_inconsistent_stats: 0.

CodeHeap 'non-profiled nmethods': size=259264Kb used=1336Kb max_used=1336Kb free=257927Kb
 bounds [0x000001c1d77c0000, 0x000001c1d7a30000, 0x000001c1e74f0000]
CodeHeap 'profiled nmethods': size=259264Kb used=5666Kb max_used=5666Kb free=253597Kb
 bounds [0x000001c1c74f0000, 0x000001c1c7a80000, 0x000001c1d7220000]
CodeHeap 'non-nmethods': size=5760Kb used=1627Kb max_used=1642Kb free=4132Kb
 bounds [0x000001c1d7220000, 0x000001c1d7490000, 0x000001c1d77c0000]
 total_blobs=3394 nmethods=2833 adapters=465
 compilation: enabled
              stopped_count=0, restarted_count=0
 full_count=0

Compilation events (20 events):
Event: 27.233 Thread 0x000001c1f4680ac0 2816       3       java.util.concurrent.locks.AbstractQueuedSynchronizer$Node::clearStatus (12 bytes)
Event: 27.233 Thread 0x000001c1f4680ac0 nmethod 2816 0x000001c1c7a6b810 code [0x000001c1c7a6b9c0, 0x000001c1c7a6bb58]
Event: 27.233 Thread 0x000001c1f4680ac0 2817   !   3       java.util.concurrent.locks.LockSupport::parkNanos (56 bytes)
Event: 27.234 Thread 0x000001c1f4680ac0 nmethod 2817 0x000001c1c7a6bc10 code [0x000001c1c7a6be20, 0x000001c1c7a6c260]
Event: 27.888 Thread 0x000001c1f4680ac0 2818       3       java.util.concurrent.locks.AbstractQueuedSynchronizer$ConditionObject::unlinkCancelledWaiters (91 bytes)
Event: 27.889 Thread 0x000001c1f4680ac0 nmethod 2818 0x000001c1c7a6c410 code [0x000001c1c7a6c5e0, 0x000001c1c7a6ca68]
Event: 28.262 Thread 0x000001c1f4680ac0 2819       3       org.gradle.launcher.daemon.server.exec.DaemonConnectionBackedEventConsumer$ForwardEvents::moreMessagesToSend (35 bytes)
Event: 28.325 Thread 0x000001c1f4680ac0 nmethod 2819 0x000001c1c7a6cb90 code [0x000001c1c7a6cd40, 0x000001c1c7a6cfe8]
Event: 29.104 Thread 0x000001c1f4680ac0 2820   !   3       java.util.stream.ReferencePipeline$7$1::accept (127 bytes)
Event: 30.368 Thread 0x000001c1f4680ac0 nmethod 2820 0x000001c1c7a6d110 code [0x000001c1c7a6d3a0, 0x000001c1c7a6e308]
Event: 30.384 Thread 0x000001c1f4680ac0 2821       3       java.util.stream.AbstractPipeline::sequential (10 bytes)
Event: 30.384 Thread 0x000001c1f4680ac0 nmethod 2821 0x000001c1c7a6e990 code [0x000001c1c7a6eb20, 0x000001c1c7a6ec40]
Event: 30.384 Thread 0x000001c1f4680ac0 2822       3       java.util.stream.AbstractPipeline::close (48 bytes)
Event: 30.385 Thread 0x000001c1f4680ac0 nmethod 2822 0x000001c1c7a6ed10 code [0x000001c1c7a6eec0, 0x000001c1c7a6f178]
Event: 30.385 Thread 0x000001c1f4680ac0 2823       3       java.lang.management.ManagementFactory$$Lambda/0x000000080017bf20::apply (12 bytes)
Event: 30.385 Thread 0x000001c1f4680ac0 nmethod 2823 0x000001c1c7a6f290 code [0x000001c1c7a6f460, 0x000001c1c7a6f878]
Event: 30.385 Thread 0x000001c1f4680ac0 2824       3       java.lang.management.ManagementFactory::lambda$getPlatformMXBeans$3 (13 bytes)
Event: 30.386 Thread 0x000001c1f4680ac0 nmethod 2824 0x000001c1c7a6f990 code [0x000001c1c7a6fb60, 0x000001c1c7a6fde0]
Event: 30.386 Thread 0x000001c1f4680ac0 2825       3       sun.management.spi.PlatformMBeanProvider$PlatformComponent::getMBeans (87 bytes)
Event: 34.425 Thread 0x000001c1f4680ac0 nmethod 2825 0x000001c1c7a6ff10 code [0x000001c1c7a702a0, 0x000001c1c7a71930]

GC Heap History (8 events):
Event: 0.964 GC heap before
{Heap before GC invocations=0 (full 0):
 garbage-first heap   total 126976K, used 20480K [0x0000000600000000, 0x0000000800000000)
  region size 4096K, 5 young (20480K), 0 survivors (0K)
 Metaspace       used 7520K, committed 7680K, reserved 1114112K
  class space    used 684K, committed 768K, reserved 1048576K
}
Event: 0.977 GC heap after
{Heap after GC invocations=1 (full 0):
 garbage-first heap   total 126976K, used 1536K [0x0000000600000000, 0x0000000800000000)
  region size 4096K, 1 young (4096K), 1 survivors (4096K)
 Metaspace       used 7520K, committed 7680K, reserved 1114112K
  class space    used 684K, committed 768K, reserved 1048576K
}
Event: 2.416 GC heap before
{Heap before GC invocations=1 (full 0):
 garbage-first heap   total 126976K, used 46592K [0x0000000600000000, 0x0000000800000000)
  region size 4096K, 11 young (45056K), 1 survivors (4096K)
 Metaspace       used 12286K, committed 12416K, reserved 1114112K
  class space    used 1313K, committed 1408K, reserved 1048576K
}
Event: 2.427 GC heap after
{Heap after GC invocations=2 (full 0):
 garbage-first heap   total 126976K, used 11617K [0x0000000600000000, 0x0000000800000000)
  region size 4096K, 2 young (8192K), 2 survivors (8192K)
 Metaspace       used 12286K, committed 12416K, reserved 1114112K
  class space    used 1313K, committed 1408K, reserved 1048576K
}
Event: 3.854 GC heap before
{Heap before GC invocations=2 (full 0):
 garbage-first heap   total 126976K, used 56673K [0x0000000600000000, 0x0000000800000000)
  region size 4096K, 13 young (53248K), 2 survivors (8192K)
 Metaspace       used 14554K, committed 14784K, reserved 1114112K
  class space    used 1615K, committed 1728K, reserved 1048576K
}
Event: 3.871 GC heap after
{Heap after GC invocations=3 (full 0):
 garbage-first heap   total 126976K, used 17890K [0x0000000600000000, 0x0000000800000000)
  region size 4096K, 2 young (8192K), 2 survivors (8192K)
 Metaspace       used 14554K, committed 14784K, reserved 1114112K
  class space    used 1615K, committed 1728K, reserved 1048576K
}
Event: 17.842 GC heap before
{Heap before GC invocations=3 (full 0):
 garbage-first heap   total 126976K, used 38370K [0x0000000600000000, 0x0000000800000000)
  region size 4096K, 8 young (32768K), 2 survivors (8192K)
 Metaspace       used 21251K, committed 21504K, reserved 1114112K
  class space    used 2497K, committed 2624K, reserved 1048576K
}
Event: 17.854 GC heap after
{Heap after GC invocations=4 (full 0):
 garbage-first heap   total 126976K, used 20653K [0x0000000600000000, 0x0000000800000000)
  region size 4096K, 3 young (12288K), 3 survivors (12288K)
 Metaspace       used 21251K, committed 21504K, reserved 1114112K
  class space    used 2497K, committed 2624K, reserved 1048576K
}

Dll operation events (3 events):
Event: 0.020 Loaded shared library C:\Program Files\Android\Android Studio\jbr\bin\java.dll
Event: 0.053 Loaded shared library C:\Program Files\Android\Android Studio\jbr\bin\zip.dll
Event: 1.263 Loaded shared library C:\Program Files\Android\Android Studio\jbr\bin\verify.dll

Deoptimization events (20 events):
Event: 18.124 Thread 0x000001c1fa98df70 DEOPT PACKING pc=0x000001c1d78df780 sp=0x00000056231fc670
Event: 18.124 Thread 0x000001c1fa98df70 DEOPT UNPACKING pc=0x000001c1d7277da2 sp=0x00000056231fc600 mode 2
Event: 18.155 Thread 0x000001c1fa98df70 Uncommon trap: trap_request=0xffffff45 fr.pc=0x000001c1d78551a4 relative=0x00000000000002e4
Event: 18.155 Thread 0x000001c1fa98df70 Uncommon trap: reason=unstable_if action=reinterpret pc=0x000001c1d78551a4 method=java.util.concurrent.ConcurrentHashMap.get(Ljava/lang/Object;)Ljava/lang/Object; @ 152 c2
Event: 18.155 Thread 0x000001c1fa98df70 DEOPT PACKING pc=0x000001c1d78551a4 sp=0x00000056231fbc50
Event: 18.155 Thread 0x000001c1fa98df70 DEOPT UNPACKING pc=0x000001c1d7277da2 sp=0x00000056231fbbc8 mode 2
Event: 18.608 Thread 0x000001c1fa98df70 Uncommon trap: trap_request=0xffffff45 fr.pc=0x000001c1d78e98a0 relative=0x0000000000000ee0
Event: 18.608 Thread 0x000001c1fa98df70 Uncommon trap: reason=unstable_if action=reinterpret pc=0x000001c1d78e98a0 method=java.lang.invoke.LambdaForm$Name.replaceNames([Ljava/lang/invoke/LambdaForm$Name;[Ljava/lang/invoke/LambdaForm$Name;II)Ljava/lang/invoke/LambdaForm$Name; @ 3 c2
Event: 18.609 Thread 0x000001c1fa98df70 DEOPT PACKING pc=0x000001c1d78e98a0 sp=0x00000056231fd230
Event: 18.609 Thread 0x000001c1fa98df70 DEOPT UNPACKING pc=0x000001c1d7277da2 sp=0x00000056231fd1f8 mode 2
Event: 22.090 Thread 0x000001c1fa98df70 DEOPT PACKING pc=0x000001c1c75d3b59 sp=0x00000056231fa6e0
Event: 22.090 Thread 0x000001c1fa98df70 DEOPT UNPACKING pc=0x000001c1d72788e2 sp=0x00000056231f9b78 mode 0
Event: 26.270 Thread 0x000001c1fa98df70 Uncommon trap: trap_request=0xffffff45 fr.pc=0x000001c1d77ea544 relative=0x0000000000000e44
Event: 26.270 Thread 0x000001c1fa98df70 Uncommon trap: reason=unstable_if action=reinterpret pc=0x000001c1d77ea544 method=java.io.WinNTFileSystem.resolve(Ljava/lang/String;Ljava/lang/String;)Ljava/lang/String; @ 19 c2
Event: 26.270 Thread 0x000001c1fa98df70 DEOPT PACKING pc=0x000001c1d77ea544 sp=0x00000056231fb5c0
Event: 26.270 Thread 0x000001c1fa98df70 DEOPT UNPACKING pc=0x000001c1d7277da2 sp=0x00000056231fb558 mode 2
Event: 26.275 Thread 0x000001c1fa98df70 Uncommon trap: trap_request=0xffffff45 fr.pc=0x000001c1d7851d70 relative=0x0000000000000690
Event: 26.275 Thread 0x000001c1fa98df70 Uncommon trap: reason=unstable_if action=reinterpret pc=0x000001c1d7851d70 method=java.io.File.getName()Ljava/lang/String; @ 16 c2
Event: 26.275 Thread 0x000001c1fa98df70 DEOPT PACKING pc=0x000001c1d7851d70 sp=0x00000056231fb580
Event: 26.275 Thread 0x000001c1fa98df70 DEOPT UNPACKING pc=0x000001c1d7277da2 sp=0x00000056231fb550 mode 2

Classes loaded (20 events):
Event: 22.144 Loading class sun/security/provider/SHA5$SHA512
Event: 22.144 Loading class sun/security/provider/SHA5
Event: 22.145 Loading class sun/security/provider/SHA5 done
Event: 22.145 Loading class sun/security/provider/SHA5$SHA512 done
Event: 22.148 Loading class sun/security/provider/ByteArrayAccess$LE
Event: 22.148 Loading class sun/security/provider/ByteArrayAccess$LE done
Event: 26.252 Loading class java/util/concurrent/LinkedBlockingDeque$Itr
Event: 26.268 Loading class java/util/concurrent/LinkedBlockingDeque$AbstractItr
Event: 26.268 Loading class java/util/concurrent/LinkedBlockingDeque$AbstractItr done
Event: 26.268 Loading class java/util/concurrent/LinkedBlockingDeque$Itr done
Event: 26.272 Loading class java/io/File$TempDirectory
Event: 26.273 Loading class java/io/File$TempDirectory done
Event: 26.278 Loading class java/util/LinkedList$ListItr
Event: 26.278 Loading class java/util/LinkedList$ListItr done
Event: 26.284 Loading class java/io/PrintWriter
Event: 26.286 Loading class java/io/PrintWriter done
Event: 30.387 Loading class java/io/DeleteOnExitHook
Event: 30.388 Loading class java/io/DeleteOnExitHook done
Event: 30.388 Loading class java/io/DeleteOnExitHook$1
Event: 30.388 Loading class java/io/DeleteOnExitHook$1 done

Classes unloaded (0 events):
No events

Classes redefined (0 events):
No events

Internal exceptions (20 events):
Event: 4.131 Thread 0x000001c1c439f940 Exception <a 'java/lang/NoSuchMethodError'{0x0000000607bd9bb0}: 'java.lang.Object java.lang.invoke.DirectMethodHandle$Holder.invokeStatic(java.lang.Object, java.lang.Object, java.lang.Object, java.lang.Object, java.lang.Object, java.lang.Object, java.lang.Object, java.lang.Object, java.lang.Object, java.lang.Object, java.lang.Object, java.lang.Object, java.lang.Object, java.lang.Object, java.lang.Object)'> (0x0000000607bd9bb0) 
thrown [s\src\hotspot\share\interpreter\linkResolver.cpp, line 784]
Event: 4.132 Thread 0x000001c1c439f940 Exception <a 'java/lang/NoSuchMethodError'{0x0000000607407998}: 'java.lang.Object java.lang.invoke.DirectMethodHandle$Holder.invokeStatic(java.lang.Object, java.lang.Object, java.lang.Object, java.lang.Object, java.lang.Object, java.lang.Object, java.lang.Object, java.lang.Object, java.lang.Object, java.lang.Object, java.lang.Object, java.lang.Object, java.lang.Object, java.lang.Object, java.lang.Object, java.lang.Object)'> (0x0000000607407998) 
thrown [s\src\hotspot\share\interpreter\linkResolver.cpp, lin
Event: 9.354 Thread 0x000001c1c439f940 Exception <a 'java/lang/NoSuchMethodError'{0x00000006076c7118}: 'java.lang.Object java.lang.invoke.DirectMethodHandle$Holder.invokeVirtual(java.lang.Object, java.lang.Object, java.lang.Object, java.lang.Object, java.lang.Object, java.lang.Object, java.lang.Object)'> (0x00000006076c7118) 
thrown [s\src\hotspot\share\interpreter\linkResolver.cpp, line 784]
Event: 9.384 Thread 0x000001c1c439f940 Exception <a 'java/lang/NoSuchMethodError'{0x0000000607756768}: 'java.lang.Object java.lang.invoke.DirectMethodHandle$Holder.invokeVirtual(java.lang.Object, java.lang.Object, java.lang.Object, java.lang.Object, java.lang.Object, java.lang.Object, java.lang.Object, java.lang.Object, java.lang.Object)'> (0x0000000607756768) 
thrown [s\src\hotspot\share\interpreter\linkResolver.cpp, line 784]
Event: 9.710 Thread 0x000001c1c439f940 Exception <a 'java/lang/NoSuchMethodError'{0x00000006071925b0}: 'java.lang.Object java.lang.invoke.DirectMethodHandle$Holder.invokeStaticInit(java.lang.Object, java.lang.Object, int, int, int, int)'> (0x00000006071925b0) 
thrown [s\src\hotspot\share\interpreter\linkResolver.cpp, line 784]
Event: 15.197 Thread 0x000001c1c439f940 Exception <a 'java/io/IOException'{0x0000000606d0b718}> (0x0000000606d0b718) 
thrown [s\src\hotspot\share\prims\jni.cpp, line 537]
Event: 15.205 Thread 0x000001c1c439f940 Implicit null exception at 0x000001c1d7853224 to 0x000001c1d78538fc
Event: 15.214 Thread 0x000001c1c439f940 Exception <a 'java/lang/NoSuchMethodError'{0x0000000606d6b6e0}: 'java.lang.Object java.lang.invoke.DirectMethodHandle$Holder.newInvokeSpecial(java.lang.Object, java.lang.Object, java.lang.Object, java.lang.Object, java.lang.Object)'> (0x0000000606d6b6e0) 
thrown [s\src\hotspot\share\interpreter\linkResolver.cpp, line 784]
Event: 17.621 Thread 0x000001c1fa8ed3b0 Exception <a 'java/lang/NoSuchMethodError'{0x0000000606849c00}: 'void java.lang.invoke.DirectMethodHandle$Holder.invokeSpecial(java.lang.Object, java.lang.Object, java.lang.Object)'> (0x0000000606849c00) 
thrown [s\src\hotspot\share\interpreter\linkResolver.cpp, line 784]
Event: 17.795 Thread 0x000001c1fa98df70 Exception <a 'java/lang/NoSuchMethodError'{0x00000006066bfb18}: 'long java.lang.invoke.DirectMethodHandle$Holder.invokeInterface(java.lang.Object, java.lang.Object)'> (0x00000006066bfb18) 
thrown [s\src\hotspot\share\interpreter\linkResolver.cpp, line 784]
Event: 18.035 Thread 0x000001c1fa98df70 Exception <a 'java/lang/NoSuchMethodError'{0x0000000603cb3c48}: 'java.lang.Object java.lang.invoke.DirectMethodHandle$Holder.invokeVirtual(java.lang.Object, java.lang.Object, java.lang.Object, java.lang.Object, java.lang.Object, java.lang.Object, java.lang.Object, java.lang.Object, java.lang.Object, java.lang.Object, java.lang.Object, java.lang.Object)'> (0x0000000603cb3c48) 
thrown [s\src\hotspot\share\interpreter\linkResolver.cpp, line 784]
Event: 18.035 Thread 0x000001c1fa98df70 Exception <a 'java/lang/NoSuchMethodError'{0x0000000603cb8d98}: 'java.lang.Object java.lang.invoke.DirectMethodHandle$Holder.invokeSpecial(java.lang.Object, java.lang.Object, java.lang.Object, java.lang.Object, java.lang.Object, java.lang.Object, java.lang.Object, java.lang.Object, java.lang.Object, java.lang.Object, java.lang.Object, java.lang.Object, java.lang.Object)'> (0x0000000603cb8d98) 
thrown [s\src\hotspot\share\interpreter\linkResolver.cpp, line 784]
Event: 18.299 Thread 0x000001c1fa98df70 Exception <a 'java/lang/NoSuchMethodError'{0x00000006039651b0}: 'java.lang.Object java.lang.invoke.DirectMethodHandle$Holder.newInvokeSpecial(java.lang.Object, java.lang.Object, java.lang.Object, java.lang.Object, java.lang.Object, java.lang.Object)'> (0x00000006039651b0) 
thrown [s\src\hotspot\share\interpreter\linkResolver.cpp, line 784]
Event: 18.593 Thread 0x000001c1fa98df70 Exception <a 'java/lang/NoSuchMethodError'{0x0000000603436b40}: 'void java.lang.invoke.DelegatingMethodHandle$Holder.reinvoke_L(java.lang.Object, java.lang.Object, java.lang.Object, java.lang.Object, java.lang.Object, java.lang.Object, java.lang.Object, java.lang.Object, java.lang.Object, java.lang.Object)'> (0x0000000603436b40) 
thrown [s\src\hotspot\share\interpreter\linkResolver.cpp, line 784]
Event: 18.596 Thread 0x000001c1fa98df70 Exception <a 'java/lang/NoSuchMethodError'{0x000000060343e620}: 'java.lang.Object java.lang.invoke.Invokers$Holder.invoker(java.lang.Object, java.lang.Object, java.lang.Object, java.lang.Object, java.lang.Object, java.lang.Object, java.lang.Object, java.lang.Object, java.lang.Object, java.lang.Object)'> (0x000000060343e620) 
thrown [s\src\hotspot\share\interpreter\linkResolver.cpp, line 784]
Event: 19.857 Thread 0x000001c1fa98df70 Exception <a 'java/lang/NoSuchMethodError'{0x000000060307d660}: 'void java.lang.invoke.DirectMethodHandle$Holder.invokeVirtual(java.lang.Object, java.lang.Object, java.lang.Object, java.lang.Object, java.lang.Object)'> (0x000000060307d660) 
thrown [s\src\hotspot\share\interpreter\linkResolver.cpp, line 784]
Event: 19.948 Thread 0x000001c1fa98df70 Exception <a 'java/lang/NoSuchMethodError'{0x000000060325be40}: 'void java.lang.invoke.DirectMethodHandle$Holder.invokeInterface(java.lang.Object, java.lang.Object)'> (0x000000060325be40) 
thrown [s\src\hotspot\share\interpreter\linkResolver.cpp, line 784]
Event: 19.949 Thread 0x000001c1fa98df70 Exception <a 'java/lang/IncompatibleClassChangeError'{0x000000060325f5c0}: Found class java.lang.Object, but interface was expected> (0x000000060325f5c0) 
thrown [s\src\hotspot\share\interpreter\linkResolver.cpp, line 851]
Event: 22.036 Thread 0x000001c1fa98df70 Exception <a 'java/lang/NoSuchMethodError'{0x0000000603380928}: 'java.lang.Object java.lang.invoke.DirectMethodHandle$Holder.newInvokeSpecial(java.lang.Object, java.lang.Object, int)'> (0x0000000603380928) 
thrown [s\src\hotspot\share\interpreter\linkResolver.cpp, line 784]
Event: 22.173 Thread 0x000001c1fa98df70 Exception <a 'java/lang/NoSuchMethodError'{0x0000000602f026f0}: 'java.lang.Object java.lang.invoke.DirectMethodHandle$Holder.invokeVirtual(java.lang.Object, java.lang.Object, java.lang.Object, java.lang.Object, java.lang.Object, java.lang.Object, java.lang.Object, java.lang.Object)'> (0x0000000602f026f0) 
thrown [s\src\hotspot\share\interpreter\linkResolver.cpp, line 784]

ZGC Phase Switch (0 events):
No events

VM Operations (20 events):
Event: 17.878 Executing VM operation: G1PauseRemark done
Event: 17.881 Executing VM operation: G1PauseCleanup
Event: 17.890 Executing VM operation: G1PauseCleanup done
Event: 18.902 Executing VM operation: Cleanup
Event: 19.729 Executing VM operation: Cleanup done
Event: 20.729 Executing VM operation: Cleanup
Event: 20.729 Executing VM operation: Cleanup done
Event: 22.032 Executing VM operation: HandshakeAllThreads (Deoptimize)
Event: 22.033 Executing VM operation: HandshakeAllThreads (Deoptimize) done
Event: 22.033 Executing VM operation: Cleanup
Event: 22.033 Executing VM operation: Cleanup done
Event: 23.033 Executing VM operation: Cleanup
Event: 23.222 Executing VM operation: Cleanup done
Event: 27.264 Executing VM operation: Cleanup
Event: 27.264 Executing VM operation: Cleanup done
Event: 28.277 Executing VM operation: Cleanup
Event: 28.339 Executing VM operation: Cleanup done
Event: 29.340 Executing VM operation: Cleanup
Event: 30.383 Executing VM operation: Cleanup done
Event: 31.395 Executing VM operation: Cleanup

Memory protections (0 events):
No events

Nmethod flushes (0 events):
No events

Events (20 events):
Event: 1.529 Loaded shared library C:\Users\Samsung\.gradle\native\0.2.5\x86_64-windows-gnu\gradle-fileevents.dll
Event: 2.382 Thread 0x000001c1f90b0f90 Thread exited: 0x000001c1f90b0f90
Event: 3.993 Loaded shared library C:\Program Files\Android\Android Studio\jbr\bin\management.dll
Event: 4.000 Loaded shared library C:\Program Files\Android\Android Studio\jbr\bin\management_ext.dll
Event: 4.095 Thread 0x000001c1c439f940 Thread added: 0x000001c1fa9631a0
Event: 10.764 Loaded shared library C:\Program Files\Android\Android Studio\jbr\bin\extnet.dll
Event: 10.885 Thread 0x000001c1c439f940 Thread added: 0x000001c1fa794ec0
Event: 10.914 Thread 0x000001c1f4680ac0 Thread added: 0x000001c1fa619c90
Event: 15.157 Thread 0x000001c1fa619c90 Thread exited: 0x000001c1fa619c90
Event: 16.239 Thread 0x000001c1c439f940 Thread added: 0x000001c1f9b9ee80
Event: 17.477 Thread 0x000001c1fa794ec0 Thread added: 0x000001c1fa8ed3b0
Event: 17.485 Thread 0x000001c1fa8ed3b0 Thread added: 0x000001c1f9fc4fd0
Event: 17.603 Thread 0x000001c1fa8ed3b0 Thread added: 0x000001c1f9d66390
Event: 17.623 Thread 0x000001c1fa8ed3b0 Thread added: 0x000001c1fa98df70
Event: 17.650 Thread 0x000001c1fa98df70 Thread added: 0x000001c1fa98d250
Event: 17.662 Thread 0x000001c1fa98df70 Thread added: 0x000001c1fa98e600
Event: 17.667 Thread 0x000001c1fa98df70 Thread added: 0x000001c1fa98ec90
Event: 22.033 Thread 0x000001c1fa98df70 Thread added: 0x000001c1fa98d8e0
Event: 22.054 Thread 0x000001c1fa98df70 Thread added: 0x000001c1fa98f320
Event: 22.124 Thread 0x000001c1fa98df70 Thread added: 0x000001c1fa98f9b0


Dynamic libraries:
0x00007ff62c750000 - 0x00007ff62c75a000 	C:\Program Files\Android\Android Studio\jbr\bin\java.exe
0x00007fff1a4a0000 - 0x00007fff1a707000 	C:\WINDOWS\SYSTEM32\ntdll.dll
0x00007fff19010000 - 0x00007fff190d9000 	C:\WINDOWS\System32\KERNEL32.DLL
0x00007fff177a0000 - 0x00007fff17b8f000 	C:\WINDOWS\System32\KERNELBASE.dll
0x00007fff17c30000 - 0x00007fff17d7b000 	C:\WINDOWS\System32\ucrtbase.dll
0x00007fff05170000 - 0x00007fff05188000 	C:\Program Files\Android\Android Studio\jbr\bin\jli.dll
0x00007fff04cb0000 - 0x00007fff04ccb000 	C:\Program Files\Android\Android Studio\jbr\bin\VCRUNTIME140.dll
0x00007fff197a0000 - 0x00007fff19965000 	C:\WINDOWS\System32\USER32.dll
0x00007fff175f0000 - 0x00007fff17617000 	C:\WINDOWS\System32\win32u.dll
0x00007ffefda60000 - 0x00007ffefdcf3000 	C:\WINDOWS\WinSxS\amd64_microsoft.windows.common-controls_6595b64144ccf1df_6.0.26100.7309_none_3e05feeae336a044\COMCTL32.dll
0x00007fff18240000 - 0x00007fff1826b000 	C:\WINDOWS\System32\GDI32.dll
0x00007fff187d0000 - 0x00007fff18879000 	C:\WINDOWS\System32\msvcrt.dll
0x00007fff17ee0000 - 0x00007fff1800c000 	C:\WINDOWS\System32\gdi32full.dll
0x00007fff17e30000 - 0x00007fff17ed3000 	C:\WINDOWS\System32\msvcp_win.dll
0x00007fff19de0000 - 0x00007fff19e11000 	C:\WINDOWS\System32\IMM32.DLL
0x00007fff05230000 - 0x00007fff0523c000 	C:\Program Files\Android\Android Studio\jbr\bin\vcruntime140_1.dll
0x00007ffe996c0000 - 0x00007ffe9974d000 	C:\Program Files\Android\Android Studio\jbr\bin\msvcp140.dll
0x00007ffe41cc0000 - 0x00007ffe4294e000 	C:\Program Files\Android\Android Studio\jbr\bin\server\jvm.dll
0x00007fff18380000 - 0x00007fff18434000 	C:\WINDOWS\System32\ADVAPI32.dll
0x00007fff19ea0000 - 0x00007fff19f46000 	C:\WINDOWS\System32\sechost.dll
0x00007fff19490000 - 0x00007fff195a8000 	C:\WINDOWS\System32\RPCRT4.dll
0x00007fff1a3e0000 - 0x00007fff1a454000 	C:\WINDOWS\System32\WS2_32.dll
0x00007fff17450000 - 0x00007fff174ae000 	C:\WINDOWS\SYSTEM32\POWRPROF.dll
0x00007ffefdd00000 - 0x00007ffefdd35000 	C:\WINDOWS\SYSTEM32\WINMM.dll
0x00007fff15f30000 - 0x00007fff15f3b000 	C:\WINDOWS\SYSTEM32\VERSION.dll
0x00007fff17430000 - 0x00007fff17444000 	C:\WINDOWS\SYSTEM32\UMPDC.dll
0x00007fff163a0000 - 0x00007fff163bb000 	C:\WINDOWS\SYSTEM32\kernel.appcore.dll
0x00007fff051f0000 - 0x00007fff051fa000 	C:\Program Files\Android\Android Studio\jbr\bin\jimage.dll
0x00007fff14780000 - 0x00007fff149c2000 	C:\WINDOWS\SYSTEM32\DBGHELP.DLL
0x00007fff18440000 - 0x00007fff187c6000 	C:\WINDOWS\System32\combase.dll
0x00007fff19330000 - 0x00007fff19406000 	C:\WINDOWS\System32\OLEAUT32.dll
0x00007ffef46b0000 - 0x00007ffef46ec000 	C:\WINDOWS\SYSTEM32\dbgcore.DLL
0x00007fff17d80000 - 0x00007fff17e25000 	C:\WINDOWS\System32\bcryptPrimitives.dll
0x00007fff04ac0000 - 0x00007fff04ace000 	C:\Program Files\Android\Android Studio\jbr\bin\instrument.dll
0x00007fff049a0000 - 0x00007fff049c0000 	C:\Program Files\Android\Android Studio\jbr\bin\java.dll
0x00007ffeeb2d0000 - 0x00007ffeeb2e8000 	C:\Program Files\Android\Android Studio\jbr\bin\zip.dll
0x00007fff188b0000 - 0x00007fff19003000 	C:\WINDOWS\System32\SHELL32.dll
0x00007fff18010000 - 0x00007fff1817a000 	C:\WINDOWS\System32\wintypes.dll
0x00007fff14f40000 - 0x00007fff1579e000 	C:\WINDOWS\SYSTEM32\windows.storage.dll
0x00007fff196a0000 - 0x00007fff19795000 	C:\WINDOWS\System32\SHCORE.dll
0x00007fff19410000 - 0x00007fff19476000 	C:\WINDOWS\System32\shlwapi.dll
0x00007fff17510000 - 0x00007fff17539000 	C:\WINDOWS\SYSTEM32\profapi.dll
0x00007ffef2350000 - 0x00007ffef2360000 	C:\Program Files\Android\Android Studio\jbr\bin\net.dll
0x00007fff0e2e0000 - 0x00007fff0e408000 	C:\WINDOWS\SYSTEM32\WINHTTP.dll
0x00007fff16910000 - 0x00007fff1697b000 	C:\WINDOWS\system32\mswsock.dll
0x00007ffedd7a0000 - 0x00007ffedd7b6000 	C:\Program Files\Android\Android Studio\jbr\bin\nio.dll
0x00007ffef1970000 - 0x00007ffef1980000 	C:\Program Files\Android\Android Studio\jbr\bin\verify.dll
0x00007ffef0370000 - 0x00007ffef0397000 	C:\Users\Samsung\.gradle\native\1def1411415f61bf3af743bc5b6707747c0891f09f0c88961ee8f79bc544acac\windows-amd64\native-platform.dll
0x000000006ffa0000 - 0x0000000070013000 	C:\Users\Samsung\.gradle\native\0.2.5\x86_64-windows-gnu\gradle-fileevents.dll
0x00007ffef1220000 - 0x00007ffef1229000 	C:\Program Files\Android\Android Studio\jbr\bin\management.dll
0x00007ffef0360000 - 0x00007ffef036b000 	C:\Program Files\Android\Android Studio\jbr\bin\management_ext.dll
0x00007fff19480000 - 0x00007fff19488000 	C:\WINDOWS\System32\PSAPI.DLL
0x00007fff16bd0000 - 0x00007fff16beb000 	C:\WINDOWS\SYSTEM32\CRYPTSP.dll
0x00007fff16300000 - 0x00007fff1633a000 	C:\WINDOWS\system32\rsaenh.dll
0x00007fff169c0000 - 0x00007fff169eb000 	C:\WINDOWS\SYSTEM32\USERENV.dll
0x00007fff174e0000 - 0x00007fff1750a000 	C:\WINDOWS\SYSTEM32\bcrypt.dll
0x00007fff16bf0000 - 0x00007fff16bfc000 	C:\WINDOWS\SYSTEM32\CRYPTBASE.dll
0x00007fff15b60000 - 0x00007fff15b94000 	C:\WINDOWS\SYSTEM32\IPHLPAPI.DLL
0x00007fff19990000 - 0x00007fff1999a000 	C:\WINDOWS\System32\NSI.dll
0x00007fff04ab0000 - 0x00007fff04ab9000 	C:\Program Files\Android\Android Studio\jbr\bin\extnet.dll
0x00007ffed1990000 - 0x00007ffed1998000 	C:\WINDOWS\system32\wshunix.dll
0x000000006ff20000 - 0x000000006ff93000 	C:\Users\Samsung\AppData\Local\Temp\native-platform8710590611904703822dir\gradle-fileevents.dll

dbghelp: loaded successfully - version: 4.0.5 - missing functions: none
symbol engine: initialized successfully - sym options: 0x614 - pdb path: .;C:\Program Files\Android\Android Studio\jbr\bin;C:\WINDOWS\SYSTEM32;C:\WINDOWS\WinSxS\amd64_microsoft.windows.common-controls_6595b64144ccf1df_6.0.26100.7309_none_3e05feeae336a044;C:\Program Files\Android\Android Studio\jbr\bin\server;C:\Users\Samsung\.gradle\native\1def1411415f61bf3af743bc5b6707747c0891f09f0c88961ee8f79bc544acac\windows-amd64;C:\Users\Samsung\.gradle\native\0.2.5\x86_64-windows-gnu;C:\Users\Samsung\AppData\Local\Temp\native-platform8710590611904703822dir

VM Arguments:
jvm_args: --add-opens=java.base/java.lang=ALL-UNNAMED --add-opens=java.base/java.lang.invoke=ALL-UNNAMED --add-opens=java.base/java.util=ALL-UNNAMED --add-opens=java.prefs/java.util.prefs=ALL-UNNAMED --add-exports=jdk.compiler/com.sun.tools.javac.api=ALL-UNNAMED --add-exports=jdk.compiler/com.sun.tools.javac.util=ALL-UNNAMED --add-opens=java.base/java.util=ALL-UNNAMED --add-opens=java.prefs/java.util.prefs=ALL-UNNAMED --add-opens=java.base/java.nio.charset=ALL-UNNAMED --add-opens=java.base/java.net=ALL-UNNAMED --add-opens=java.base/java.util.concurrent.atomic=ALL-UNNAMED --add-opens=java.xml/javax.xml.namespace=ALL-UNNAMED -XX:MaxMetaspaceSize=4G -XX:ReservedCodeCacheSize=512m -XX:+HeapDumpOnOutOfMemoryError -Xmx8G -Dfile.encoding=UTF-8 -Duser.country=IT -Duser.language=it -Duser.variant -javaagent:C:\Users\Samsung\.gradle\wrapper\dists\gradle-8.12-all\ejduaidbjup3bmmkhw3rie4zb\gradle-8.12\lib\agents\gradle-instrumentation-agent-8.12.jar 
java_command: org.gradle.launcher.daemon.bootstrap.GradleDaemon 8.12
java_class_path (initial): C:\Users\Samsung\.gradle\wrapper\dists\gradle-8.12-all\ejduaidbjup3bmmkhw3rie4zb\gradle-8.12\lib\gradle-daemon-main-8.12.jar
Launcher Type: SUN_STANDARD

[Global flags]
     intx CICompilerCount                          = 4                                         {product} {ergonomic}
     uint ConcGCThreads                            = 2                                         {product} {ergonomic}
     uint G1ConcRefinementThreads                  = 8                                         {product} {ergonomic}
   size_t G1HeapRegionSize                         = 4194304                                   {product} {ergonomic}
    uintx GCDrainStackTargetSize                   = 64                                        {product} {ergonomic}
     bool HeapDumpOnOutOfMemoryError               = true                                   {manageable} {command line}
   size_t InitialHeapSize                          = 130023424                                 {product} {ergonomic}
   size_t MarkStackSize                            = 4194304                                   {product} {ergonomic}
   size_t MaxHeapSize                              = 8589934592                                {product} {command line}
   size_t MaxMetaspaceSize                         = 4294967296                                {product} {command line}
   size_t MaxNewSize                               = 5150605312                                {product} {ergonomic}
   size_t MinHeapDeltaBytes                        = 4194304                                   {product} {ergonomic}
   size_t MinHeapSize                              = 8388608                                   {product} {ergonomic}
    uintx NonNMethodCodeHeapSize                   = 5839372                                {pd product} {ergonomic}
    uintx NonProfiledCodeHeapSize                  = 265515770                              {pd product} {ergonomic}
    uintx ProfiledCodeHeapSize                     = 265515770                              {pd product} {ergonomic}
    uintx ReservedCodeCacheSize                    = 536870912                              {pd product} {command line}
     bool SegmentedCodeCache                       = true                                      {product} {ergonomic}
   size_t SoftMaxHeapSize                          = 8589934592                             {manageable} {ergonomic}
     bool UseCompressedOops                        = true                           {product lp64_product} {ergonomic}
     bool UseG1GC                                  = true                                      {product} {ergonomic}
     bool UseLargePagesIndividualAllocation        = false                                  {pd product} {ergonomic}

Logging:
Log output configuration:
 #0: stdout all=warning uptime,level,tags foldmultilines=false
 #1: stderr all=off uptime,level,tags foldmultilines=false

Environment Variables:
JAVA_HOME=C:\Program Files\Android\Android Studio\jbr
PATH=C:\Program Files\BellSoft\LibericaJDK-21-Full\bin\;C:\Program Files\BellSoft\LibericaJDK-21\bin\;C:\Program Files\Java\jdk-21\bin;C:\Program Files\Microsoft\jdk-17.0.16.8-hotspot\bin;C:\Program Files\Common Files\Oracle\Java\javapath;C:\Program Files (x86)\Common Files\Oracle\Java\javapath;C:\WINDOWS\system32;C:\WINDOWS;C:\WINDOWS\System32\Wbem;C:\WINDOWS\System32\WindowsPowerShell\v1.0\;C:\WINDOWS\System32\OpenSSH\;C:\Program Files\MATLAB\R2022a\bin;C:\Program Files\dotnet\;C:\TDM-GCC-64\bin;C:\Program Files\MySQL\MySQL Shell 8.0\bin\;C:\Users\Samsung\AppData\Local\Microsoft\WindowsApps;C:\Users\warch\AppData\Local\Programs\Microsoft VS Code\bin;C:\Users\warch\Appdata\Local\Programs\Python\Python312;C:\Users\Samsung\AppData\Local\Programs\Microsoft VS Code\bin;C:\Program Files\MySQL\MySQL Server 8.0\bin;C:\Users\Samsung\AppData\Roaming\npm;C:\Users\Samsung\Desktop\Java\flutter\bin;C:\Users\Samsung\AppData\Local\Android\Sdk\platform-tools;C:\Users\Samsung\AppData\Local\Android\Sdk\cmdline-tools\latest\bin;C:\Users\Samsung\AppData\Local\Android\Sdk\emulato;C:\Program Files\WindowsApps\ngrok.ngrok_3.24.0.0_x64__1g87z0zv29zzc;C:\Program Files\Git\cmd;C:\Program Files\nodejs\;C:\Program Files\Docker\Docker\resources\bin;C:\Program Files\MySQL\MySQL Shell 8.0\bin\;C:\Users\Samsung\AppData\Local\Microsoft\WindowsApps;C:\Users\warch\AppData\Local\Programs\Microsoft VS Code\bin;C:\Users\warch\Appdata\Local\Programs\Python\Python312;C:\Users\Samsung\AppData\Local\Programs\Microsoft VS Code\bin;C:\Program Files\MySQL\MySQL Server 8.0\bin;C:\flutter\bin;C:\Users\Samsung\AppData\Local\Android\Sdk\platform-tools;C:\Users\Samsung\AppData\Local\Android\Sdk\cmdline-tools\latest\bin;C:\Users\Samsung\AppData\Local\Android\Sdk\emulator;C:\Program Files\Android\Android Studio\jbr\bin;C:\Program Files\Java\jdk-21\bin;C:\Users\Samsung\AppData\Local\GitHubDesktop\bin;C:\Users\Samsung\AppData\Roaming\npm;
USERNAME=Samsung
OS=Windows_NT
PROCESSOR_IDENTIFIER=Intel64 Family 6 Model 140 Stepping 1, GenuineIntel
TMP=C:\Users\Samsung\AppData\Local\Temp
TEMP=C:\Users\Samsung\AppData\Local\Temp




Periodic native trim disabled

JNI global refs:
JNI global refs: 26, weak refs: 0

JNI global refs memory usage: 835, weak refs: 833

Process memory usage:
Resident Set Size: 151932K (1% of 8105320K total physical memory with 661964K free physical memory)

OOME stack traces (most recent first):
Classloader memory used:
Loader bootstrap                                                                       : 16039K
Loader org.gradle.internal.classloader.VisitableURLClassLoader                         : 9124K
Loader org.gradle.initialization.MixInLegacyTypesClassLoader                           : 595K
Loader jdk.internal.loader.ClassLoaders$AppClassLoader                                 : 231K
Loader jdk.internal.loader.ClassLoaders$PlatformClassLoader                            : 149K

Classes loaded by more than one classloader:
Class org.gradle.internal.classloader.FilteringClassLoader                            : loaded 2 times (x 103B)
Class org.gradle.internal.classloader.ClassLoaderHierarchy                            : loaded 2 times (x 68B)
Class org.gradle.api.internal.classpath.ManifestUtil                                  : loaded 2 times (x 69B)
Class org.gradle.internal.classloader.ClassLoaderVisitor                              : loaded 2 times (x 74B)
Class org.gradle.api.internal.classpath.EffectiveClassPath                            : loaded 2 times (x 88B)
Class org.gradle.api.internal.DefaultClassPathProvider                                : loaded 2 times (x 74B)
Class [Lorg.gradle.api.internal.ClassPathProvider;                                    : loaded 2 times (x 67B)
Class org.gradle.api.internal.ClassPathProvider                                       : loaded 2 times (x 68B)
Class org.gradle.internal.service.UnknownServiceException                             : loaded 2 times (x 81B)
Class org.gradle.internal.classpath.TransformedClassPath                              : loaded 2 times (x 94B)
Class org.gradle.internal.classloader.InstrumentingClassLoader                        : loaded 2 times (x 68B)
Class org.gradle.internal.service.ServiceLocator                                      : loaded 2 times (x 68B)
Class org.gradle.internal.InternalTransformer                                         : loaded 2 times (x 68B)
Class org.gradle.internal.classloader.ClasspathUtil$1                                 : loaded 2 times (x 74B)
Class org.gradle.api.internal.classpath.DefaultModuleRegistry$DefaultModule           : loaded 2 times (x 84B)
Class org.gradle.api.internal.classpath.Module                                        : loaded 2 times (x 68B)
Class org.gradle.api.internal.classpath.UnknownModuleException                        : loaded 2 times (x 80B)
Class org.gradle.api.internal.DefaultClassPathRegistry                                : loaded 2 times (x 74B)
Class org.gradle.api.internal.ClassPathRegistry                                       : loaded 2 times (x 68B)
Class org.gradle.internal.classpath.DefaultClassPath$ImmutableUniqueList              : loaded 2 times (x 197B)
Class org.gradle.internal.classpath.ClassPath                                         : loaded 2 times (x 68B)
Class org.gradle.api.UncheckedIOException                                             : loaded 2 times (x 80B)
Class org.gradle.internal.installation.GradleInstallation$1                           : loaded 2 times (x 73B)
Class org.gradle.api.internal.classpath.ModuleRegistry                                : loaded 2 times (x 68B)
Class org.gradle.api.internal.classpath.DefaultModuleRegistry                         : loaded 2 times (x 84B)
Class org.gradle.internal.service.ServiceLookupException                              : loaded 2 times (x 80B)
Class org.gradle.internal.classloader.ClassLoaderFactory                              : loaded 2 times (x 68B)
Class org.gradle.internal.service.CachingServiceLocator                               : loaded 2 times (x 80B)
Class org.gradle.internal.classloader.ClasspathUtil                                   : loaded 2 times (x 69B)
Class org.gradle.api.specs.Spec                                                       : loaded 2 times (x 68B)
Class org.gradle.internal.classloader.VisitableURLClassLoader$InstrumentingVisitableURLClassLoader: loaded 2 times (x 121B)
Class org.gradle.internal.classloader.VisitableURLClassLoader$Spec                    : loaded 2 times (x 72B)
Class org.gradle.internal.classpath.DefaultClassPath                                  : loaded 2 times (x 88B)
Class org.gradle.internal.classloader.ClassLoaderSpec                                 : loaded 2 times (x 69B)
Class org.gradle.internal.classloader.VisitableURLClassLoader                         : loaded 2 times (x 115B)
Class org.gradle.internal.Cast                                                        : loaded 2 times (x 69B)
Class org.gradle.api.Action                                                           : loaded 2 times (x 68B)
Class org.gradle.internal.classpath.DefaultClassPath$ImmutableUniqueList$Builder      : loaded 2 times (x 73B)
Class org.gradle.api.GradleException                                                  : loaded 2 times (x 80B)
Class org.gradle.internal.IoActions                                                   : loaded 2 times (x 69B)
Class org.gradle.internal.classloader.SystemClassLoaderSpec                           : loaded 2 times (x 69B)
Class org.gradle.api.internal.classpath.GlobalCacheRootsProvider                      : loaded 2 times (x 68B)
Class org.gradle.internal.installation.CurrentGradleInstallationLocator               : loaded 2 times (x 69B)
Class org.gradle.internal.service.DefaultServiceLocator                               : loaded 2 times (x 81B)
Class org.gradle.internal.installation.CurrentGradleInstallation                      : loaded 2 times (x 71B)
Class org.gradle.util.internal.GUtil                                                  : loaded 2 times (x 69B)
Class org.gradle.internal.installation.GradleInstallation                             : loaded 2 times (x 73B)

---------------  S Y S T E M  ---------------

OS:
 Windows 11 , 64 bit Build 26100 (10.0.26100.7623)
OS uptime: 2 days 20:16 hours
Hyper-V role detected

CPU: total 8 (initial active 8) (4 cores per cpu, 2 threads per core) family 6 model 140 stepping 1 microcode 0x8a, cx8, cmov, fxsr, ht, mmx, 3dnowpref, sse, sse2, sse3, ssse3, sse4.1, sse4.2, popcnt, lzcnt, tsc, tscinvbit, avx, avx2, aes, erms, clmul, bmi1, bmi2, adx, avx512f, avx512dq, avx512cd, avx512bw, avx512vl, sha, fma, vzeroupper, avx512_vpopcntdq, avx512_vpclmulqdq, avx512_vaes, avx512_vnni, clflush, clflushopt, clwb, avx512_vbmi2, avx512_vbmi, hv, rdtscp, rdpid, fsrm, gfni, avx512_bitalg, f16c, cet_ibt, cet_ss, avx512_ifma
Processor Information for the first 8 processors :
  Max Mhz: 2419, Current Mhz: 1007, Mhz Limit: 2419

Memory: 4k page, system-wide physical 7915M (647M free)
TotalPageFile size 16107M (AvailPageFile size 4M)
current process WorkingSet (physical memory assigned to process): 148M, peak: 153M
current process commit charge ("private bytes"): 215M, peak: 249M

vm_info: OpenJDK 64-Bit Server VM (21.0.7+-13880790-b1038.58) for windows-amd64 JRE (21.0.7+-13880790-b1038.58), built on 2025-08-04T20:56:21Z by "builder" with MS VC++ 16.10 / 16.11 (VS2019)

END.
