#
# There is insufficient memory for the Java Runtime Environment to continue.
# Native memory allocation (malloc) failed to allocate 1662336 bytes. Error detail: Chunk::new
# Possible reasons:
#   The system is out of physical RAM or swap space
#   This process is running with CompressedOops enabled, and the Java Heap may be blocking the growth of the native heap
# Possible solutions:
#   Reduce memory load on the system
#   Increase physical memory or swap space
#   Check if swap backing store is full
#   Decrease Java heap size (-Xmx/-Xms)
#   Decrease number of Java threads
#   Decrease Java thread stack sizes (-Xss)
#   Set larger code cache with -XX:ReservedCodeCacheSize=
#   JVM is running with Zero Based Compressed Oops mode in which the Java heap is
#     placed in the first 32GB address space. The Java Heap base address is the
#     maximum limit for the native heap growth. Please use -XX:HeapBaseMinAddress
#     to set the Java Heap base and to place the Java Heap above 32GB virtual address.
# This output file may be truncated or incomplete.
#
#  Out of Memory Error (arena.cpp:168), pid=11836, tid=23208
#
# JRE version: OpenJDK Runtime Environment (21.0.7) (build 21.0.7+-13880790-b1038.58)
# Java VM: OpenJDK 64-Bit Server VM (21.0.7+-13880790-b1038.58, mixed mode, tiered, compressed oops, compressed class ptrs, g1 gc, windows-amd64)
# No core dump will be written. Minidumps are not enabled by default on client versions of Windows
#

---------------  S U M M A R Y ------------

Command Line: --add-opens=java.base/java.lang=ALL-UNNAMED --add-opens=java.base/java.lang.invoke=ALL-UNNAMED --add-opens=java.base/java.util=ALL-UNNAMED --add-opens=java.prefs/java.util.prefs=ALL-UNNAMED --add-exports=jdk.compiler/com.sun.tools.javac.api=ALL-UNNAMED --add-exports=jdk.compiler/com.sun.tools.javac.util=ALL-UNNAMED --add-opens=java.base/java.util=ALL-UNNAMED --add-opens=java.prefs/java.util.prefs=ALL-UNNAMED --add-opens=java.base/java.nio.charset=ALL-UNNAMED --add-opens=java.base/java.net=ALL-UNNAMED --add-opens=java.base/java.util.concurrent.atomic=ALL-UNNAMED --add-opens=java.xml/javax.xml.namespace=ALL-UNNAMED -XX:MaxMetaspaceSize=4G -XX:ReservedCodeCacheSize=512m -XX:+HeapDumpOnOutOfMemoryError -Xmx8G -Dfile.encoding=UTF-8 -Duser.country=IT -Duser.language=it -Duser.variant -javaagent:C:\Users\Samsung\.gradle\wrapper\dists\gradle-8.12-all\ejduaidbjup3bmmkhw3rie4zb\gradle-8.12\lib\agents\gradle-instrumentation-agent-8.12.jar org.gradle.launcher.daemon.bootstrap.GradleDaemon 8.12

Host: 11th Gen Intel(R) Core(TM) i5-1135G7 @ 2.40GHz, 8 cores, 7G,  Windows 11 , 64 bit Build 26100 (10.0.26100.7623)
Time: Sat Feb  7 17:30:52 2026 ora solare Europa occidentale elapsed time: 10.307881 seconds (0d 0h 0m 10s)

---------------  T H R E A D  ---------------

Current thread (0x000001f1ac36ceb0):  JavaThread "C2 CompilerThread1" daemon [_thread_in_native, id=23208, stack(0x00000048c7000000,0x00000048c7100000) (1024K)]


Current CompileTask:
C2:10307 8838       4       java.io.ObjectOutputStream::writeClassDesc (60 bytes)

Stack: [0x00000048c7000000,0x00000048c7100000]
Native frames: (J=compiled Java code, j=interpreted, Vv=VM code, C=native code)
V  [jvm.dll+0x6d25c9]
V  [jvm.dll+0x860923]
V  [jvm.dll+0x862e7e]
V  [jvm.dll+0x863563]
V  [jvm.dll+0x27f156]
V  [jvm.dll+0xc002d]
V  [jvm.dll+0xc0563]
V  [jvm.dll+0x3b6d3b]
V  [jvm.dll+0x382c27]
V  [jvm.dll+0x38209a]
V  [jvm.dll+0x247e72]
V  [jvm.dll+0x247441]
V  [jvm.dll+0x1c5fb4]
V  [jvm.dll+0x256bac]
V  [jvm.dll+0x2550f6]
V  [jvm.dll+0x3f1d16]
V  [jvm.dll+0x808d08]
V  [jvm.dll+0x6d0e1d]
C  [ucrtbase.dll+0x37b0]
C  [KERNEL32.DLL+0x2e8d7]
C  [ntdll.dll+0x8c53c]


---------------  P R O C E S S  ---------------

Threads class SMR info:
_java_thread_list=0x000001f1b2047cf0, length=63, elements={
0x000001f1f0b38f80, 0x000001f1ac0a9a40, 0x000001f1ac0c1790, 0x000001f1ac0c21f0,
0x000001f1ac0ce640, 0x000001f1ac0cf0a0, 0x000001f1ac0d7fb0, 0x000001f1ac0d8a10,
0x000001f1ac0dabb0, 0x000001f1ac0dd870, 0x000001f1ac3fe160, 0x000001f1aca6e800,
0x000001f1acd8bc20, 0x000001f1adf7c000, 0x000001f1add41b30, 0x000001f1adf7e1d0,
0x000001f1add67fe0, 0x000001f1ae007220, 0x000001f1ae006b90, 0x000001f1ae0085d0,
0x000001f1ae008c60, 0x000001f1ae009980, 0x000001f1ae006500, 0x000001f1ae0092f0,
0x000001f1ae007f40, 0x000001f1ae3d2730, 0x000001f1ae3d0cf0, 0x000001f1ae3d3ae0,
0x000001f1ae3d2dc0, 0x000001f1ae3d1380, 0x000001f1ae3d0660, 0x000001f1ae3d1a10,
0x000001f1ae3d4800, 0x000001f1ae3d4e90, 0x000001f1ae3d5520, 0x000001f1ae3d4170,
0x000001f1ae3d6240, 0x000001f1ae3d68d0, 0x000001f1ae3d6f60, 0x000001f1ae3d75f0,
0x000001f1b0a93e50, 0x000001f1ac36ceb0, 0x000001f1b0a916f0, 0x000001f1b0a92410,
0x000001f1b0a944e0, 0x000001f1b0a94b70, 0x000001f1b0a95200, 0x000001f1b0a91d80,
0x000001f1b0a95890, 0x000001f1b0a95f20, 0x000001f1b0a965b0, 0x000001f1b0a96c40,
0x000001f1b0a97ff0, 0x000001f1b0a972d0, 0x000001f1b0a97960, 0x000001f1b0a98680,
0x000001f1b2031f80, 0x000001f1b2035a90, 0x000001f1b20339c0, 0x000001f1b2032610,
0x000001f1b2035400, 0x000001f1b2032ca0, 0x000001f1b2033330
}

Java Threads: ( => current thread )
  0x000001f1f0b38f80 JavaThread "main"                              [_thread_blocked, id=23764, stack(0x00000048c5f00000,0x00000048c6000000) (1024K)]
  0x000001f1ac0a9a40 JavaThread "Common-Cleaner"             daemon [_thread_blocked, id=23784, stack(0x00000048c6700000,0x00000048c6800000) (1024K)]
  0x000001f1ac0c1790 JavaThread "Reference Handler"          daemon [_thread_blocked, id=23844, stack(0x00000048c6800000,0x00000048c6900000) (1024K)]
  0x000001f1ac0c21f0 JavaThread "Finalizer"                  daemon [_thread_blocked, id=23776, stack(0x00000048c6900000,0x00000048c6a00000) (1024K)]
  0x000001f1ac0ce640 JavaThread "Signal Dispatcher"          daemon [_thread_blocked, id=8188, stack(0x00000048c6a00000,0x00000048c6b00000) (1024K)]
  0x000001f1ac0cf0a0 JavaThread "Attach Listener"            daemon [_thread_blocked, id=19964, stack(0x00000048c6b00000,0x00000048c6c00000) (1024K)]
  0x000001f1ac0d7fb0 JavaThread "Service Thread"             daemon [_thread_blocked, id=24180, stack(0x00000048c6c00000,0x00000048c6d00000) (1024K)]
  0x000001f1ac0d8a10 JavaThread "Monitor Deflation Thread"   daemon [_thread_blocked, id=24056, stack(0x00000048c6d00000,0x00000048c6e00000) (1024K)]
  0x000001f1ac0dabb0 JavaThread "C2 CompilerThread0"         daemon [_thread_in_native, id=24308, stack(0x00000048c6e00000,0x00000048c6f00000) (1024K)]
  0x000001f1ac0dd870 JavaThread "C1 CompilerThread0"         daemon [_thread_in_native, id=24184, stack(0x00000048c6f00000,0x00000048c7000000) (1024K)]
  0x000001f1ac3fe160 JavaThread "Notification Thread"        daemon [_thread_blocked, id=24284, stack(0x00000048c7100000,0x00000048c7200000) (1024K)]
  0x000001f1aca6e800 JavaThread "Daemon health stats"               [_thread_blocked, id=1844, stack(0x00000048c7a00000,0x00000048c7b00000) (1024K)]
  0x000001f1acd8bc20 JavaThread "Incoming local TCP Connector on port 65469"        [_thread_in_native, id=3020, stack(0x00000048c7b00000,0x00000048c7c00000) (1024K)]
  0x000001f1adf7c000 JavaThread "Daemon periodic checks"            [_thread_blocked, id=12924, stack(0x00000048c7c00000,0x00000048c7d00000) (1024K)]
  0x000001f1add41b30 JavaThread "Daemon"                            [_thread_blocked, id=8092, stack(0x00000048c7d00000,0x00000048c7e00000) (1024K)]
  0x000001f1adf7e1d0 JavaThread "Handler for socket connection from /127.0.0.1:65469 to /127.0.0.1:65470"        [_thread_in_native, id=12904, stack(0x00000048c7e00000,0x00000048c7f00000) (1024K)]
  0x000001f1add67fe0 JavaThread "Cancel handler"                    [_thread_blocked, id=13500, stack(0x00000048c7f00000,0x00000048c8000000) (1024K)]
  0x000001f1ae007220 JavaThread "Daemon worker"                     [_thread_blocked, id=24052, stack(0x00000048c8000000,0x00000048c8100000) (1024K)]
  0x000001f1ae006b90 JavaThread "Asynchronous log dispatcher for DefaultDaemonConnection: socket connection from /127.0.0.1:65469 to /127.0.0.1:65470"        [_thread_blocked, id=23636, stack(0x00000048c8100000,0x00000048c8200000) (1024K)]
  0x000001f1ae0085d0 JavaThread "Stdin handler"                     [_thread_blocked, id=7520, stack(0x00000048c8200000,0x00000048c8300000) (1024K)]
  0x000001f1ae008c60 JavaThread "Daemon client event forwarder"        [_thread_blocked, id=22988, stack(0x00000048c8300000,0x00000048c8400000) (1024K)]
  0x000001f1ae009980 JavaThread "Cache worker for journal cache (C:\Users\Samsung\.gradle\caches\journal-1)"        [_thread_blocked, id=11852, stack(0x00000048c8500000,0x00000048c8600000) (1024K)]
  0x000001f1ae006500 JavaThread "File lock request listener"        [_thread_in_native, id=5256, stack(0x00000048c8600000,0x00000048c8700000) (1024K)]
  0x000001f1ae0092f0 JavaThread "Cache worker for file hash cache (C:\Users\Samsung\.gradle\caches\8.12\fileHashes)"        [_thread_blocked, id=24136, stack(0x00000048c8700000,0x00000048c8800000) (1024K)]
  0x000001f1ae007f40 JavaThread "Cache worker for file hash cache (C:\Users\Samsung\Desktop\juicy_project\frontend\android\.gradle\8.12\fileHashes)"        [_thread_blocked, id=7688, stack(0x00000048c8800000,0x00000048c8900000) (1024K)]
  0x000001f1ae3d2730 JavaThread "Cache worker for Build Output Cleanup Cache (C:\Users\Samsung\Desktop\juicy_project\frontend\android\.gradle\buildOutputCleanup)"        [_thread_blocked, id=24064, stack(0x00000048c8900000,0x00000048c8a00000) (1024K)]
  0x000001f1ae3d0cf0 JavaThread "File watcher server"        daemon [_thread_in_native, id=7908, stack(0x00000048c8a00000,0x00000048c8b00000) (1024K)]
  0x000001f1ae3d3ae0 JavaThread "File watcher consumer"      daemon [_thread_blocked, id=5252, stack(0x00000048c8b00000,0x00000048c8c00000) (1024K)]
  0x000001f1ae3d2dc0 JavaThread "jar transforms"                    [_thread_blocked, id=21980, stack(0x00000048c8c00000,0x00000048c8d00000) (1024K)]
  0x000001f1ae3d1380 JavaThread "jar transforms Thread 2"           [_thread_blocked, id=16868, stack(0x00000048c8d00000,0x00000048c8e00000) (1024K)]
  0x000001f1ae3d0660 JavaThread "jar transforms Thread 3"           [_thread_blocked, id=15600, stack(0x00000048c8e00000,0x00000048c8f00000) (1024K)]
  0x000001f1ae3d1a10 JavaThread "jar transforms Thread 4"           [_thread_blocked, id=1808, stack(0x00000048c8f00000,0x00000048c9000000) (1024K)]
  0x000001f1ae3d4800 JavaThread "jar transforms Thread 5"           [_thread_blocked, id=16152, stack(0x00000048c9000000,0x00000048c9100000) (1024K)]
  0x000001f1ae3d4e90 JavaThread "Cache worker for checksums cache (C:\Users\Samsung\Desktop\juicy_project\frontend\android\.gradle\8.12\checksums)"        [_thread_blocked, id=7304, stack(0x00000048c9100000,0x00000048c9200000) (1024K)]
  0x000001f1ae3d5520 JavaThread "Cache worker for file content cache (C:\Users\Samsung\.gradle\caches\8.12\fileContent)"        [_thread_blocked, id=22664, stack(0x00000048c9200000,0x00000048c9300000) (1024K)]
  0x000001f1ae3d4170 JavaThread "jar transforms Thread 6"           [_thread_blocked, id=16940, stack(0x00000048c9300000,0x00000048c9400000) (1024K)]
  0x000001f1ae3d6240 JavaThread "jar transforms Thread 7"           [_thread_blocked, id=24124, stack(0x00000048c9400000,0x00000048c9500000) (1024K)]
  0x000001f1ae3d68d0 JavaThread "jar transforms Thread 8"           [_thread_blocked, id=8448, stack(0x00000048c9500000,0x00000048c9600000) (1024K)]
  0x000001f1ae3d6f60 JavaThread "Cache worker for cache directory md-rule (C:\Users\Samsung\.gradle\caches\8.12\md-rule)"        [_thread_blocked, id=6620, stack(0x00000048c9600000,0x00000048c9700000) (1024K)]
  0x000001f1ae3d75f0 JavaThread "Cache worker for cache directory md-supplier (C:\Users\Samsung\.gradle\caches\8.12\md-supplier)"        [_thread_blocked, id=4004, stack(0x00000048c9700000,0x00000048c9800000) (1024K)]
  0x000001f1b0a93e50 JavaThread "Cache worker for Build Output Cleanup Cache (C:\Users\Samsung\Desktop\Java\flutter\packages\flutter_tools\gradle\.gradle\buildOutputCleanup)"        [_thread_blocked, id=2284, stack(0x00000048c9800000,0x00000048c9900000) (1024K)]
=>0x000001f1ac36ceb0 JavaThread "C2 CompilerThread1"         daemon [_thread_in_native, id=23208, stack(0x00000048c7000000,0x00000048c7100000) (1024K)]
  0x000001f1b0a916f0 JavaThread "Unconstrained build operations"        [_thread_blocked, id=17684, stack(0x00000048c7400000,0x00000048c7500000) (1024K)]
  0x000001f1b0a92410 JavaThread "Unconstrained build operations Thread 2"        [_thread_blocked, id=9100, stack(0x00000048c9a00000,0x00000048c9b00000) (1024K)]
  0x000001f1b0a944e0 JavaThread "Unconstrained build operations Thread 3"        [_thread_blocked, id=23880, stack(0x00000048c9b00000,0x00000048c9c00000) (1024K)]
  0x000001f1b0a94b70 JavaThread "Unconstrained build operations Thread 4"        [_thread_blocked, id=23268, stack(0x00000048c9c00000,0x00000048c9d00000) (1024K)]
  0x000001f1b0a95200 JavaThread "Unconstrained build operations Thread 5"        [_thread_blocked, id=21532, stack(0x00000048c9d00000,0x00000048c9e00000) (1024K)]
  0x000001f1b0a91d80 JavaThread "Unconstrained build operations Thread 6"        [_thread_blocked, id=19708, stack(0x00000048c9e00000,0x00000048c9f00000) (1024K)]
  0x000001f1b0a95890 JavaThread "Unconstrained build operations Thread 7"        [_thread_blocked, id=18784, stack(0x00000048c9f00000,0x00000048ca000000) (1024K)]
  0x000001f1b0a95f20 JavaThread "Unconstrained build operations Thread 8"        [_thread_blocked, id=22980, stack(0x00000048ca000000,0x00000048ca100000) (1024K)]
  0x000001f1b0a965b0 JavaThread "Unconstrained build operations Thread 9"        [_thread_blocked, id=16852, stack(0x00000048ca100000,0x00000048ca200000) (1024K)]
  0x000001f1b0a96c40 JavaThread "Unconstrained build operations Thread 10"        [_thread_blocked, id=23832, stack(0x00000048ca200000,0x00000048ca300000) (1024K)]
  0x000001f1b0a97ff0 JavaThread "Unconstrained build operations Thread 11"        [_thread_blocked, id=23892, stack(0x00000048ca300000,0x00000048ca400000) (1024K)]
  0x000001f1b0a972d0 JavaThread "Unconstrained build operations Thread 12"        [_thread_blocked, id=23624, stack(0x00000048ca400000,0x00000048ca500000) (1024K)]
  0x000001f1b0a97960 JavaThread "Unconstrained build operations Thread 13"        [_thread_blocked, id=23504, stack(0x00000048ca500000,0x00000048ca600000) (1024K)]
  0x000001f1b0a98680 JavaThread "Unconstrained build operations Thread 14"        [_thread_blocked, id=23160, stack(0x00000048ca600000,0x00000048ca700000) (1024K)]
  0x000001f1b2031f80 JavaThread "Unconstrained build operations Thread 15"        [_thread_in_Java, id=23380, stack(0x00000048ca700000,0x00000048ca800000) (1024K)]
  0x000001f1b2035a90 JavaThread "Unconstrained build operations Thread 16"        [_thread_in_native, id=22688, stack(0x00000048ca800000,0x00000048ca900000) (1024K)]
  0x000001f1b20339c0 JavaThread "Unconstrained build operations Thread 17"        [_thread_blocked, id=7744, stack(0x00000048ca900000,0x00000048caa00000) (1024K)]
  0x000001f1b2032610 JavaThread "Unconstrained build operations Thread 18"        [_thread_blocked, id=14584, stack(0x00000048caa00000,0x00000048cab00000) (1024K)]
  0x000001f1b2035400 JavaThread "Unconstrained build operations Thread 19"        [_thread_in_Java, id=24376, stack(0x00000048cab00000,0x00000048cac00000) (1024K)]
  0x000001f1b2032ca0 JavaThread "Unconstrained build operations Thread 20"        [_thread_in_native, id=12992, stack(0x00000048cac00000,0x00000048cad00000) (1024K)]
  0x000001f1b2033330 JavaThread "Unconstrained build operations Thread 21"        [_thread_in_native, id=23852, stack(0x00000048cad00000,0x00000048cae00000) (1024K)]
Total: 63

Other Threads:
  0x000001f1ac0667b0 VMThread "VM Thread"                           [id=23780, stack(0x00000048c6600000,0x00000048c6700000) (1024K)]
  0x000001f1fa9332d0 WatcherThread "VM Periodic Task Thread"        [id=23760, stack(0x00000048c6500000,0x00000048c6600000) (1024K)]
  0x000001f1f30687a0 WorkerThread "GC Thread#0"                     [id=23752, stack(0x00000048c6000000,0x00000048c6100000) (1024K)]
  0x000001f1ac44c8c0 WorkerThread "GC Thread#1"                     [id=6084, stack(0x00000048c7200000,0x00000048c7300000) (1024K)]
  0x000001f1ac6cb2a0 WorkerThread "GC Thread#2"                     [id=22204, stack(0x00000048c7300000,0x00000048c7400000) (1024K)]
  0x000001f1aca6fcb0 WorkerThread "GC Thread#3"                     [id=24068, stack(0x00000048c7500000,0x00000048c7600000) (1024K)]
  0x000001f1aca6e460 WorkerThread "GC Thread#4"                     [id=24204, stack(0x00000048c7600000,0x00000048c7700000) (1024K)]
  0x000001f1addba7e0 WorkerThread "GC Thread#5"                     [id=24108, stack(0x00000048c7700000,0x00000048c7800000) (1024K)]
  0x000001f1adb371a0 WorkerThread "GC Thread#6"                     [id=24200, stack(0x00000048c7800000,0x00000048c7900000) (1024K)]
  0x000001f1adb37540 WorkerThread "GC Thread#7"                     [id=24192, stack(0x00000048c7900000,0x00000048c7a00000) (1024K)]
  0x000001f1f3079690 ConcurrentGCThread "G1 Main Marker"            [id=23788, stack(0x00000048c6100000,0x00000048c6200000) (1024K)]
  0x000001f1f307a0a0 WorkerThread "G1 Conc#0"                       [id=23840, stack(0x00000048c6200000,0x00000048c6300000) (1024K)]
  0x000001f1adc551f0 WorkerThread "G1 Conc#1"                       [id=21044, stack(0x00000048c8400000,0x00000048c8500000) (1024K)]
  0x000001f1fa800c40 ConcurrentGCThread "G1 Refine#0"               [id=23768, stack(0x00000048c6300000,0x00000048c6400000) (1024K)]
  0x000001f1fa802980 ConcurrentGCThread "G1 Service"                [id=23872, stack(0x00000048c6400000,0x00000048c6500000) (1024K)]
Total: 15

Threads with active compile tasks:
C2 CompilerThread0  10342 8980       4       java.lang.String::startsWith (7 bytes)
C2 CompilerThread1  10342 8838       4       java.io.ObjectOutputStream::writeClassDesc (60 bytes)
Total: 2

VM state: not at safepoint (normal execution)

VM Mutex/Monitor currently owned by a thread: None

Heap address: 0x0000000600000000, size: 8192 MB, Compressed Oops mode: Zero based, Oop shift amount: 3

CDS archive(s) not mapped
Compressed class space mapped at: 0x0000000800000000-0x0000000840000000, reserved size: 1073741824
Narrow klass base: 0x0000000800000000, Narrow klass shift: 0, Narrow klass range: 0x40000000

GC Precious Log:
 CardTable entry size: 512
 Card Set container configuration: InlinePtr #cards 4 size 8 Array Of Cards #cards 32 size 80 Howl #buckets 8 coarsen threshold 7372 Howl Bitmap #cards 1024 size 144 coarsen threshold 921 Card regions per heap region 1 cards per card region 8192
 CPUs: 8 total, 8 available
 Memory: 7915M
 Large Page Support: Disabled
 NUMA Support: Disabled
 Compressed Oops: Enabled (Zero based)
 Heap Region Size: 4M
 Heap Min Capacity: 8M
 Heap Initial Capacity: 124M
 Heap Max Capacity: 8G
 Pre-touch: Disabled
 Parallel Workers: 8
 Concurrent Workers: 2
 Concurrent Refinement Workers: 8
 Periodic GC: Disabled

Heap:
 garbage-first heap   total 135168K, used 81693K [0x0000000600000000, 0x0000000800000000)
  region size 4096K, 9 young (36864K), 2 survivors (8192K)
 Metaspace       used 78546K, committed 80192K, reserved 1179648K
  class space    used 10800K, committed 11584K, reserved 1048576K

Heap Regions: E=young(eden), S=young(survivor), O=old, HS=humongous(starts), HC=humongous(continues), CS=collection set, F=free, TAMS=top-at-mark-start, PB=parsable bottom
|   0|0x0000000600000000, 0x0000000600400000, 0x0000000600400000|100%|HS|  |TAMS 0x0000000600000000| PB 0x0000000600000000| Complete 
|   1|0x0000000600400000, 0x0000000600800000, 0x0000000600800000|100%| O|  |TAMS 0x0000000600400000| PB 0x0000000600400000| Untracked 
|   2|0x0000000600800000, 0x0000000600c00000, 0x0000000600c00000|100%| O|  |TAMS 0x0000000600800000| PB 0x0000000600800000| Untracked 
|   3|0x0000000600c00000, 0x0000000601000000, 0x0000000601000000|100%| O|  |TAMS 0x0000000600c00000| PB 0x0000000600c00000| Untracked 
|   4|0x0000000601000000, 0x0000000601400000, 0x0000000601400000|100%| O|  |TAMS 0x0000000601000000| PB 0x0000000601000000| Untracked 
|   5|0x0000000601400000, 0x0000000601800000, 0x0000000601800000|100%| O|  |TAMS 0x0000000601400000| PB 0x0000000601400000| Untracked 
|   6|0x0000000601800000, 0x0000000601c00000, 0x0000000601c00000|100%| O|  |TAMS 0x0000000601800000| PB 0x0000000601800000| Untracked 
|   7|0x0000000601c00000, 0x0000000601c00000, 0x0000000602000000|  0%| F|  |TAMS 0x0000000601c00000| PB 0x0000000601c00000| Untracked 
|   8|0x0000000602000000, 0x0000000602400000, 0x0000000602400000|100%| O|  |TAMS 0x0000000602000000| PB 0x0000000602000000| Untracked 
|   9|0x0000000602400000, 0x0000000602800000, 0x0000000602800000|100%| O|  |TAMS 0x0000000602400000| PB 0x0000000602400000| Untracked 
|  10|0x0000000602800000, 0x0000000602c00000, 0x0000000602c00000|100%| O|  |TAMS 0x0000000602800000| PB 0x0000000602800000| Untracked 
|  11|0x0000000602c00000, 0x0000000602fc74a0, 0x0000000603000000| 94%| O|  |TAMS 0x0000000602c00000| PB 0x0000000602c00000| Untracked 
|  12|0x0000000603000000, 0x0000000603000000, 0x0000000603400000|  0%| F|  |TAMS 0x0000000603000000| PB 0x0000000603000000| Untracked 
|  13|0x0000000603400000, 0x0000000603400000, 0x0000000603800000|  0%| F|  |TAMS 0x0000000603400000| PB 0x0000000603400000| Untracked 
|  14|0x0000000603800000, 0x0000000603c00000, 0x0000000603c00000|100%| S|CS|TAMS 0x0000000603800000| PB 0x0000000603800000| Complete 
|  15|0x0000000603c00000, 0x0000000603c00000, 0x0000000604000000|  0%| F|  |TAMS 0x0000000603c00000| PB 0x0000000603c00000| Untracked 
|  16|0x0000000604000000, 0x0000000604000000, 0x0000000604400000|  0%| F|  |TAMS 0x0000000604000000| PB 0x0000000604000000| Untracked 
|  17|0x0000000604400000, 0x0000000604800000, 0x0000000604800000|100%| S|CS|TAMS 0x0000000604400000| PB 0x0000000604400000| Complete 
|  18|0x0000000604800000, 0x0000000604800000, 0x0000000604c00000|  0%| F|  |TAMS 0x0000000604800000| PB 0x0000000604800000| Untracked 
|  19|0x0000000604c00000, 0x0000000604c00000, 0x0000000605000000|  0%| F|  |TAMS 0x0000000604c00000| PB 0x0000000604c00000| Untracked 
|  20|0x0000000605000000, 0x0000000605000000, 0x0000000605400000|  0%| F|  |TAMS 0x0000000605000000| PB 0x0000000605000000| Untracked 
|  21|0x0000000605400000, 0x0000000605400000, 0x0000000605800000|  0%| F|  |TAMS 0x0000000605400000| PB 0x0000000605400000| Untracked 
|  22|0x0000000605800000, 0x0000000605800000, 0x0000000605c00000|  0%| F|  |TAMS 0x0000000605800000| PB 0x0000000605800000| Untracked 
|  23|0x0000000605c00000, 0x0000000605c00000, 0x0000000606000000|  0%| F|  |TAMS 0x0000000605c00000| PB 0x0000000605c00000| Untracked 
|  24|0x0000000606000000, 0x000000060628a460, 0x0000000606400000| 63%| E|  |TAMS 0x0000000606000000| PB 0x0000000606000000| Complete 
|  25|0x0000000606400000, 0x0000000606800000, 0x0000000606800000|100%| E|  |TAMS 0x0000000606400000| PB 0x0000000606400000| Complete 
|  26|0x0000000606800000, 0x0000000606c00000, 0x0000000606c00000|100%| E|CS|TAMS 0x0000000606800000| PB 0x0000000606800000| Complete 
|  27|0x0000000606c00000, 0x0000000607000000, 0x0000000607000000|100%| E|CS|TAMS 0x0000000606c00000| PB 0x0000000606c00000| Complete 
|  28|0x0000000607000000, 0x0000000607400000, 0x0000000607400000|100%| E|CS|TAMS 0x0000000607000000| PB 0x0000000607000000| Complete 
|  29|0x0000000607400000, 0x00000006077ffff8, 0x0000000607800000| 99%| E|CS|TAMS 0x0000000607400000| PB 0x0000000607400000| Complete 
|  30|0x0000000607800000, 0x0000000607c00000, 0x0000000607c00000|100%| E|CS|TAMS 0x0000000607800000| PB 0x0000000607800000| Complete 
|2046|0x00000007ff800000, 0x00000007ffc00000, 0x00000007ffc00000|100%| O|  |TAMS 0x00000007ff800000| PB 0x00000007ff800000| Untracked 
|2047|0x00000007ffc00000, 0x0000000800000000, 0x0000000800000000|100%| O|  |TAMS 0x00000007ffc00000| PB 0x00000007ffc00000| Untracked 

Card table byte_map: [0x000001f1f7660000,0x000001f1f8660000] _byte_map_base: 0x000001f1f4660000

Marking Bits: (CMBitMap*) 0x000001f1f3068db0
 Bits: [0x000001f1a0000000, 0x000001f1a8000000)

Polling page: 0x000001f1f0e10000

Metaspace:

Usage:
  Non-class:     66.16 MB used.
      Class:     10.55 MB used.
       Both:     76.71 MB used.

Virtual space:
  Non-class space:      128.00 MB reserved,      67.00 MB ( 52%) committed,  2 nodes.
      Class space:        1.00 GB reserved,      11.31 MB (  1%) committed,  1 nodes.
             Both:        1.12 GB reserved,      78.31 MB (  7%) committed. 

Chunk freelists:
   Non-Class:  12.94 MB
       Class:  4.50 MB
        Both:  17.44 MB

MaxMetaspaceSize: 4.00 GB
CompressedClassSpaceSize: 1.00 GB
Initial GC threshold: 21.00 MB
Current GC threshold: 99.81 MB
CDS: off
 - commit_granule_bytes: 65536.
 - commit_granule_words: 8192.
 - virtual_space_node_default_size: 8388608.
 - enlarge_chunks_in_place: 1.
 - use_allocation_guard: 0.


Internal statistics:

num_allocs_failed_limit: 12.
num_arena_births: 3174.
num_arena_deaths: 2.
num_vsnodes_births: 3.
num_vsnodes_deaths: 0.
num_space_committed: 1253.
num_space_uncommitted: 0.
num_chunks_returned_to_freelist: 17.
num_chunks_taken_from_freelist: 6232.
num_chunk_merges: 6.
num_chunk_splits: 4047.
num_chunks_enlarged: 2510.
num_inconsistent_stats: 0.

CodeHeap 'non-profiled nmethods': size=259264Kb used=5667Kb max_used=5667Kb free=253596Kb
 bounds [0x000001f1902d0000, 0x000001f190860000, 0x000001f1a0000000]
CodeHeap 'profiled nmethods': size=259264Kb used=16876Kb max_used=16876Kb free=242387Kb
 bounds [0x000001f180000000, 0x000001f181080000, 0x000001f18fd30000]
CodeHeap 'non-nmethods': size=5760Kb used=3094Kb max_used=3165Kb free=2665Kb
 bounds [0x000001f18fd30000, 0x000001f190050000, 0x000001f1902d0000]
 total_blobs=9410 nmethods=8462 adapters=852
 compilation: enabled
              stopped_count=0, restarted_count=0
 full_count=0

Compilation events (20 events):
Event: 9.296 Thread 0x000001f1ac0dd870 nmethod 8996 0x000001f181057590 code [0x000001f181057760, 0x000001f181057ac8]
Event: 9.296 Thread 0x000001f1ac0dd870 8997       3       org.gradle.internal.operations.DefaultBuildOperationListenerManager$1::progress (47 bytes)
Event: 9.296 Thread 0x000001f1ac0dd870 nmethod 8997 0x000001f181057c10 code [0x000001f181057e00, 0x000001f181058368]
Event: 9.296 Thread 0x000001f1ac0dd870 8998       3       org.gradle.internal.operations.DefaultBuildOperationAncestryTracker::progress (1 bytes)
Event: 9.297 Thread 0x000001f1ac0dd870 nmethod 8998 0x000001f181058510 code [0x000001f1810586a0, 0x000001f1810587a8]
Event: 9.297 Thread 0x000001f1ac0dd870 8999       3       org.gradle.tooling.internal.provider.runner.ClientBuildEventGenerator::progress (36 bytes)
Event: 9.297 Thread 0x000001f1ac0dd870 nmethod 8999 0x000001f181058810 code [0x000001f181058a00, 0x000001f181058ee8]
Event: 9.299 Thread 0x000001f1ac0dd870 9000       3       com.google.common.collect.CollectSpliterators$1WithCharacteristics::characteristics (9 bytes)
Event: 9.299 Thread 0x000001f1ac0dd870 nmethod 9000 0x000001f181059090 code [0x000001f181059220, 0x000001f181059330]
Event: 9.299 Thread 0x000001f1ac0dd870 9001       3       java.util.stream.ForEachOps$ForEachOp$OfRef::evaluateSequential (7 bytes)
Event: 9.299 Thread 0x000001f1ac0dd870 nmethod 9001 0x000001f181059410 code [0x000001f1810595e0, 0x000001f1810599f8]
Event: 9.299 Thread 0x000001f1ac0dd870 9002       3       java.util.stream.ForEachOps$ForEachOp::getOpFlags (15 bytes)
Event: 9.300 Thread 0x000001f1ac0dd870 nmethod 9002 0x000001f181059b90 code [0x000001f181059d40, 0x000001f181059ec0]
Event: 9.304 Thread 0x000001f1ac0dd870 9003       3       com.google.common.collect.ImmutableAsList::<init> (5 bytes)
Event: 9.304 Thread 0x000001f1ac0dd870 nmethod 9003 0x000001f181059f90 code [0x000001f18105a140, 0x000001f18105a3c0]
Event: 9.304 Thread 0x000001f1ac0dd870 9004   !   3       java.io.FileInputStream::close (83 bytes)
Event: 9.304 Thread 0x000001f1ac0dd870 nmethod 9004 0x000001f18105a510 code [0x000001f18105a720, 0x000001f18105ace0]
Event: 9.304 Thread 0x000001f1ac0dd870 9005       1       org.gradle.internal.execution.history.ImmutableWorkspaceMetadata::getOutputPropertyHashes (5 bytes)
Event: 9.304 Thread 0x000001f1ac0dd870 nmethod 9005 0x000001f190849510 code [0x000001f1908496a0, 0x000001f190849770]
Event: 9.305 Thread 0x000001f1ac0dd870 9006       3       org.gradle.internal.snapshot.impl.DirectorySnapshotter$PathVisitor::snapshotFile (216 bytes)

GC Heap History (20 events):
Event: 3.868 GC heap before
{Heap before GC invocations=10 (full 0):
 garbage-first heap   total 110592K, used 77140K [0x0000000600000000, 0x0000000800000000)
  region size 4096K, 14 young (57344K), 2 survivors (8192K)
 Metaspace       used 46664K, committed 47616K, reserved 1114112K
  class space    used 6399K, committed 6848K, reserved 1048576K
}
Event: 3.874 GC heap after
{Heap after GC invocations=11 (full 0):
 garbage-first heap   total 110592K, used 33357K [0x0000000600000000, 0x0000000800000000)
  region size 4096K, 2 young (8192K), 2 survivors (8192K)
 Metaspace       used 46664K, committed 47616K, reserved 1114112K
  class space    used 6399K, committed 6848K, reserved 1048576K
}
Event: 4.584 GC heap before
{Heap before GC invocations=11 (full 0):
 garbage-first heap   total 110592K, used 82509K [0x0000000600000000, 0x0000000800000000)
  region size 4096K, 15 young (61440K), 2 survivors (8192K)
 Metaspace       used 55153K, committed 56256K, reserved 1114112K
  class space    used 7378K, committed 7936K, reserved 1048576K
}
Event: 4.591 GC heap after
{Heap after GC invocations=12 (full 0):
 garbage-first heap   total 110592K, used 38893K [0x0000000600000000, 0x0000000800000000)
  region size 4096K, 2 young (8192K), 2 survivors (8192K)
 Metaspace       used 55153K, committed 56256K, reserved 1114112K
  class space    used 7378K, committed 7936K, reserved 1048576K
}
Event: 4.792 GC heap before
{Heap before GC invocations=12 (full 0):
 garbage-first heap   total 110592K, used 88045K [0x0000000600000000, 0x0000000800000000)
  region size 4096K, 14 young (57344K), 2 survivors (8192K)
 Metaspace       used 55318K, committed 56384K, reserved 1114112K
  class space    used 7394K, committed 7936K, reserved 1048576K
}
Event: 4.800 GC heap after
{Heap after GC invocations=13 (full 0):
 garbage-first heap   total 110592K, used 42864K [0x0000000600000000, 0x0000000800000000)
  region size 4096K, 1 young (4096K), 1 survivors (4096K)
 Metaspace       used 55318K, committed 56384K, reserved 1114112K
  class space    used 7394K, committed 7936K, reserved 1048576K
}
Event: 4.902 GC heap before
{Heap before GC invocations=13 (full 0):
 garbage-first heap   total 110592K, used 92016K [0x0000000600000000, 0x0000000800000000)
  region size 4096K, 13 young (53248K), 1 survivors (4096K)
 Metaspace       used 55322K, committed 56384K, reserved 1114112K
  class space    used 7394K, committed 7936K, reserved 1048576K
}
Event: 4.907 GC heap after
{Heap after GC invocations=14 (full 0):
 garbage-first heap   total 135168K, used 44873K [0x0000000600000000, 0x0000000800000000)
  region size 4096K, 2 young (8192K), 2 survivors (8192K)
 Metaspace       used 55322K, committed 56384K, reserved 1114112K
  class space    used 7394K, committed 7936K, reserved 1048576K
}
Event: 5.146 GC heap before
{Heap before GC invocations=14 (full 0):
 garbage-first heap   total 135168K, used 110409K [0x0000000600000000, 0x0000000800000000)
  region size 4096K, 18 young (73728K), 2 survivors (8192K)
 Metaspace       used 55620K, committed 56704K, reserved 1114112K
  class space    used 7419K, committed 7936K, reserved 1048576K
}
Event: 5.151 GC heap after
{Heap after GC invocations=15 (full 0):
 garbage-first heap   total 135168K, used 47347K [0x0000000600000000, 0x0000000800000000)
  region size 4096K, 3 young (12288K), 3 survivors (12288K)
 Metaspace       used 55620K, committed 56704K, reserved 1114112K
  class space    used 7419K, committed 7936K, reserved 1048576K
}
Event: 5.937 GC heap before
{Heap before GC invocations=15 (full 0):
 garbage-first heap   total 135168K, used 104691K [0x0000000600000000, 0x0000000800000000)
  region size 4096K, 17 young (69632K), 3 survivors (12288K)
 Metaspace       used 59100K, committed 60288K, reserved 1114112K
  class space    used 7782K, committed 8320K, reserved 1048576K
}
Event: 5.945 GC heap after
{Heap after GC invocations=16 (full 0):
 garbage-first heap   total 135168K, used 49805K [0x0000000600000000, 0x0000000800000000)
  region size 4096K, 2 young (8192K), 2 survivors (8192K)
 Metaspace       used 59100K, committed 60288K, reserved 1114112K
  class space    used 7782K, committed 8320K, reserved 1048576K
}
Event: 6.064 GC heap before
{Heap before GC invocations=16 (full 0):
 garbage-first heap   total 135168K, used 53901K [0x0000000600000000, 0x0000000800000000)
  region size 4096K, 4 young (16384K), 2 survivors (8192K)
 Metaspace       used 59835K, committed 61056K, reserved 1114112K
  class space    used 7899K, committed 8512K, reserved 1048576K
}
Event: 6.069 GC heap after
{Heap after GC invocations=17 (full 0):
 garbage-first heap   total 135168K, used 50917K [0x0000000600000000, 0x0000000800000000)
  region size 4096K, 2 young (8192K), 2 survivors (8192K)
 Metaspace       used 59835K, committed 61056K, reserved 1114112K
  class space    used 7899K, committed 8512K, reserved 1048576K
}
Event: 6.786 GC heap before
{Heap before GC invocations=18 (full 0):
 garbage-first heap   total 135168K, used 112357K [0x0000000600000000, 0x0000000800000000)
  region size 4096K, 17 young (69632K), 2 survivors (8192K)
 Metaspace       used 65192K, committed 66816K, reserved 1114112K
  class space    used 8826K, committed 9600K, reserved 1048576K
}
Event: 6.792 GC heap after
{Heap after GC invocations=19 (full 0):
 garbage-first heap   total 135168K, used 53384K [0x0000000600000000, 0x0000000800000000)
  region size 4096K, 2 young (8192K), 2 survivors (8192K)
 Metaspace       used 65192K, committed 66816K, reserved 1114112K
  class space    used 8826K, committed 9600K, reserved 1048576K
}
Event: 7.375 GC heap before
{Heap before GC invocations=19 (full 0):
 garbage-first heap   total 135168K, used 110728K [0x0000000600000000, 0x0000000800000000)
  region size 4096K, 16 young (65536K), 2 survivors (8192K)
 Metaspace       used 69656K, committed 71296K, reserved 1114112K
  class space    used 9596K, committed 10368K, reserved 1048576K
}
Event: 7.383 GC heap after
{Heap after GC invocations=20 (full 0):
 garbage-first heap   total 135168K, used 56657K [0x0000000600000000, 0x0000000800000000)
  region size 4096K, 2 young (8192K), 2 survivors (8192K)
 Metaspace       used 69656K, committed 71296K, reserved 1114112K
  class space    used 9596K, committed 10368K, reserved 1048576K
}
Event: 8.854 GC heap before
{Heap before GC invocations=20 (full 0):
 garbage-first heap   total 135168K, used 109905K [0x0000000600000000, 0x0000000800000000)
  region size 4096K, 15 young (61440K), 2 survivors (8192K)
 Metaspace       used 77554K, committed 79296K, reserved 1179648K
  class space    used 10673K, committed 11520K, reserved 1048576K
}
Event: 8.861 GC heap after
{Heap after GC invocations=21 (full 0):
 garbage-first heap   total 135168K, used 61213K [0x0000000600000000, 0x0000000800000000)
  region size 4096K, 2 young (8192K), 2 survivors (8192K)
 Metaspace       used 77554K, committed 79296K, reserved 1179648K
  class space    used 10673K, committed 11520K, reserved 1048576K
}

Dll operation events (3 events):
Event: 0.011 Loaded shared library C:\Program Files\Android\Android Studio\jbr\bin\java.dll
Event: 0.014 Loaded shared library C:\Program Files\Android\Android Studio\jbr\bin\zip.dll
Event: 0.381 Loaded shared library C:\Program Files\Android\Android Studio\jbr\bin\verify.dll

Deoptimization events (20 events):
Event: 9.021 Thread 0x000001f1b2035a90 DEOPT PACKING pc=0x000001f190570868 sp=0x00000048ca8fdd80
Event: 9.021 Thread 0x000001f1b2035a90 DEOPT UNPACKING pc=0x000001f18fd87da2 sp=0x00000048ca8fdcf8 mode 2
Event: 9.050 Thread 0x000001f1b20339c0 Uncommon trap: trap_request=0xffffff45 fr.pc=0x000001f19081ce54 relative=0x00000000000003f4
Event: 9.050 Thread 0x000001f1b20339c0 Uncommon trap: reason=unstable_if action=reinterpret pc=0x000001f19081ce54 method=java.util.concurrent.ConcurrentHashMap.addCount(JI)V @ 97 c2
Event: 9.050 Thread 0x000001f1b20339c0 DEOPT PACKING pc=0x000001f19081ce54 sp=0x00000048ca9fd200
Event: 9.050 Thread 0x000001f1b20339c0 DEOPT UNPACKING pc=0x000001f18fd87da2 sp=0x00000048ca9fd0b8 mode 2
Event: 9.081 Thread 0x000001f1ae0092f0 DEOPT PACKING pc=0x000001f180bb0081 sp=0x00000048c87fe700
Event: 9.081 Thread 0x000001f1ae0092f0 DEOPT UNPACKING pc=0x000001f18fd888e2 sp=0x00000048c87fdba0 mode 0
Event: 9.085 Thread 0x000001f1ae0092f0 DEOPT PACKING pc=0x000001f1808e685b sp=0x00000048c87fe560
Event: 9.085 Thread 0x000001f1ae0092f0 DEOPT UNPACKING pc=0x000001f18fd888e2 sp=0x00000048c87fd9e8 mode 0
Event: 9.087 Thread 0x000001f1ae007220 Uncommon trap: trap_request=0xffffffd6 fr.pc=0x000001f19083e574 relative=0x0000000000000d54
Event: 9.087 Thread 0x000001f1b2035400 Uncommon trap: trap_request=0xffffffd6 fr.pc=0x000001f19083e574 relative=0x0000000000000d54
Event: 9.087 Thread 0x000001f1ae007220 Uncommon trap: reason=array_check action=maybe_recompile pc=0x000001f19083e574 method=java.util.TimSort.reverseRange([Ljava/lang/Object;II)V @ 27 c2
Event: 9.087 Thread 0x000001f1b2035400 Uncommon trap: reason=array_check action=maybe_recompile pc=0x000001f19083e574 method=java.util.TimSort.reverseRange([Ljava/lang/Object;II)V @ 27 c2
Event: 9.087 Thread 0x000001f1ae007220 DEOPT PACKING pc=0x000001f19083e574 sp=0x00000048c80f3bc0
Event: 9.087 Thread 0x000001f1b2035400 DEOPT PACKING pc=0x000001f19083e574 sp=0x00000048cabfd5c0
Event: 9.087 Thread 0x000001f1b2035400 DEOPT UNPACKING pc=0x000001f18fd87da2 sp=0x00000048cabfd500 mode 2
Event: 9.087 Thread 0x000001f1ae007220 DEOPT UNPACKING pc=0x000001f18fd87da2 sp=0x00000048c80f3b00 mode 2
Event: 9.148 Thread 0x000001f1ae0092f0 DEOPT PACKING pc=0x000001f1808e685b sp=0x00000048c87fe570
Event: 9.148 Thread 0x000001f1ae0092f0 DEOPT UNPACKING pc=0x000001f18fd888e2 sp=0x00000048c87fd9f8 mode 0

Classes loaded (20 events):
Event: 8.214 Loading class com/sun/crypto/provider/GaloisCounterMode$DecryptOp
Event: 8.214 Loading class com/sun/crypto/provider/GaloisCounterMode$DecryptOp done
Event: 8.214 Loading class jdk/internal/event/TLSHandshakeEvent
Event: 8.214 Loading class jdk/internal/event/TLSHandshakeEvent done
Event: 8.214 Loading class javax/net/ssl/SSLEngineResult$HandshakeStatus
Event: 8.214 Loading class javax/net/ssl/SSLEngineResult$HandshakeStatus done
Event: 8.384 Loading class java/nio/charset/UnsupportedCharsetException
Event: 8.384 Loading class java/nio/charset/UnsupportedCharsetException done
Event: 8.902 Loading class java/util/stream/DistinctOps
Event: 8.902 Loading class java/util/stream/DistinctOps done
Event: 8.902 Loading class java/util/stream/DistinctOps$1
Event: 8.902 Loading class java/util/stream/ReferencePipeline$StatefulOp
Event: 8.902 Loading class java/util/stream/ReferencePipeline$StatefulOp done
Event: 8.903 Loading class java/util/stream/DistinctOps$1 done
Event: 8.903 Loading class java/util/stream/DistinctOps$1$2
Event: 8.903 Loading class java/util/stream/DistinctOps$1$2 done
Event: 8.915 Loading class sun/reflect/ReflectionFactory
Event: 8.915 Loading class sun/reflect/ReflectionFactory done
Event: 8.915 Loading class sun/reflect/ReflectionFactory$1
Event: 8.915 Loading class sun/reflect/ReflectionFactory$1 done

Classes unloaded (3 events):
Event: 6.107 Thread 0x000001f1ac0667b0 Unloading class 0x000000080070c410 '_BuildScript_$_run_closure1$_closure2'
Event: 6.107 Thread 0x000001f1ac0667b0 Unloading class 0x000000080070c000 '_BuildScript_$_run_closure1'
Event: 6.107 Thread 0x000001f1ac0667b0 Unloading class 0x0000000800704000 '_BuildScript_'

Classes redefined (0 events):
No events

Internal exceptions (20 events):
Event: 7.014 Thread 0x000001f1ae007220 Exception <a 'java/lang/ClassNotFoundException'{0x00000006062eb5b8}: org/gradle/api/internal/plugins/DefaultObjectConfigurationActionCustomizer> (0x00000006062eb5b8) 
thrown [s\src\hotspot\share\classfile\systemDictionary.cpp, line 312]
Event: 7.035 Thread 0x000001f1ae007220 Exception <a 'java/lang/NoSuchMethodError'{0x0000000605c7f130}: 'java.lang.Object java.lang.invoke.DirectMethodHandle$Holder.invokeVirtual(java.lang.Object, java.lang.Object, java.lang.Object, java.lang.Object, java.lang.Object, java.lang.Object, java.lang.Object, java.lang.Object, java.lang.Object, java.lang.Object, java.lang.Object, java.lang.Object, java.lang.Object, java.lang.Object, java.lang.Object, java.lang.Object, java.lang.Object)'> (0x0000000605c7f130) 
thrown [s\src\hotspot\share\interpreter\li
Event: 7.036 Thread 0x000001f1ae007220 Exception <a 'java/lang/NoSuchMethodError'{0x0000000605c86158}: 'java.lang.Object java.lang.invoke.DirectMethodHandle$Holder.invokeSpecial(java.lang.Object, java.lang.Object, java.lang.Object, java.lang.Object, java.lang.Object, java.lang.Object, java.lang.Object, java.lang.Object, java.lang.Object, java.lang.Object, java.lang.Object, java.lang.Object, java.lang.Object, java.lang.Object, java.lang.Object, java.lang.Object, java.lang.Object, java.lang.Object)'> (0x0000000605c86158) 
thrown [s\src\hotspot\sh
Event: 7.036 Thread 0x000001f1ae007220 Exception <a 'java/lang/NoSuchMethodError'{0x0000000605c8c6d0}: 'java.lang.Object java.lang.invoke.DelegatingMethodHandle$Holder.reinvoke_L(java.lang.Object, java.lang.Object, java.lang.Object, java.lang.Object, java.lang.Object, java.lang.Object, java.lang.Object, java.lang.Object, java.lang.Object, java.lang.Object, java.lang.Object, java.lang.Object, java.lang.Object, java.lang.Object, java.lang.Object, java.lang.Object, java.lang.Object)'> (0x0000000605c8c6d0) 
thrown [s\src\hotspot\share\interpreter\l
Event: 7.063 Thread 0x000001f1ae007220 Exception <a 'java/lang/NoSuchMethodError'{0x0000000605edb8e0}: 'long java.lang.invoke.DirectMethodHandle$Holder.invokeStatic(java.lang.Object, long)'> (0x0000000605edb8e0) 
thrown [s\src\hotspot\share\interpreter\linkResolver.cpp, line 784]
Event: 7.133 Thread 0x000001f1ae007220 Exception <a 'java/lang/ClassNotFoundException'{0x00000006055d9290}: java/lang/StringBeanInfo> (0x00000006055d9290) 
thrown [s\src\hotspot\share\classfile\systemDictionary.cpp, line 312]
Event: 7.133 Thread 0x000001f1ae007220 Exception <a 'java/lang/ClassNotFoundException'{0x00000006055e61b0}: java/lang/StringCustomizer> (0x00000006055e61b0) 
thrown [s\src\hotspot\share\classfile\systemDictionary.cpp, line 312]
Event: 7.136 Thread 0x000001f1ae007220 Exception <a 'java/lang/ClassNotFoundException'{0x0000000605645550}: java/io/FileBeanInfo> (0x0000000605645550) 
thrown [s\src\hotspot\share\classfile\systemDictionary.cpp, line 312]
Event: 7.136 Thread 0x000001f1ae007220 Exception <a 'java/lang/ClassNotFoundException'{0x0000000605652368}: java/io/FileCustomizer> (0x0000000605652368) 
thrown [s\src\hotspot\share\classfile\systemDictionary.cpp, line 312]
Event: 7.154 Thread 0x000001f1ae008c60 Exception <a 'java/lang/NoSuchMethodError'{0x0000000605793870}: static Lorg/gradle/internal/build/event/types/DefaultProjectConfigurationDescriptor;.<clinit>()V> (0x0000000605793870) 
thrown [s\src\hotspot\share\prims\jni.cpp, line 1144]
Event: 7.358 Thread 0x000001f1ae007220 Exception <a 'java/lang/NoSuchMethodError'{0x0000000604698448}: 'java.lang.Object java.lang.invoke.DirectMethodHandle$Holder.newInvokeSpecial(java.lang.Object, int, java.lang.Object)'> (0x0000000604698448) 
thrown [s\src\hotspot\share\interpreter\linkResolver.cpp, line 784]
Event: 7.459 Thread 0x000001f1ae007220 Exception <a 'java/lang/NoSuchMethodError'{0x00000006076a0928}: 'int java.lang.invoke.DirectMethodHandle$Holder.invokeSpecialIFC(java.lang.Object, java.lang.Object, java.lang.Object)'> (0x00000006076a0928) 
thrown [s\src\hotspot\share\interpreter\linkResolver.cpp, line 784]
Event: 7.527 Thread 0x000001f1ae007220 Exception <a 'java/lang/NoSuchMethodError'{0x0000000607361568}: 'void java.lang.invoke.DirectMethodHandle$Holder.invokeStatic(java.lang.Object, java.lang.Object, java.lang.Object, int, java.lang.Object)'> (0x0000000607361568) 
thrown [s\src\hotspot\share\interpreter\linkResolver.cpp, line 784]
Event: 7.547 Thread 0x000001f1ae007220 Exception <a 'java/lang/NoSuchMethodError'{0x0000000606d3ef08}: 'int java.lang.invoke.DirectMethodHandle$Holder.invokeInterface(java.lang.Object, java.lang.Object, java.lang.Object, java.lang.Object, java.lang.Object)'> (0x0000000606d3ef08) 
thrown [s\src\hotspot\share\interpreter\linkResolver.cpp, line 784]
Event: 7.602 Thread 0x000001f1ae007220 Exception <a 'sun/nio/fs/WindowsException'{0x000000060684ad18}> (0x000000060684ad18) 
thrown [s\src\hotspot\share\prims\jni.cpp, line 537]
Event: 8.700 Thread 0x000001f1ae007220 Exception <a 'java/lang/NoSuchMethodError'{0x00000006053e9768}: 'java.lang.Object java.lang.invoke.DirectMethodHandle$Holder.invokeSpecial(java.lang.Object, java.lang.Object, long, java.lang.Object, java.lang.Object)'> (0x00000006053e9768) 
thrown [s\src\hotspot\share\interpreter\linkResolver.cpp, line 784]
Event: 8.842 Thread 0x000001f1ae007220 Exception <a 'java/lang/IncompatibleClassChangeError'{0x0000000604a52158}: Found class java.lang.Object, but interface was expected> (0x0000000604a52158) 
thrown [s\src\hotspot\share\interpreter\linkResolver.cpp, line 851]
Event: 8.919 Thread 0x000001f1ae007220 Exception <a 'java/lang/NoSuchMethodError'{0x0000000607addcb0}: 'java.lang.Object java.lang.invoke.DirectMethodHandle$Holder.newInvokeSpecial(java.lang.Object, java.lang.Object, java.lang.Object, java.lang.Object, int, java.lang.Object)'> (0x0000000607addcb0) 
thrown [s\src\hotspot\share\interpreter\linkResolver.cpp, line 784]
Event: 8.920 Thread 0x000001f1ae007220 Exception <a 'java/lang/NoSuchMethodError'{0x0000000607ae6d70}: 'java.lang.Object java.lang.invoke.Invokers$Holder.linkToTargetMethod(java.lang.Object, java.lang.Object, java.lang.Object, int, java.lang.Object, java.lang.Object)'> (0x0000000607ae6d70) 
thrown [s\src\hotspot\share\interpreter\linkResolver.cpp, line 784]
Event: 9.018 Thread 0x000001f1ae007220 Exception <a 'java/lang/NoSuchMethodError'{0x00000006073bc0d8}: 'java.lang.Object java.lang.invoke.DirectMethodHandle$Holder.invokeSpecialIFC(java.lang.Object, java.lang.Object, java.lang.Object)'> (0x00000006073bc0d8) 
thrown [s\src\hotspot\share\interpreter\linkResolver.cpp, line 784]

ZGC Phase Switch (0 events):
No events

VM Operations (20 events):
Event: 7.610 Executing VM operation: HandshakeAllThreads (Deoptimize) done
Event: 7.611 Executing VM operation: HandshakeAllThreads (Deoptimize)
Event: 7.611 Executing VM operation: HandshakeAllThreads (Deoptimize) done
Event: 7.707 Executing VM operation: HandshakeAllThreads (Deoptimize)
Event: 7.707 Executing VM operation: HandshakeAllThreads (Deoptimize) done
Event: 7.765 Executing VM operation: HandshakeAllThreads (Deoptimize)
Event: 7.765 Executing VM operation: HandshakeAllThreads (Deoptimize) done
Event: 7.848 Executing VM operation: HandshakeAllThreads (Deoptimize)
Event: 7.848 Executing VM operation: HandshakeAllThreads (Deoptimize) done
Event: 7.959 Executing VM operation: HandshakeAllThreads (Deoptimize)
Event: 7.959 Executing VM operation: HandshakeAllThreads (Deoptimize) done
Event: 8.775 Executing VM operation: ICBufferFull
Event: 8.775 Executing VM operation: ICBufferFull done
Event: 8.854 Executing VM operation: G1CollectForAllocation (G1 Evacuation Pause)
Event: 8.861 Executing VM operation: G1CollectForAllocation (G1 Evacuation Pause) done
Event: 8.917 Executing VM operation: HandshakeAllThreads (Deoptimize)
Event: 8.917 Executing VM operation: HandshakeAllThreads (Deoptimize) done
Event: 9.027 Executing VM operation: ICBufferFull
Event: 9.027 Executing VM operation: ICBufferFull done
Event: 10.038 Executing VM operation: Cleanup

Memory protections (0 events):
No events

Nmethod flushes (20 events):
Event: 6.112 Thread 0x000001f1ac0667b0 flushing  nmethod 0x000001f180098a90
Event: 6.112 Thread 0x000001f1ac0667b0 flushing  nmethod 0x000001f18014a690
Event: 6.112 Thread 0x000001f1ac0667b0 flushing  nmethod 0x000001f180176a10
Event: 6.112 Thread 0x000001f1ac0667b0 flushing  nmethod 0x000001f1801a1d10
Event: 6.112 Thread 0x000001f1ac0667b0 flushing  nmethod 0x000001f1801a3510
Event: 6.112 Thread 0x000001f1ac0667b0 flushing  nmethod 0x000001f1801a3d90
Event: 6.112 Thread 0x000001f1ac0667b0 flushing  nmethod 0x000001f1801a7f90
Event: 6.112 Thread 0x000001f1ac0667b0 flushing  nmethod 0x000001f180333990
Event: 6.112 Thread 0x000001f1ac0667b0 flushing  nmethod 0x000001f180373710
Event: 6.112 Thread 0x000001f1ac0667b0 flushing  nmethod 0x000001f180375a90
Event: 6.112 Thread 0x000001f1ac0667b0 flushing  nmethod 0x000001f180377610
Event: 6.112 Thread 0x000001f1ac0667b0 flushing  nmethod 0x000001f1803aa810
Event: 6.112 Thread 0x000001f1ac0667b0 flushing  nmethod 0x000001f1803ac010
Event: 6.112 Thread 0x000001f1ac0667b0 flushing  nmethod 0x000001f1803add90
Event: 6.112 Thread 0x000001f1ac0667b0 flushing  nmethod 0x000001f1803afe90
Event: 6.112 Thread 0x000001f1ac0667b0 flushing  nmethod 0x000001f1804e4c10
Event: 6.112 Thread 0x000001f1ac0667b0 flushing  nmethod 0x000001f18062c090
Event: 6.112 Thread 0x000001f1ac0667b0 flushing  nmethod 0x000001f18067fd90
Event: 6.112 Thread 0x000001f1ac0667b0 flushing  nmethod 0x000001f180684390
Event: 6.112 Thread 0x000001f1ac0667b0 flushing  nmethod 0x000001f180684990

Events (20 events):
Event: 8.852 Thread 0x000001f1ae007220 Thread added: 0x000001f1b0a92410
Event: 8.852 Thread 0x000001f1ae007220 Thread added: 0x000001f1b0a944e0
Event: 8.852 Thread 0x000001f1ae007220 Thread added: 0x000001f1b0a94b70
Event: 8.853 Thread 0x000001f1ae007220 Thread added: 0x000001f1b0a95200
Event: 8.853 Thread 0x000001f1ae007220 Thread added: 0x000001f1b0a91d80
Event: 8.853 Thread 0x000001f1ae007220 Thread added: 0x000001f1b0a95890
Event: 8.939 Thread 0x000001f1ae007220 Thread added: 0x000001f1b0a95f20
Event: 8.942 Thread 0x000001f1ae007220 Thread added: 0x000001f1b0a965b0
Event: 8.943 Thread 0x000001f1ae007220 Thread added: 0x000001f1b0a96c40
Event: 8.944 Thread 0x000001f1ae007220 Thread added: 0x000001f1b0a97ff0
Event: 8.946 Thread 0x000001f1ae007220 Thread added: 0x000001f1b0a972d0
Event: 8.952 Thread 0x000001f1ae007220 Thread added: 0x000001f1b0a97960
Event: 8.953 Thread 0x000001f1ae007220 Thread added: 0x000001f1b0a98680
Event: 9.019 Thread 0x000001f1ae007220 Thread added: 0x000001f1b2031f80
Event: 9.020 Thread 0x000001f1ae007220 Thread added: 0x000001f1b2035a90
Event: 9.020 Thread 0x000001f1ae007220 Thread added: 0x000001f1b20339c0
Event: 9.021 Thread 0x000001f1ae007220 Thread added: 0x000001f1b2032610
Event: 9.021 Thread 0x000001f1ae007220 Thread added: 0x000001f1b2035400
Event: 9.022 Thread 0x000001f1ae007220 Thread added: 0x000001f1b2032ca0
Event: 9.022 Thread 0x000001f1ae007220 Thread added: 0x000001f1b2033330


Dynamic libraries:
0x00007ff662ba0000 - 0x00007ff662baa000 	C:\Program Files\Android\Android Studio\jbr\bin\java.exe
0x00007ffaa2f20000 - 0x00007ffaa3187000 	C:\WINDOWS\SYSTEM32\ntdll.dll
0x00007ffaa1d10000 - 0x00007ffaa1dd9000 	C:\WINDOWS\System32\KERNEL32.DLL
0x00007ffaa0280000 - 0x00007ffaa066f000 	C:\WINDOWS\System32\KERNELBASE.dll
0x00007ffaa0880000 - 0x00007ffaa09cb000 	C:\WINDOWS\System32\ucrtbase.dll
0x00007ffa90720000 - 0x00007ffa9073b000 	C:\Program Files\Android\Android Studio\jbr\bin\VCRUNTIME140.dll
0x00007ffa93450000 - 0x00007ffa93468000 	C:\Program Files\Android\Android Studio\jbr\bin\jli.dll
0x00007ffaa2c60000 - 0x00007ffaa2e25000 	C:\WINDOWS\System32\USER32.dll
0x00007ffa879d0000 - 0x00007ffa87c63000 	C:\WINDOWS\WinSxS\amd64_microsoft.windows.common-controls_6595b64144ccf1df_6.0.26100.7309_none_3e05feeae336a044\COMCTL32.dll
0x00007ffaa0250000 - 0x00007ffaa0277000 	C:\WINDOWS\System32\win32u.dll
0x00007ffaa0cc0000 - 0x00007ffaa0d69000 	C:\WINDOWS\System32\msvcrt.dll
0x00007ffaa2870000 - 0x00007ffaa289b000 	C:\WINDOWS\System32\GDI32.dll
0x00007ffaa0070000 - 0x00007ffaa019c000 	C:\WINDOWS\System32\gdi32full.dll
0x00007ffaa09d0000 - 0x00007ffaa0a73000 	C:\WINDOWS\System32\msvcp_win.dll
0x00007ffaa2680000 - 0x00007ffaa26b1000 	C:\WINDOWS\System32\IMM32.DLL
0x00007ffa949c0000 - 0x00007ffa949cc000 	C:\Program Files\Android\Android Studio\jbr\bin\vcruntime140_1.dll
0x00007ffa5c6e0000 - 0x00007ffa5c76d000 	C:\Program Files\Android\Android Studio\jbr\bin\msvcp140.dll
0x00007ff9b8bf0000 - 0x00007ff9b987e000 	C:\Program Files\Android\Android Studio\jbr\bin\server\jvm.dll
0x00007ffaa28a0000 - 0x00007ffaa2954000 	C:\WINDOWS\System32\ADVAPI32.dll
0x00007ffaa23b0000 - 0x00007ffaa2456000 	C:\WINDOWS\System32\sechost.dll
0x00007ffaa26c0000 - 0x00007ffaa27d8000 	C:\WINDOWS\System32\RPCRT4.dll
0x00007ffaa2330000 - 0x00007ffaa23a4000 	C:\WINDOWS\System32\WS2_32.dll
0x00007ffa9fed0000 - 0x00007ffa9ff2e000 	C:\WINDOWS\SYSTEM32\POWRPROF.dll
0x00007ffa867e0000 - 0x00007ffa86815000 	C:\WINDOWS\SYSTEM32\WINMM.dll
0x00007ffa9e9b0000 - 0x00007ffa9e9bb000 	C:\WINDOWS\SYSTEM32\VERSION.dll
0x00007ffa9feb0000 - 0x00007ffa9fec4000 	C:\WINDOWS\SYSTEM32\UMPDC.dll
0x00007ffa9ee20000 - 0x00007ffa9ee3b000 	C:\WINDOWS\SYSTEM32\kernel.appcore.dll
0x00007ffa87c70000 - 0x00007ffa87c7a000 	C:\Program Files\Android\Android Studio\jbr\bin\jimage.dll
0x00007ffa9d200000 - 0x00007ffa9d442000 	C:\WINDOWS\SYSTEM32\DBGHELP.DLL
0x00007ffaa1980000 - 0x00007ffaa1d06000 	C:\WINDOWS\System32\combase.dll
0x00007ffaa1540000 - 0x00007ffaa1616000 	C:\WINDOWS\System32\OLEAUT32.dll
0x00007ffa7c8f0000 - 0x00007ffa7c92c000 	C:\WINDOWS\SYSTEM32\dbgcore.DLL
0x00007ffaa01a0000 - 0x00007ffaa0245000 	C:\WINDOWS\System32\bcryptPrimitives.dll
0x00007ffa87660000 - 0x00007ffa8766e000 	C:\Program Files\Android\Android Studio\jbr\bin\instrument.dll
0x00007ffa874c0000 - 0x00007ffa874e0000 	C:\Program Files\Android\Android Studio\jbr\bin\java.dll
0x00007ffa75030000 - 0x00007ffa75048000 	C:\Program Files\Android\Android Studio\jbr\bin\zip.dll
0x00007ffaa0de0000 - 0x00007ffaa1533000 	C:\WINDOWS\System32\SHELL32.dll
0x00007ffaa0710000 - 0x00007ffaa087a000 	C:\WINDOWS\System32\wintypes.dll
0x00007ffa9d9c0000 - 0x00007ffa9e21e000 	C:\WINDOWS\SYSTEM32\windows.storage.dll
0x00007ffaa1880000 - 0x00007ffaa1975000 	C:\WINDOWS\System32\SHCORE.dll
0x00007ffaa1810000 - 0x00007ffaa1876000 	C:\WINDOWS\System32\shlwapi.dll
0x00007ffa9ff90000 - 0x00007ffa9ffb9000 	C:\WINDOWS\SYSTEM32\profapi.dll
0x00007ffa855d0000 - 0x00007ffa855e0000 	C:\Program Files\Android\Android Studio\jbr\bin\net.dll
0x00007ffa96da0000 - 0x00007ffa96ec8000 	C:\WINDOWS\SYSTEM32\WINHTTP.dll
0x00007ffa9f390000 - 0x00007ffa9f3fb000 	C:\WINDOWS\system32\mswsock.dll
0x00007ffa691a0000 - 0x00007ffa691b6000 	C:\Program Files\Android\Android Studio\jbr\bin\nio.dll
0x00007ffa84e60000 - 0x00007ffa84e70000 	C:\Program Files\Android\Android Studio\jbr\bin\verify.dll
0x00007ffa64c10000 - 0x00007ffa64c37000 	C:\Users\Samsung\.gradle\native\1def1411415f61bf3af743bc5b6707747c0891f09f0c88961ee8f79bc544acac\windows-amd64\native-platform.dll
0x0000000072e90000 - 0x0000000072f03000 	C:\Users\Samsung\.gradle\native\0.2.5\x86_64-windows-gnu\gradle-fileevents.dll
0x00007ffa84d60000 - 0x00007ffa84d69000 	C:\Program Files\Android\Android Studio\jbr\bin\management.dll
0x00007ffa84910000 - 0x00007ffa8491b000 	C:\Program Files\Android\Android Studio\jbr\bin\management_ext.dll
0x00007ffaa1800000 - 0x00007ffaa1808000 	C:\WINDOWS\System32\PSAPI.DLL
0x00007ffa9f650000 - 0x00007ffa9f66b000 	C:\WINDOWS\SYSTEM32\CRYPTSP.dll
0x00007ffa9ed80000 - 0x00007ffa9edba000 	C:\WINDOWS\system32\rsaenh.dll
0x00007ffa9f440000 - 0x00007ffa9f46b000 	C:\WINDOWS\SYSTEM32\USERENV.dll
0x00007ffa9ff60000 - 0x00007ffa9ff8a000 	C:\WINDOWS\SYSTEM32\bcrypt.dll
0x00007ffa9f670000 - 0x00007ffa9f67c000 	C:\WINDOWS\SYSTEM32\CRYPTBASE.dll
0x00007ffa9e600000 - 0x00007ffa9e634000 	C:\WINDOWS\SYSTEM32\IPHLPAPI.DLL
0x00007ffaa2ad0000 - 0x00007ffaa2ada000 	C:\WINDOWS\System32\NSI.dll
0x00007ffa84440000 - 0x00007ffa84449000 	C:\Program Files\Android\Android Studio\jbr\bin\extnet.dll
0x00007ffa8d0e0000 - 0x00007ffa8d0e8000 	C:\WINDOWS\system32\wshunix.dll
0x0000000072e10000 - 0x0000000072e83000 	C:\Users\Samsung\AppData\Local\Temp\native-platform6573953390083095930dir\gradle-fileevents.dll
0x00007ffa9ef40000 - 0x00007ffa9ef76000 	C:\WINDOWS\SYSTEM32\ntmarta.dll
0x00007ffa9e640000 - 0x00007ffa9e76c000 	C:\WINDOWS\SYSTEM32\DNSAPI.dll
0x00007ffa8ce90000 - 0x00007ffa8ce9b000 	C:\Windows\System32\rasadhlp.dll
0x00007ffa997d0000 - 0x00007ffa99856000 	C:\WINDOWS\System32\fwpuclnt.dll

dbghelp: loaded successfully - version: 4.0.5 - missing functions: none
symbol engine: initialized successfully - sym options: 0x614 - pdb path: .;C:\Program Files\Android\Android Studio\jbr\bin;C:\WINDOWS\SYSTEM32;C:\WINDOWS\WinSxS\amd64_microsoft.windows.common-controls_6595b64144ccf1df_6.0.26100.7309_none_3e05feeae336a044;C:\Program Files\Android\Android Studio\jbr\bin\server;C:\Users\Samsung\.gradle\native\1def1411415f61bf3af743bc5b6707747c0891f09f0c88961ee8f79bc544acac\windows-amd64;C:\Users\Samsung\.gradle\native\0.2.5\x86_64-windows-gnu;C:\Users\Samsung\AppData\Local\Temp\native-platform6573953390083095930dir

VM Arguments:
jvm_args: --add-opens=java.base/java.lang=ALL-UNNAMED --add-opens=java.base/java.lang.invoke=ALL-UNNAMED --add-opens=java.base/java.util=ALL-UNNAMED --add-opens=java.prefs/java.util.prefs=ALL-UNNAMED --add-exports=jdk.compiler/com.sun.tools.javac.api=ALL-UNNAMED --add-exports=jdk.compiler/com.sun.tools.javac.util=ALL-UNNAMED --add-opens=java.base/java.util=ALL-UNNAMED --add-opens=java.prefs/java.util.prefs=ALL-UNNAMED --add-opens=java.base/java.nio.charset=ALL-UNNAMED --add-opens=java.base/java.net=ALL-UNNAMED --add-opens=java.base/java.util.concurrent.atomic=ALL-UNNAMED --add-opens=java.xml/javax.xml.namespace=ALL-UNNAMED -XX:MaxMetaspaceSize=4G -XX:ReservedCodeCacheSize=512m -XX:+HeapDumpOnOutOfMemoryError -Xmx8G -Dfile.encoding=UTF-8 -Duser.country=IT -Duser.language=it -Duser.variant -javaagent:C:\Users\Samsung\.gradle\wrapper\dists\gradle-8.12-all\ejduaidbjup3bmmkhw3rie4zb\gradle-8.12\lib\agents\gradle-instrumentation-agent-8.12.jar 
java_command: org.gradle.launcher.daemon.bootstrap.GradleDaemon 8.12
java_class_path (initial): C:\Users\Samsung\.gradle\wrapper\dists\gradle-8.12-all\ejduaidbjup3bmmkhw3rie4zb\gradle-8.12\lib\gradle-daemon-main-8.12.jar
Launcher Type: SUN_STANDARD

[Global flags]
     intx CICompilerCount                          = 4                                         {product} {ergonomic}
     uint ConcGCThreads                            = 2                                         {product} {ergonomic}
     uint G1ConcRefinementThreads                  = 8                                         {product} {ergonomic}
   size_t G1HeapRegionSize                         = 4194304                                   {product} {ergonomic}
    uintx GCDrainStackTargetSize                   = 64                                        {product} {ergonomic}
     bool HeapDumpOnOutOfMemoryError               = true                                   {manageable} {command line}
   size_t InitialHeapSize                          = 130023424                                 {product} {ergonomic}
   size_t MarkStackSize                            = 4194304                                   {product} {ergonomic}
   size_t MaxHeapSize                              = 8589934592                                {product} {command line}
   size_t MaxMetaspaceSize                         = 4294967296                                {product} {command line}
   size_t MaxNewSize                               = 5150605312                                {product} {ergonomic}
   size_t MinHeapDeltaBytes                        = 4194304                                   {product} {ergonomic}
   size_t MinHeapSize                              = 8388608                                   {product} {ergonomic}
    uintx NonNMethodCodeHeapSize                   = 5839372                                {pd product} {ergonomic}
    uintx NonProfiledCodeHeapSize                  = 265515770                              {pd product} {ergonomic}
    uintx ProfiledCodeHeapSize                     = 265515770                              {pd product} {ergonomic}
    uintx ReservedCodeCacheSize                    = 536870912                              {pd product} {command line}
     bool SegmentedCodeCache                       = true                                      {product} {ergonomic}
   size_t SoftMaxHeapSize                          = 8589934592                             {manageable} {ergonomic}
     bool UseCompressedOops                        = true                           {product lp64_product} {ergonomic}
     bool UseG1GC                                  = true                                      {product} {ergonomic}
     bool UseLargePagesIndividualAllocation        = false                                  {pd product} {ergonomic}

Logging:
Log output configuration:
 #0: stdout all=warning uptime,level,tags foldmultilines=false
 #1: stderr all=off uptime,level,tags foldmultilines=false

Environment Variables:
JAVA_HOME=C:\Program Files\Android\Android Studio\jbr
PATH=C:\Program Files\BellSoft\LibericaJDK-21-Full\bin\;C:\Program Files\BellSoft\LibericaJDK-21\bin\;C:\Program Files\Java\jdk-21\bin;C:\Program Files\Microsoft\jdk-17.0.16.8-hotspot\bin;C:\Program Files\Common Files\Oracle\Java\javapath;C:\Program Files (x86)\Common Files\Oracle\Java\javapath;C:\WINDOWS\system32;C:\WINDOWS;C:\WINDOWS\System32\Wbem;C:\WINDOWS\System32\WindowsPowerShell\v1.0\;C:\WINDOWS\System32\OpenSSH\;C:\Program Files\MATLAB\R2022a\bin;C:\Program Files\dotnet\;C:\TDM-GCC-64\bin;C:\Program Files\MySQL\MySQL Shell 8.0\bin\;C:\Users\Samsung\AppData\Local\Microsoft\WindowsApps;C:\Users\warch\AppData\Local\Programs\Microsoft VS Code\bin;C:\Users\warch\Appdata\Local\Programs\Python\Python312;C:\Users\Samsung\AppData\Local\Programs\Microsoft VS Code\bin;C:\Program Files\MySQL\MySQL Server 8.0\bin;C:\Users\Samsung\AppData\Roaming\npm;C:\Users\Samsung\Desktop\Java\flutter\bin;C:\Users\Samsung\AppData\Local\Android\Sdk\platform-tools;C:\Users\Samsung\AppData\Local\Android\Sdk\cmdline-tools\latest\bin;C:\Users\Samsung\AppData\Local\Android\Sdk\emulato;C:\Program Files\WindowsApps\ngrok.ngrok_3.24.0.0_x64__1g87z0zv29zzc;C:\Program Files\Git\cmd;C:\Program Files\nodejs\;C:\Program Files\Docker\Docker\resources\bin;C:\Program Files\MySQL\MySQL Shell 8.0\bin\;C:\Users\Samsung\AppData\Local\Microsoft\WindowsApps;C:\Users\warch\AppData\Local\Programs\Microsoft VS Code\bin;C:\Users\warch\Appdata\Local\Programs\Python\Python312;C:\Users\Samsung\AppData\Local\Programs\Microsoft VS Code\bin;C:\Program Files\MySQL\MySQL Server 8.0\bin;C:\Users\Samsung\Desktop\Java\flutter\bin;C:\Users\Samsung\AppData\Local\Android\Sdk\platform-tools;C:\Users\Samsung\AppData\Local\Android\Sdk\cmdline-tools\latest\bin;C:\Users\Samsung\AppData\Local\Android\Sdk\emulator;C:\Program Files\Android\Android Studio\jbr\bin;C:\Program Files\Java\jdk-21\bin;C:\Users\Samsung\AppData\Local\GitHubDesktop\bin;C:\Users\Samsung\AppData\Roaming\npm
USERNAME=Samsung
OS=Windows_NT
PROCESSOR_IDENTIFIER=Intel64 Family 6 Model 140 Stepping 1, GenuineIntel
TMP=C:\Users\Samsung\AppData\Local\Temp
TEMP=C:\Users\Samsung\AppData\Local\Temp




Periodic native trim disabled

JNI global refs:
JNI global refs: 31, weak refs: 0

JNI global refs memory usage: 835, weak refs: 833

Process memory usage:
Resident Set Size: 365956K (4% of 8105320K total physical memory with 480852K free physical memory)

OOME stack traces (most recent first):
Classloader memory used:
Loader org.gradle.internal.classloader.VisitableURLClassLoader                         : 37421K
Loader bootstrap                                                                       : 28546K
Loader org.gradle.initialization.MixInLegacyTypesClassLoader                           : 11019K
Loader jdk.internal.loader.ClassLoaders$PlatformClassLoader                            : 810K
Loader org.gradle.internal.classloader.VisitableURLClassLoader                         : 256K
Loader jdk.internal.loader.ClassLoaders$AppClassLoader                                 : 231K
Loader jdk.internal.reflect.DelegatingClassLoader                                      : 138K
Loader org.gradle.groovy.scripts.internal.DefaultScriptCompilationHandler$ScriptClassLoader: 68792B
Loader groovy.lang.GroovyClassLoader$InnerLoader                                       : 60704B
Loader org.codehaus.groovy.runtime.callsite.CallSiteClassLoader                        : 6456B

Classes loaded by more than one classloader:
Class org.gradle.api.GradleException                                                  : loaded 3 times (x 80B)
Class org.gradle.api.Action                                                           : loaded 3 times (x 68B)
Class Program                                                                         : loaded 3 times (x 72B)
Class _BuildScript_                                                                   : loaded 3 times (x 171B)
Class org.gradle.internal.classloader.DefaultClassLoaderFactory                       : loaded 2 times (x 80B)
Class org.gradle.internal.classloader.ClassLoaderVisitor                              : loaded 2 times (x 74B)
Class org.gradle.api.internal.classpath.EffectiveClassPath                            : loaded 2 times (x 88B)
Class org.gradle.api.internal.DefaultClassPathProvider                                : loaded 2 times (x 74B)
Class [Lorg.gradle.api.internal.ClassPathProvider;                                    : loaded 2 times (x 67B)
Class org.gradle.api.internal.ClassPathProvider                                       : loaded 2 times (x 68B)
Class org.gradle.internal.service.UnknownServiceException                             : loaded 2 times (x 81B)
Class org.gradle.internal.classpath.TransformedClassPath                              : loaded 2 times (x 94B)
Class org.gradle.internal.classloader.InstrumentingClassLoader                        : loaded 2 times (x 68B)
Class org.gradle.internal.operations.MultipleBuildOperationFailures                   : loaded 2 times (x 93B)
Class org.gradle.internal.service.ServiceLocator                                      : loaded 2 times (x 68B)
Class org.gradle.internal.InternalTransformer                                         : loaded 2 times (x 68B)
Class org.gradle.internal.time.DefaultTimer                                           : loaded 2 times (x 78B)
Class org.gradle.internal.classloader.ClasspathUtil$1                                 : loaded 2 times (x 74B)
Class org.gradle.api.internal.classpath.DefaultModuleRegistry$DefaultModule           : loaded 2 times (x 84B)
Class org.gradle.internal.time.DefaultCountdownTimer                                  : loaded 2 times (x 86B)
Class org.gradle.api.internal.classpath.Module                                        : loaded 2 times (x 68B)
Class org.gradle.api.internal.classpath.UnknownModuleException                        : loaded 2 times (x 80B)
Class org.gradle.api.internal.DefaultClassPathRegistry                                : loaded 2 times (x 74B)
Class org.gradle.api.internal.ClassPathRegistry                                       : loaded 2 times (x 68B)
Class org.gradle.internal.classpath.DefaultClassPath$ImmutableUniqueList              : loaded 2 times (x 197B)
Class org.gradle.api.internal.classpath.ManifestUtil                                  : loaded 2 times (x 69B)
Class org.gradle.internal.classloader.ClassLoaderHierarchy                            : loaded 2 times (x 68B)
Class org.gradle.internal.classpath.ClassPath                                         : loaded 2 times (x 68B)
Class org.gradle.api.UncheckedIOException                                             : loaded 2 times (x 80B)
Class _BuildScript_$_run_closure1                                                     : loaded 2 times (x 130B)
Class org.gradle.internal.installation.GradleInstallation$1                           : loaded 2 times (x 73B)
Class org.gradle.api.internal.classpath.ModuleRegistry                                : loaded 2 times (x 68B)
Class org.gradle.api.internal.classpath.DefaultModuleRegistry                         : loaded 2 times (x 84B)
Class org.gradle.internal.time.MonotonicClock                                         : loaded 2 times (x 75B)
Class org.gradle.internal.service.ServiceLookupException                              : loaded 2 times (x 80B)
Class org.gradle.internal.classloader.ClassLoaderFactory                              : loaded 2 times (x 68B)
Class org.gradle.internal.service.CachingServiceLocator                               : loaded 2 times (x 80B)
Class org.gradle.internal.time.TimeSource                                             : loaded 2 times (x 68B)
Class org.gradle.internal.exceptions.ResolutionProvider                               : loaded 2 times (x 68B)
Class org.gradle.internal.classloader.ClasspathUtil                                   : loaded 2 times (x 69B)
Class org.gradle.internal.time.TimeSource$1                                           : loaded 2 times (x 75B)
Class org.gradle.api.specs.Spec                                                       : loaded 2 times (x 68B)
Class org.gradle.internal.time.Clock                                                  : loaded 2 times (x 68B)
Class _BuildScript_$_run_closure1$_closure2                                           : loaded 2 times (x 130B)
Class org.gradle.internal.classloader.VisitableURLClassLoader$InstrumentingVisitableURLClassLoader: loaded 2 times (x 121B)
Class org.gradle.internal.classloader.VisitableURLClassLoader$Spec                    : loaded 2 times (x 72B)
Class org.gradle.internal.classpath.DefaultClassPath                                  : loaded 2 times (x 88B)
Class org.gradle.internal.classloader.ClassLoaderSpec                                 : loaded 2 times (x 69B)
Class Settings_gradle$1$1                                                             : loaded 2 times (x 72B)
Class org.gradle.internal.classloader.VisitableURLClassLoader                         : loaded 2 times (x 115B)
Class Settings_gradle                                                                 : loaded 2 times (x 126B)
Class Settings_gradle$1                                                               : loaded 2 times (x 72B)
Class org.gradle.internal.Cast                                                        : loaded 2 times (x 69B)
Class org.gradle.internal.classpath.DefaultClassPath$ImmutableUniqueList$Builder      : loaded 2 times (x 73B)
Class org.gradle.internal.classloader.FilteringClassLoader                            : loaded 2 times (x 103B)
Class org.gradle.internal.exceptions.NonGradleCauseExceptionsHolder                   : loaded 2 times (x 68B)
Class org.gradle.internal.IoActions                                                   : loaded 2 times (x 69B)
Class org.gradle.internal.classloader.SystemClassLoaderSpec                           : loaded 2 times (x 69B)
Class org.gradle.internal.exceptions.MultiCauseException                              : loaded 2 times (x 68B)
Class org.gradle.internal.time.CountdownTimer                                         : loaded 2 times (x 68B)
Class org.gradle.tooling.model.ProjectModel                                           : loaded 2 times (x 68B)
Class org.gradle.internal.exceptions.DefaultMultiCauseException                       : loaded 2 times (x 93B)
Class org.gradle.internal.time.Time                                                   : loaded 2 times (x 69B)
Class org.gradle.api.internal.classpath.GlobalCacheRootsProvider                      : loaded 2 times (x 68B)
Class org.gradle.internal.time.Timer                                                  : loaded 2 times (x 68B)
Class org.gradle.internal.installation.CurrentGradleInstallationLocator               : loaded 2 times (x 69B)
Class org.gradle.internal.service.DefaultServiceLocator                               : loaded 2 times (x 81B)
Class org.gradle.util.GradleVersion                                                   : loaded 2 times (x 81B)
Class org.gradle.internal.installation.CurrentGradleInstallation                      : loaded 2 times (x 71B)
Class org.gradle.util.internal.GUtil                                                  : loaded 2 times (x 69B)
Class org.gradle.internal.installation.GradleInstallation                             : loaded 2 times (x 73B)

---------------  S Y S T E M  ---------------

OS:
 Windows 11 , 64 bit Build 26100 (10.0.26100.7623)
OS uptime: 0 days 1:12 hours
Hyper-V role detected

CPU: total 8 (initial active 8) (4 cores per cpu, 2 threads per core) family 6 model 140 stepping 1 microcode 0x8a, cx8, cmov, fxsr, ht, mmx, 3dnowpref, sse, sse2, sse3, ssse3, sse4.1, sse4.2, popcnt, lzcnt, tsc, tscinvbit, avx, avx2, aes, erms, clmul, bmi1, bmi2, adx, avx512f, avx512dq, avx512cd, avx512bw, avx512vl, sha, fma, vzeroupper, avx512_vpopcntdq, avx512_vpclmulqdq, avx512_vaes, avx512_vnni, clflush, clflushopt, clwb, avx512_vbmi2, avx512_vbmi, hv, rdtscp, rdpid, fsrm, gfni, avx512_bitalg, f16c, cet_ibt, cet_ss, avx512_ifma
Processor Information for the first 8 processors :
  Max Mhz: 2419, Current Mhz: 2419, Mhz Limit: 2419

Memory: 4k page, system-wide physical 7915M (464M free)
TotalPageFile size 16107M (AvailPageFile size 41M)
current process WorkingSet (physical memory assigned to process): 357M, peak: 375M
current process commit charge ("private bytes"): 389M, peak: 407M

vm_info: OpenJDK 64-Bit Server VM (21.0.7+-13880790-b1038.58) for windows-amd64 JRE (21.0.7+-13880790-b1038.58), built on 2025-08-04T20:56:21Z by "builder" with MS VC++ 16.10 / 16.11 (VS2019)

END.
